2025-11-17 23:39:20 | INFO | qwen_moe | Logging to file: logs/20251117_233920_training.log
2025-11-17 23:39:20 | INFO | qwen_moe | ================================================================================
2025-11-17 23:39:20 | INFO | qwen_moe | 🚀 STARTING REFINED AVA TRAINING PIPELINE
2025-11-17 23:39:20 | INFO | qwen_moe | ================================================================================
2025-11-17 23:39:20 | INFO | qwen_moe | 
📋 Loading configuration from: /project/code/configs/moe/tiny_moe.yaml
2025-11-17 23:39:20 | INFO | qwen_moe | 
⚙️  Initializing training components...
2025-11-17 23:39:20 | INFO | qwen_moe | 
🤖 Creating model and tokenizer...
2025-11-17 23:39:48 | WARNING | qwen_moe | Could not create OptimizedMoETransformer: CUDA out of memory. Tried to allocate 3.50 GiB. GPU 0 has a total capacity of 23.55 GiB of which 2.00 GiB is free. Including non-PyTorch memory, this process has 21.53 GiB memory in use. Of the allocated memory 21.27 GiB is allocated by PyTorch, and 1.19 MiB is reserved by PyTorch but unallocated. If reserved but unallocated memory is large try setting PYTORCH_CUDA_ALLOC_CONF=expandable_segments:True to avoid fragmentation.  See documentation for Memory Management  (https://pytorch.org/docs/stable/notes/cuda.html#environment-variables), skipping model creation for testing
2025-11-17 23:39:49 | INFO | qwen_moe | 
🖥️  Device: cuda
2025-11-17 23:39:49 | INFO | qwen_moe |    Dtype: torch.bfloat16
2025-11-17 23:39:49 | INFO | qwen_moe | 
📊 Creating dataloaders...
2025-11-17 23:39:49 | INFO | qwen_moe |    (Skipped in simplified test version)
2025-11-17 23:39:49 | INFO | qwen_moe |    Calculated total steps: 62
2025-11-17 23:39:49 | INFO | qwen_moe | 
⚡ Setting up optimizer and learning rate management...
2025-11-17 23:39:49 | INFO | qwen_moe | 
✨ Testing generation quality...
2025-11-17 23:39:49 | INFO | qwen_moe |    (Skipped - model or tokenizer not available)
2025-11-17 23:39:49 | INFO | qwen_moe | 
📈 Skipping validation (no validation loader)
2025-11-17 23:39:49 | INFO | qwen_moe | 
✓ Testing initialization...
2025-11-17 23:39:49 | WARNING | qwen_moe |    ✗ Model creation failed
2025-11-17 23:39:49 | INFO | qwen_moe |    ✓ Tokenizer loaded successfully
2025-11-17 23:39:49 | WARNING | qwen_moe |    ✗ Optimizer creation failed
2025-11-17 23:39:49 | INFO | qwen_moe | 
================================================================================
2025-11-17 23:39:49 | INFO | qwen_moe | ⚠️  Some tests failed or were skipped - check configuration
2025-11-17 23:39:49 | INFO | qwen_moe | ================================================================================
