2025-11-17 23:28:00 | INFO | qwen_moe | Logging to file: logs/20251117_232800_training.log
2025-11-17 23:28:00 | INFO | qwen_moe | ================================================================================
2025-11-17 23:28:00 | INFO | qwen_moe | 🚀 STARTING REFINED AVA TRAINING PIPELINE
2025-11-17 23:28:00 | INFO | qwen_moe | ================================================================================
2025-11-17 23:28:00 | INFO | qwen_moe | 
📋 Loading configuration from: code/configs/moe/minimal_working.yaml
2025-11-17 23:28:00 | INFO | qwen_moe | 
⚙️  Initializing training components...
2025-11-17 23:28:00 | INFO | qwen_moe | 
🤖 Creating model and tokenizer...
2025-11-17 23:28:06 | INFO | qwen_moe | 
🖥️  Device: cuda
2025-11-17 23:28:06 | INFO | qwen_moe |    Dtype: torch.bfloat16
2025-11-17 23:28:06 | INFO | qwen_moe | 
📊 Creating dataloaders...
2025-11-17 23:28:06 | INFO | qwen_moe |    (Skipped in simplified test version)
2025-11-17 23:28:06 | INFO | qwen_moe |    Calculated total steps: 1250
2025-11-17 23:28:06 | INFO | qwen_moe | 
⚡ Setting up optimizer and learning rate management...
2025-11-17 23:28:06 | INFO | qwen_moe |    Created basic AdamW optimizer
2025-11-17 23:28:06 | INFO | qwen_moe | 
✨ Testing generation quality...
2025-11-17 23:28:06 | INFO | qwen_moe |    (Skipped - requires model training setup)
2025-11-17 23:28:06 | INFO | qwen_moe | 
📈 Skipping validation (no validation loader)
2025-11-17 23:28:06 | INFO | qwen_moe | 
✓ Testing initialization...
2025-11-17 23:28:06 | INFO | qwen_moe |    ✓ Model created successfully
2025-11-17 23:28:06 | INFO | qwen_moe |    ✓ Tokenizer loaded successfully
2025-11-17 23:28:06 | INFO | qwen_moe |    ✓ Optimizer created successfully
2025-11-17 23:28:06 | INFO | qwen_moe | 
================================================================================
2025-11-17 23:28:06 | INFO | qwen_moe | ✅ All initialization tests passed - ready for training!
2025-11-17 23:28:06 | INFO | qwen_moe | ================================================================================
