2025-11-18 15:51:05 | INFO | ================================================================================
2025-11-18 15:51:05 | INFO | 🚀 STARTING 100M PARAMETER TRAINING
2025-11-18 15:51:05 | INFO | ================================================================================
2025-11-18 15:51:05 | INFO | Device: cuda:0
2025-11-18 15:51:05 | INFO | Distributed: Rank 0/1
2025-11-18 15:51:05 | INFO | Loaded config from /project/code/configs/moe/minimal_working.yaml
2025-11-18 15:51:06 | INFO | ✓ Loaded tokenizer from /project/code/models/tokenizer/enhanced-50680
2025-11-18 15:51:06 | INFO | 
📊 Training Config:
2025-11-18 15:51:06 | INFO |    Epochs: 3
2025-11-18 15:51:06 | INFO |    Batch size: 96
2025-11-18 15:51:06 | INFO |    Learning rate: 9.00e-03
2025-11-18 15:51:06 | INFO |    Gradient accumulation: 1
2025-11-18 15:51:06 | INFO | 
🤖 Creating model...
2025-11-18 15:51:06 | INFO |    Parameters: 58,252,792 (58.3M)
2025-11-18 15:51:06 | INFO | 
⚡ Setting up optimizer and scheduler...
2025-11-18 15:51:06 | INFO | 
📊 Creating dataloaders...
2025-11-18 15:51:06 | INFO | 
================================================================================
2025-11-18 15:51:06 | INFO | 🏋️  STARTING TRAINING
2025-11-18 15:51:06 | INFO | ================================================================================
2025-11-18 15:51:06 | INFO | Epoch 1 | Batch 0/2083 | Loss: 11.0067 | Avg Loss: 11.0067 | LR: 9.81e-04
2025-11-18 15:51:08 | INFO | Epoch 1 | Batch 10/2083 | Loss: 10.9985 | Avg Loss: 10.9986 | LR: 1.79e-03
