2025-11-17 23:50:38 | INFO | ================================================================================
2025-11-17 23:50:38 | INFO | 🚀 STARTING 100M PARAMETER TRAINING
2025-11-17 23:50:38 | INFO | ================================================================================
2025-11-17 23:50:38 | INFO | Device: cuda:0
2025-11-17 23:50:38 | INFO | Distributed: Rank 0/1
2025-11-17 23:50:38 | INFO | Loaded config from code/configs/moe/minimal_working.yaml
2025-11-17 23:50:38 | INFO | 
📊 Training Config:
2025-11-17 23:50:38 | INFO |    Epochs: 3
2025-11-17 23:50:38 | INFO |    Batch size: 2
2025-11-17 23:50:38 | INFO |    Learning rate: 1.00e-04
2025-11-17 23:50:38 | INFO |    Gradient accumulation: 4
2025-11-17 23:50:38 | INFO | 
🤖 Creating model...
2025-11-17 23:50:38 | INFO |    Parameters: 58,252,792 (58.3M)
2025-11-17 23:50:38 | INFO | 
⚡ Setting up optimizer and scheduler...
2025-11-17 23:50:39 | INFO | 
📊 Creating dataloaders...
2025-11-17 23:50:39 | INFO | 
================================================================================
2025-11-17 23:50:39 | INFO | 🏋️  STARTING TRAINING
2025-11-17 23:50:39 | INFO | ================================================================================
2025-11-17 23:50:39 | INFO | Epoch 1 | Batch 0/5000 | Loss: 10.9856 | Avg Loss: 10.9856 | LR: 1.00e-05
2025-11-17 23:50:39 | INFO | Epoch 1 | Batch 5/5000 | Loss: 10.9351 | Avg Loss: 10.9950 | LR: 1.09e-05
2025-11-17 23:50:39 | INFO | Epoch 1 | Batch 10/5000 | Loss: 10.9972 | Avg Loss: 10.9947 | LR: 1.18e-05
2025-11-17 23:50:39 | INFO | Epoch 1 | Batch 15/5000 | Loss: 11.0188 | Avg Loss: 10.9989 | LR: 1.36e-05
2025-11-17 23:50:39 | INFO | Epoch 1 | Batch 20/5000 | Loss: 10.9799 | Avg Loss: 11.0012 | LR: 1.45e-05
2025-11-17 23:50:39 | INFO | Epoch 1 | Batch 25/5000 | Loss: 10.9575 | Avg Loss: 11.0022 | LR: 1.54e-05
2025-11-17 23:50:39 | INFO | Epoch 1 | Batch 30/5000 | Loss: 10.9871 | Avg Loss: 10.9995 | LR: 1.63e-05
2025-11-17 23:50:39 | INFO | Epoch 1 | Batch 35/5000 | Loss: 11.0172 | Avg Loss: 10.9991 | LR: 1.81e-05
2025-11-17 23:50:39 | INFO | Epoch 1 | Batch 40/5000 | Loss: 11.0198 | Avg Loss: 10.9998 | LR: 1.90e-05
2025-11-17 23:50:39 | INFO | Epoch 1 | Batch 45/5000 | Loss: 11.0045 | Avg Loss: 11.0006 | LR: 1.99e-05
2025-11-17 23:50:39 | INFO | Epoch 1 | Batch 50/5000 | Loss: 11.0088 | Avg Loss: 10.9996 | LR: 2.08e-05
2025-11-17 23:50:39 | INFO | Epoch 1 | Batch 55/5000 | Loss: 11.0544 | Avg Loss: 10.9998 | LR: 2.26e-05
2025-11-17 23:50:39 | INFO | Epoch 1 | Batch 60/5000 | Loss: 10.9956 | Avg Loss: 11.0003 | LR: 2.35e-05
2025-11-17 23:50:39 | INFO | Epoch 1 | Batch 65/5000 | Loss: 11.0306 | Avg Loss: 11.0005 | LR: 2.44e-05
2025-11-17 23:50:39 | INFO | Epoch 1 | Batch 70/5000 | Loss: 11.0135 | Avg Loss: 11.0015 | LR: 2.53e-05
2025-11-17 23:50:39 | INFO | Epoch 1 | Batch 75/5000 | Loss: 11.0082 | Avg Loss: 11.0008 | LR: 2.71e-05
2025-11-17 23:50:39 | INFO | Epoch 1 | Batch 80/5000 | Loss: 11.0118 | Avg Loss: 11.0001 | LR: 2.80e-05
2025-11-17 23:50:39 | INFO | Epoch 1 | Batch 85/5000 | Loss: 10.9607 | Avg Loss: 11.0006 | LR: 2.89e-05
2025-11-17 23:50:40 | INFO | Epoch 1 | Batch 90/5000 | Loss: 11.0188 | Avg Loss: 11.0013 | LR: 2.98e-05
2025-11-17 23:50:40 | INFO | Epoch 1 | Batch 95/5000 | Loss: 10.9966 | Avg Loss: 11.0011 | LR: 3.16e-05
2025-11-17 23:50:40 | INFO | Epoch 1 | Batch 100/5000 | Loss: 11.0266 | Avg Loss: 11.0017 | LR: 3.25e-05
2025-11-17 23:50:40 | INFO | Epoch 1 | Batch 105/5000 | Loss: 11.0088 | Avg Loss: 11.0020 | LR: 3.34e-05
2025-11-17 23:50:40 | INFO | Epoch 1 | Batch 110/5000 | Loss: 11.0219 | Avg Loss: 11.0021 | LR: 3.43e-05
2025-11-17 23:50:40 | INFO | Epoch 1 | Batch 115/5000 | Loss: 10.9788 | Avg Loss: 11.0013 | LR: 3.61e-05
2025-11-17 23:50:40 | INFO | Epoch 1 | Batch 120/5000 | Loss: 11.0220 | Avg Loss: 11.0007 | LR: 3.70e-05
2025-11-17 23:50:40 | INFO | Epoch 1 | Batch 125/5000 | Loss: 11.0270 | Avg Loss: 11.0005 | LR: 3.79e-05
2025-11-17 23:50:40 | INFO | Epoch 1 | Batch 130/5000 | Loss: 11.0009 | Avg Loss: 11.0003 | LR: 3.88e-05
2025-11-17 23:50:40 | INFO | Epoch 1 | Batch 135/5000 | Loss: 11.0183 | Avg Loss: 11.0011 | LR: 4.06e-05
2025-11-17 23:50:40 | INFO | Epoch 1 | Batch 140/5000 | Loss: 10.9277 | Avg Loss: 11.0011 | LR: 4.15e-05
2025-11-17 23:50:40 | INFO | Epoch 1 | Batch 145/5000 | Loss: 11.0303 | Avg Loss: 11.0004 | LR: 4.24e-05
2025-11-17 23:50:40 | INFO | Epoch 1 | Batch 150/5000 | Loss: 11.0032 | Avg Loss: 10.9998 | LR: 4.33e-05
2025-11-17 23:50:40 | INFO | Epoch 1 | Batch 155/5000 | Loss: 11.0060 | Avg Loss: 10.9995 | LR: 4.51e-05
2025-11-17 23:50:40 | INFO | Epoch 1 | Batch 160/5000 | Loss: 10.9720 | Avg Loss: 10.9996 | LR: 4.60e-05
2025-11-17 23:50:40 | INFO | Epoch 1 | Batch 165/5000 | Loss: 10.9724 | Avg Loss: 10.9994 | LR: 4.69e-05
2025-11-17 23:50:40 | INFO | Epoch 1 | Batch 170/5000 | Loss: 11.0334 | Avg Loss: 10.9992 | LR: 4.78e-05
2025-11-17 23:50:40 | INFO | Epoch 1 | Batch 175/5000 | Loss: 10.9904 | Avg Loss: 10.9990 | LR: 4.96e-05
2025-11-17 23:50:40 | INFO | Epoch 1 | Batch 180/5000 | Loss: 11.0020 | Avg Loss: 10.9991 | LR: 5.05e-05
2025-11-17 23:50:40 | INFO | Epoch 1 | Batch 185/5000 | Loss: 10.9784 | Avg Loss: 10.9994 | LR: 5.14e-05
2025-11-17 23:50:40 | INFO | Epoch 1 | Batch 190/5000 | Loss: 11.0697 | Avg Loss: 11.0000 | LR: 5.23e-05
2025-11-17 23:50:40 | INFO | Epoch 1 | Batch 195/5000 | Loss: 10.9901 | Avg Loss: 10.9998 | LR: 5.41e-05
2025-11-17 23:50:40 | INFO | Epoch 1 | Batch 200/5000 | Loss: 10.9927 | Avg Loss: 10.9997 | LR: 5.50e-05
2025-11-17 23:50:40 | INFO | Epoch 1 | Batch 205/5000 | Loss: 10.9476 | Avg Loss: 10.9996 | LR: 5.59e-05
2025-11-17 23:50:40 | INFO | Epoch 1 | Batch 210/5000 | Loss: 10.9781 | Avg Loss: 10.9996 | LR: 5.68e-05
2025-11-17 23:50:40 | INFO | Epoch 1 | Batch 215/5000 | Loss: 10.9756 | Avg Loss: 10.9994 | LR: 5.86e-05
2025-11-17 23:50:40 | INFO | Epoch 1 | Batch 220/5000 | Loss: 10.9910 | Avg Loss: 10.9994 | LR: 5.95e-05
2025-11-17 23:50:40 | INFO | Epoch 1 | Batch 225/5000 | Loss: 11.0178 | Avg Loss: 10.9991 | LR: 6.04e-05
2025-11-17 23:50:40 | INFO | Epoch 1 | Batch 230/5000 | Loss: 10.9614 | Avg Loss: 10.9986 | LR: 6.13e-05
2025-11-17 23:50:41 | INFO | Epoch 1 | Batch 235/5000 | Loss: 10.9633 | Avg Loss: 10.9983 | LR: 6.31e-05
2025-11-17 23:50:41 | INFO | Epoch 1 | Batch 240/5000 | Loss: 10.9962 | Avg Loss: 10.9980 | LR: 6.40e-05
2025-11-17 23:50:41 | INFO | Epoch 1 | Batch 245/5000 | Loss: 10.9973 | Avg Loss: 10.9983 | LR: 6.49e-05
2025-11-17 23:50:41 | INFO | Epoch 1 | Batch 250/5000 | Loss: 10.9598 | Avg Loss: 10.9981 | LR: 6.58e-05
2025-11-17 23:50:41 | INFO | Epoch 1 | Batch 255/5000 | Loss: 11.0085 | Avg Loss: 10.9981 | LR: 6.76e-05
2025-11-17 23:50:41 | INFO | Epoch 1 | Batch 260/5000 | Loss: 10.9939 | Avg Loss: 10.9977 | LR: 6.85e-05
2025-11-17 23:50:41 | INFO | Epoch 1 | Batch 265/5000 | Loss: 10.9786 | Avg Loss: 10.9973 | LR: 6.94e-05
2025-11-17 23:50:41 | INFO | Epoch 1 | Batch 270/5000 | Loss: 11.0194 | Avg Loss: 10.9974 | LR: 7.03e-05
2025-11-17 23:50:41 | INFO | Epoch 1 | Batch 275/5000 | Loss: 11.0031 | Avg Loss: 10.9976 | LR: 7.21e-05
2025-11-17 23:50:41 | INFO | Epoch 1 | Batch 280/5000 | Loss: 10.9684 | Avg Loss: 10.9973 | LR: 7.30e-05
2025-11-17 23:50:41 | INFO | Epoch 1 | Batch 285/5000 | Loss: 11.0148 | Avg Loss: 10.9974 | LR: 7.39e-05
2025-11-17 23:50:41 | INFO | Epoch 1 | Batch 290/5000 | Loss: 11.0063 | Avg Loss: 10.9973 | LR: 7.48e-05
2025-11-17 23:50:41 | INFO | Epoch 1 | Batch 295/5000 | Loss: 11.0197 | Avg Loss: 10.9976 | LR: 7.66e-05
2025-11-17 23:50:41 | INFO | Epoch 1 | Batch 300/5000 | Loss: 11.0042 | Avg Loss: 10.9977 | LR: 7.75e-05
2025-11-17 23:50:41 | INFO | Epoch 1 | Batch 305/5000 | Loss: 11.0250 | Avg Loss: 10.9980 | LR: 7.84e-05
2025-11-17 23:50:41 | INFO | Epoch 1 | Batch 310/5000 | Loss: 10.9904 | Avg Loss: 10.9979 | LR: 7.93e-05
2025-11-17 23:50:41 | INFO | Epoch 1 | Batch 315/5000 | Loss: 11.0114 | Avg Loss: 10.9978 | LR: 8.11e-05
2025-11-17 23:50:41 | INFO | Epoch 1 | Batch 320/5000 | Loss: 10.9757 | Avg Loss: 10.9980 | LR: 8.20e-05
2025-11-17 23:50:41 | INFO | Epoch 1 | Batch 325/5000 | Loss: 10.9858 | Avg Loss: 10.9979 | LR: 8.29e-05
2025-11-17 23:50:41 | INFO | Epoch 1 | Batch 330/5000 | Loss: 11.0193 | Avg Loss: 10.9980 | LR: 8.38e-05
2025-11-17 23:50:41 | INFO | Epoch 1 | Batch 335/5000 | Loss: 11.0084 | Avg Loss: 10.9979 | LR: 8.56e-05
2025-11-17 23:50:41 | INFO | Epoch 1 | Batch 340/5000 | Loss: 11.0227 | Avg Loss: 10.9983 | LR: 8.65e-05
2025-11-17 23:50:41 | INFO | Epoch 1 | Batch 345/5000 | Loss: 11.0022 | Avg Loss: 10.9984 | LR: 8.74e-05
2025-11-17 23:50:41 | INFO | Epoch 1 | Batch 350/5000 | Loss: 11.0244 | Avg Loss: 10.9982 | LR: 8.83e-05
2025-11-17 23:50:41 | INFO | Epoch 1 | Batch 355/5000 | Loss: 11.0066 | Avg Loss: 10.9983 | LR: 9.01e-05
2025-11-17 23:50:41 | INFO | Epoch 1 | Batch 360/5000 | Loss: 11.0186 | Avg Loss: 10.9979 | LR: 9.10e-05
2025-11-17 23:50:41 | INFO | Epoch 1 | Batch 365/5000 | Loss: 11.0093 | Avg Loss: 10.9981 | LR: 9.19e-05
2025-11-17 23:50:41 | INFO | Epoch 1 | Batch 370/5000 | Loss: 11.0068 | Avg Loss: 10.9979 | LR: 9.28e-05
2025-11-17 23:50:41 | ERROR | Error in batch 370: [Errno 32] Broken pipe
2025-11-17 23:50:41 | ERROR | Error in batch 371: [Errno 32] Broken pipe
2025-11-17 23:50:41 | ERROR | Error in batch 372: [Errno 32] Broken pipe
2025-11-17 23:50:41 | ERROR | Error in batch 373: [Errno 32] Broken pipe
2025-11-17 23:50:41 | ERROR | Error in batch 374: [Errno 32] Broken pipe
2025-11-17 23:50:42 | INFO | Epoch 1 | Batch 375/5000 | Loss: 11.0028 | Avg Loss: 10.9976 | LR: 9.46e-05
2025-11-17 23:50:42 | ERROR | Error in batch 375: [Errno 32] Broken pipe
2025-11-17 23:50:42 | ERROR | Error in batch 376: [Errno 32] Broken pipe
2025-11-17 23:50:42 | ERROR | Error in batch 377: [Errno 32] Broken pipe
2025-11-17 23:50:42 | ERROR | Error in batch 378: [Errno 32] Broken pipe
2025-11-17 23:50:42 | ERROR | Error in batch 379: [Errno 32] Broken pipe
