2025-11-18 15:22:17 | INFO | ================================================================================
2025-11-18 15:22:17 | INFO | 🚀 STARTING 100M PARAMETER TRAINING
2025-11-18 15:22:17 | INFO | ================================================================================
2025-11-18 15:22:17 | INFO | Device: cuda:0
2025-11-18 15:22:17 | INFO | Distributed: Rank 0/1
2025-11-18 15:22:17 | INFO | Loaded config from /project/code/configs/moe/minimal_working.yaml
2025-11-18 15:22:17 | INFO | 
📊 Training Config:
2025-11-18 15:22:17 | INFO |    Epochs: 3
2025-11-18 15:22:17 | INFO |    Batch size: 86
2025-11-18 15:22:17 | INFO |    Learning rate: 1.00e-04
2025-11-18 15:22:17 | INFO |    Gradient accumulation: 4
2025-11-18 15:22:17 | INFO | 
🤖 Creating model...
2025-11-18 15:22:17 | INFO |    Parameters: 58,252,792 (58.3M)
2025-11-18 15:22:17 | INFO | 
⚡ Setting up optimizer and scheduler...
2025-11-18 15:22:17 | INFO | 
📊 Creating dataloaders...
2025-11-18 15:22:17 | INFO | 
================================================================================
2025-11-18 15:22:17 | INFO | 🏋️  STARTING TRAINING
2025-11-18 15:22:17 | INFO | ================================================================================
2025-11-18 15:22:18 | INFO | Epoch 1 | Batch 0/2325 | Loss: 10.9964 | Avg Loss: 10.9964 | LR: 1.00e-05
2025-11-18 15:22:19 | INFO | Epoch 1 | Batch 10/2325 | Loss: 10.9935 | Avg Loss: 10.9968 | LR: 1.18e-05
2025-11-18 15:22:20 | INFO | Epoch 1 | Batch 20/2325 | Loss: 11.0020 | Avg Loss: 10.9983 | LR: 1.45e-05
2025-11-18 15:22:21 | INFO | Epoch 1 | Batch 30/2325 | Loss: 10.9992 | Avg Loss: 10.9995 | LR: 1.63e-05
2025-11-18 15:22:22 | INFO | Epoch 1 | Batch 40/2325 | Loss: 10.9958 | Avg Loss: 10.9999 | LR: 1.90e-05
2025-11-18 15:22:23 | INFO | 
🎯 Testing generation at step 50...
2025-11-18 15:22:24 | INFO | Generated sequence (first sample): [23403, 29717, 1072, 11492, 22009, 43638, 46941, 13352, 24159, 28922, 25234, 39727, 41393, 49234, 23987, 7398, 27067, 49261, 2243, 44887, 26398, 15234, 22294, 42797, 17617, 12947, 2974, 42064, 20371, 28925, 15853, 19031, 39935, 9374, 7162, 37827, 31459, 2367, 37008, 37590, 33561, 17657, 20012, 30658, 5805, 11480, 15818, 49540, 49079, 27198]
2025-11-18 15:22:24 | INFO | ✓ Generation test complete

2025-11-18 15:22:24 | INFO | Epoch 1 | Batch 50/2325 | Loss: 10.9996 | Avg Loss: 10.9999 | LR: 2.08e-05
2025-11-18 15:22:25 | INFO | Epoch 1 | Batch 60/2325 | Loss: 11.0036 | Avg Loss: 11.0001 | LR: 2.35e-05
2025-11-18 15:22:26 | INFO | Epoch 1 | Batch 70/2325 | Loss: 10.9978 | Avg Loss: 11.0001 | LR: 2.53e-05
2025-11-18 15:22:27 | INFO | Epoch 1 | Batch 80/2325 | Loss: 10.9992 | Avg Loss: 11.0000 | LR: 2.80e-05
2025-11-18 15:22:28 | INFO | Epoch 1 | Batch 90/2325 | Loss: 11.0074 | Avg Loss: 11.0000 | LR: 2.98e-05
2025-11-18 15:22:29 | INFO | 
🎯 Testing generation at step 100...
2025-11-18 15:22:29 | INFO | Generated sequence (first sample): [3651, 37576, 10647, 1295, 12869, 36817, 6935, 31912, 46783, 27201, 22161, 43872, 30893, 2234, 32855, 9927, 27424, 33541, 49943, 36681, 1042, 49682, 34303, 13467, 30769, 49432, 26846, 29770, 35426, 43917, 29613, 49122, 37866, 47194, 48778, 48871, 3274, 36039, 45951, 6207, 8950, 46794, 11861, 11090, 14711, 8593, 31217, 12481, 43165, 17080]
2025-11-18 15:22:29 | INFO | ✓ Generation test complete

2025-11-18 15:22:29 | INFO | Epoch 1 | Batch 100/2325 | Loss: 11.0079 | Avg Loss: 11.0002 | LR: 3.25e-05
2025-11-18 15:22:31 | INFO | Epoch 1 | Batch 110/2325 | Loss: 11.0053 | Avg Loss: 11.0002 | LR: 3.43e-05
2025-11-18 15:22:32 | INFO | Epoch 1 | Batch 120/2325 | Loss: 10.9994 | Avg Loss: 11.0003 | LR: 3.70e-05
2025-11-18 15:22:33 | INFO | Epoch 1 | Batch 130/2325 | Loss: 10.9944 | Avg Loss: 11.0002 | LR: 3.88e-05
2025-11-18 15:22:34 | INFO | Epoch 1 | Batch 140/2325 | Loss: 10.9975 | Avg Loss: 11.0000 | LR: 4.15e-05
2025-11-18 15:22:35 | INFO | 
🎯 Testing generation at step 150...
2025-11-18 15:22:35 | INFO | Generated sequence (first sample): [31868, 33670, 3309, 9515, 46652, 4652, 39964, 37897, 18473, 15076, 19463, 32401, 31144, 42861, 6718, 2103, 21948, 43607, 8844, 34195, 3522, 42785, 12784, 4228, 5779, 1776, 18980, 28095, 20394, 47681, 39146, 30383, 15835, 13964, 30671, 43603, 6588, 21802, 44012, 32534, 2404, 1381, 38559, 49718, 50435, 14716, 49976, 11918, 42990, 29537]
2025-11-18 15:22:35 | INFO | ✓ Generation test complete

2025-11-18 15:22:35 | INFO | Epoch 1 | Batch 150/2325 | Loss: 10.9983 | Avg Loss: 10.9999 | LR: 4.33e-05
2025-11-18 15:22:36 | INFO | Epoch 1 | Batch 160/2325 | Loss: 11.0006 | Avg Loss: 10.9998 | LR: 4.60e-05
2025-11-18 15:22:38 | INFO | Epoch 1 | Batch 170/2325 | Loss: 10.9968 | Avg Loss: 10.9998 | LR: 4.78e-05
2025-11-18 15:22:39 | INFO | Epoch 1 | Batch 180/2325 | Loss: 10.9982 | Avg Loss: 10.9998 | LR: 5.05e-05
2025-11-18 15:22:40 | INFO | Epoch 1 | Batch 190/2325 | Loss: 10.9962 | Avg Loss: 10.9997 | LR: 5.23e-05
2025-11-18 15:22:41 | INFO | 
🎯 Testing generation at step 200...
2025-11-18 15:22:41 | INFO | Generated sequence (first sample): [26402, 24050, 36029, 40625, 35045, 11115, 6861, 29515, 46180, 8915, 15864, 36091, 47549, 33904, 11376, 1336, 1542, 25924, 15111, 19465, 37008, 6979, 28574, 43267, 29220, 3141, 36548, 26469, 42347, 2522, 23573, 38583, 40314, 40785, 50468, 49303, 49076, 18671, 45554, 8955, 47687, 45811, 39992, 40401, 24600, 49483, 29936, 19370, 2494, 46443]
2025-11-18 15:22:41 | INFO | ✓ Generation test complete

2025-11-18 15:22:41 | INFO | Epoch 1 | Batch 200/2325 | Loss: 10.9908 | Avg Loss: 10.9996 | LR: 5.50e-05
2025-11-18 15:22:42 | INFO | Epoch 1 | Batch 210/2325 | Loss: 11.0013 | Avg Loss: 10.9996 | LR: 5.68e-05
2025-11-18 15:22:43 | INFO | Epoch 1 | Batch 220/2325 | Loss: 10.9925 | Avg Loss: 10.9996 | LR: 5.95e-05
2025-11-18 15:22:44 | INFO | Epoch 1 | Batch 230/2325 | Loss: 10.9911 | Avg Loss: 10.9996 | LR: 6.13e-05
2025-11-18 15:22:46 | INFO | Epoch 1 | Batch 240/2325 | Loss: 10.9961 | Avg Loss: 10.9995 | LR: 6.40e-05
2025-11-18 15:22:47 | INFO | 
🎯 Testing generation at step 250...
2025-11-18 15:22:47 | INFO | Generated sequence (first sample): [16904, 19380, 28429, 18252, 21623, 47402, 19148, 45682, 8915, 15864, 36091, 47549, 33904, 13046, 25322, 42780, 36214, 24787, 40002, 3857, 9912, 49244, 11252, 9425, 25398, 38979, 32465, 21593, 8816, 9866, 47330, 5806, 24218, 23321, 39424, 50645, 40453, 41686, 38171, 27507, 19050, 9442, 45275, 49381, 50354, 15885, 32819, 10468, 19581, 35980]
2025-11-18 15:22:47 | INFO | ✓ Generation test complete

2025-11-18 15:22:47 | INFO | Epoch 1 | Batch 250/2325 | Loss: 11.0008 | Avg Loss: 10.9994 | LR: 6.58e-05
2025-11-18 15:22:48 | INFO | Epoch 1 | Batch 260/2325 | Loss: 11.0008 | Avg Loss: 10.9995 | LR: 6.85e-05
2025-11-18 15:22:49 | INFO | Epoch 1 | Batch 270/2325 | Loss: 10.9983 | Avg Loss: 10.9994 | LR: 7.03e-05
2025-11-18 15:22:50 | INFO | Epoch 1 | Batch 280/2325 | Loss: 10.9949 | Avg Loss: 10.9994 | LR: 7.30e-05
2025-11-18 15:22:51 | INFO | Epoch 1 | Batch 290/2325 | Loss: 10.9977 | Avg Loss: 10.9994 | LR: 7.48e-05
2025-11-18 15:22:52 | INFO | 
🎯 Testing generation at step 300...
2025-11-18 15:22:53 | INFO | Generated sequence (first sample): [18895, 43853, 35643, 28391, 15319, 45138, 41419, 41876, 42881, 47430, 38719, 5110, 9674, 4884, 27631, 24512, 21057, 33356, 43428, 40523, 36827, 5078, 37816, 19470, 34642, 32184, 11154, 16710, 18014, 27108, 4492, 10635, 23226, 47476, 12672, 25316, 24608, 10394, 4162, 29682, 7957, 39028, 1741, 5729, 14238, 42266, 12044, 28664, 9522, 39443]
2025-11-18 15:22:53 | INFO | ✓ Generation test complete

2025-11-18 15:22:53 | INFO | Epoch 1 | Batch 300/2325 | Loss: 10.9962 | Avg Loss: 10.9994 | LR: 7.75e-05
2025-11-18 15:22:54 | INFO | Epoch 1 | Batch 310/2325 | Loss: 10.9985 | Avg Loss: 10.9993 | LR: 7.93e-05
2025-11-18 15:22:55 | INFO | Epoch 1 | Batch 320/2325 | Loss: 10.9927 | Avg Loss: 10.9993 | LR: 8.20e-05
2025-11-18 15:22:56 | INFO | Epoch 1 | Batch 330/2325 | Loss: 10.9960 | Avg Loss: 10.9991 | LR: 8.38e-05
2025-11-18 15:22:57 | INFO | Epoch 1 | Batch 340/2325 | Loss: 10.9934 | Avg Loss: 10.9990 | LR: 8.65e-05
2025-11-18 15:22:58 | INFO | 
🎯 Testing generation at step 350...
2025-11-18 15:22:58 | INFO | Generated sequence (first sample): [8903, 19651, 49192, 34647, 39082, 17359, 9423, 3071, 5190, 6276, 9448, 45903, 45610, 49595, 17340, 18653, 26186, 22397, 17449, 17131, 33094, 17166, 29977, 3969, 40908, 25546, 30330, 15713, 47713, 41625, 44527, 46750, 25771, 31024, 13919, 14172, 23142, 43228, 24077, 10020, 38503, 10035, 20526, 29794, 50101, 35321, 16880, 15101, 35461, 19674]
2025-11-18 15:22:58 | INFO | ✓ Generation test complete

2025-11-18 15:22:58 | INFO | Epoch 1 | Batch 350/2325 | Loss: 10.9967 | Avg Loss: 10.9990 | LR: 8.83e-05
2025-11-18 15:23:00 | INFO | Epoch 1 | Batch 360/2325 | Loss: 10.9967 | Avg Loss: 10.9988 | LR: 9.10e-05
2025-11-18 15:23:01 | INFO | Epoch 1 | Batch 370/2325 | Loss: 10.9868 | Avg Loss: 10.9987 | LR: 9.28e-05
2025-11-18 15:23:02 | INFO | Epoch 1 | Batch 380/2325 | Loss: 10.9956 | Avg Loss: 10.9986 | LR: 9.55e-05
2025-11-18 15:23:03 | INFO | Epoch 1 | Batch 390/2325 | Loss: 10.9924 | Avg Loss: 10.9985 | LR: 9.73e-05
2025-11-18 15:23:04 | INFO | 
🎯 Testing generation at step 400...
2025-11-18 15:23:04 | INFO | Generated sequence (first sample): [23162, 11286, 48918, 42576, 19205, 49524, 15819, 27334, 27780, 11953, 14491, 31461, 21735, 9188, 9173, 15596, 9527, 42327, 41347, 19985, 1217, 2269, 17509, 49293, 41914, 13121, 50665, 36622, 39204, 10232, 22183, 8107, 20989, 49334, 15214, 31776, 50568, 10163, 48341, 22125, 39100, 1500, 21355, 47288, 6776, 38778, 33865, 28064, 22196, 25616]
2025-11-18 15:23:04 | INFO | ✓ Generation test complete

2025-11-18 15:23:04 | INFO | Epoch 1 | Batch 400/2325 | Loss: 11.0047 | Avg Loss: 10.9984 | LR: 1.00e-04
2025-11-18 15:23:05 | INFO | Epoch 1 | Batch 410/2325 | Loss: 10.9902 | Avg Loss: 10.9983 | LR: 1.00e-04
2025-11-18 15:23:07 | INFO | Epoch 1 | Batch 420/2325 | Loss: 10.9939 | Avg Loss: 10.9981 | LR: 1.00e-04
2025-11-18 15:23:08 | INFO | Epoch 1 | Batch 430/2325 | Loss: 10.9943 | Avg Loss: 10.9980 | LR: 1.00e-04
2025-11-18 15:23:09 | INFO | Epoch 1 | Batch 440/2325 | Loss: 10.9912 | Avg Loss: 10.9978 | LR: 1.00e-04
2025-11-18 15:23:10 | INFO | 
🎯 Testing generation at step 450...
2025-11-18 15:23:10 | INFO | Generated sequence (first sample): [21383, 7137, 7021, 39283, 41457, 44415, 38979, 41073, 1401, 35870, 26124, 39732, 39341, 36421, 13265, 41319, 24259, 17322, 3985, 16287, 39745, 18949, 6863, 27334, 27780, 30197, 24866, 28327, 25362, 5559, 11158, 37503, 31741, 37024, 46105, 46584, 46468, 1629, 31208, 7036, 25762, 31864, 39119, 45436, 40907, 35938, 26024, 1223, 9859, 28216]
2025-11-18 15:23:10 | INFO | ✓ Generation test complete

2025-11-18 15:23:10 | INFO | Epoch 1 | Batch 450/2325 | Loss: 10.9843 | Avg Loss: 10.9975 | LR: 1.00e-04
2025-11-18 15:23:11 | INFO | Epoch 1 | Batch 460/2325 | Loss: 10.9697 | Avg Loss: 10.9971 | LR: 1.00e-04
2025-11-18 15:23:12 | INFO | Epoch 1 | Batch 470/2325 | Loss: 10.9702 | Avg Loss: 10.9967 | LR: 1.00e-04
2025-11-18 15:23:14 | INFO | Epoch 1 | Batch 480/2325 | Loss: 10.9528 | Avg Loss: 10.9960 | LR: 1.00e-04
2025-11-18 15:23:15 | INFO | Epoch 1 | Batch 490/2325 | Loss: 10.9440 | Avg Loss: 10.9950 | LR: 1.00e-04
2025-11-18 15:23:16 | INFO | 
🎯 Testing generation at step 500...
2025-11-18 15:23:16 | INFO | Generated sequence (first sample): [5362, 27396, 38762, 9955, 43254, 15397, 37389, 28327, 28327, 28327, 28327, 28327, 8560, 44024, 24510, 39745, 18949, 32942, 590, 16190, 38733, 29464, 28516, 2973, 13989, 42313, 29509, 30341, 9859, 30341, 9859, 30341, 9859, 30341, 9859, 30341, 9859, 30341, 9859, 30341, 9859, 30341, 9859, 30341, 9859, 30341, 9859, 30341, 9859, 14568]
2025-11-18 15:23:16 | INFO | ✓ Generation test complete

2025-11-18 15:23:16 | INFO | Epoch 1 | Batch 500/2325 | Loss: 10.9197 | Avg Loss: 10.9938 | LR: 9.99e-05
2025-11-18 15:23:17 | INFO | Epoch 1 | Batch 510/2325 | Loss: 10.9057 | Avg Loss: 10.9923 | LR: 9.99e-05
2025-11-18 15:23:18 | INFO | Epoch 1 | Batch 520/2325 | Loss: 10.8913 | Avg Loss: 10.9905 | LR: 9.99e-05
2025-11-18 15:23:19 | INFO | Epoch 1 | Batch 530/2325 | Loss: 10.8828 | Avg Loss: 10.9885 | LR: 9.99e-05
2025-11-18 15:23:20 | INFO | Epoch 1 | Batch 540/2325 | Loss: 10.8743 | Avg Loss: 10.9865 | LR: 9.99e-05
2025-11-18 15:23:21 | INFO | 
🎯 Testing generation at step 550...
2025-11-18 15:23:22 | INFO | Generated sequence (first sample): [38954, 13989, 20594, 11137, 30743, 40383, 13989, 14798, 28733, 17845, 42579, 13989, 14798, 28733, 21123, 49648, 32095, 2304, 9838, 20652, 33958, 21647, 18885, 14212, 12850, 41154, 12850, 41154, 12850, 41154, 12850, 41154, 12850, 41154, 12850, 41154, 12850, 41154, 12850, 41154, 12850, 41154, 12850, 41154, 12850, 41154, 12850, 41154, 12850, 23715]
2025-11-18 15:23:22 | INFO | ✓ Generation test complete

2025-11-18 15:23:22 | INFO | Epoch 1 | Batch 550/2325 | Loss: 10.8665 | Avg Loss: 10.9843 | LR: 9.99e-05
2025-11-18 15:23:23 | INFO | Epoch 1 | Batch 560/2325 | Loss: 10.8587 | Avg Loss: 10.9821 | LR: 9.99e-05
2025-11-18 15:23:24 | INFO | Epoch 1 | Batch 570/2325 | Loss: 10.8549 | Avg Loss: 10.9799 | LR: 9.98e-05
2025-11-18 15:23:25 | INFO | Epoch 1 | Batch 580/2325 | Loss: 10.8508 | Avg Loss: 10.9778 | LR: 9.98e-05
