2025-11-17 23:50:46 | INFO | ================================================================================
2025-11-17 23:50:46 | INFO | 🚀 STARTING 100M PARAMETER TRAINING
2025-11-17 23:50:46 | INFO | ================================================================================
2025-11-17 23:50:46 | INFO | Device: cuda:0
2025-11-17 23:50:46 | INFO | Distributed: Rank 0/1
2025-11-17 23:50:46 | INFO | Loaded config from code/configs/moe/tiny_moe.yaml
2025-11-17 23:50:46 | INFO | 
📊 Training Config:
2025-11-17 23:50:46 | INFO |    Epochs: 3
2025-11-17 23:50:46 | INFO |    Batch size: 32
2025-11-17 23:50:46 | INFO |    Learning rate: 2.00e-03
2025-11-17 23:50:46 | INFO |    Gradient accumulation: 1
2025-11-17 23:50:46 | INFO | 
🤖 Creating model...
2025-11-17 23:50:47 | INFO |    Parameters: 179,422,712 (179.4M)
2025-11-17 23:50:47 | INFO | 
⚡ Setting up optimizer and scheduler...
2025-11-17 23:50:47 | INFO | 
📊 Creating dataloaders...
2025-11-17 23:50:47 | INFO | 
================================================================================
2025-11-17 23:50:47 | INFO | 🏋️  STARTING TRAINING
2025-11-17 23:50:47 | INFO | ================================================================================
2025-11-17 23:50:48 | INFO | Epoch 1 | Batch 0/312 | Loss: 11.0052 | Avg Loss: 11.0052 | LR: 2.02e-04
2025-11-17 23:50:55 | INFO | Epoch 1 | Batch 50/312 | Loss: 10.9720 | Avg Loss: 10.9805 | LR: 2.92e-04
2025-11-17 23:51:03 | INFO | Epoch 1 | Batch 100/312 | Loss: 10.9293 | Avg Loss: 10.9609 | LR: 3.82e-04
2025-11-17 23:51:11 | INFO | Epoch 1 | Batch 150/312 | Loss: 10.9058 | Avg Loss: 10.9444 | LR: 4.72e-04
