2025-11-17 23:43:22 | INFO | ================================================================================
2025-11-17 23:43:22 | INFO | 🚀 STARTING 100M PARAMETER TRAINING
2025-11-17 23:43:22 | INFO | ================================================================================
2025-11-17 23:43:22 | INFO | Device: cuda:0
2025-11-17 23:43:22 | INFO | Distributed: Rank 0/1
2025-11-17 23:43:22 | INFO | 
📊 Training Config:
2025-11-17 23:43:22 | INFO |    Epochs: 2
2025-11-17 23:43:22 | INFO |    Batch size: 4
2025-11-17 23:43:22 | INFO |    Learning rate: 5.00e-05
2025-11-17 23:43:22 | INFO |    Gradient accumulation: 1
2025-11-17 23:43:22 | INFO | 
🤖 Creating model...
2025-11-17 23:43:22 | INFO |    Parameters: 162,951,160 (163.0M)
2025-11-17 23:43:22 | INFO | 
⚡ Setting up optimizer and scheduler...
2025-11-17 23:43:23 | INFO | 
📊 Creating dataloaders...
2025-11-17 23:43:23 | INFO | 
================================================================================
2025-11-17 23:43:23 | INFO | 🏋️  STARTING TRAINING
2025-11-17 23:43:23 | INFO | ================================================================================
2025-11-17 23:43:23 | INFO | Epoch 1 | Batch 0/2500 | Loss: 10.9908 | Avg Loss: 10.9908 | LR: 5.04e-06
2025-11-17 23:43:23 | INFO | Epoch 1 | Batch 5/2500 | Loss: 11.0282 | Avg Loss: 10.9999 | LR: 5.27e-06
2025-11-17 23:43:24 | INFO | Epoch 1 | Batch 10/2500 | Loss: 11.0001 | Avg Loss: 11.0004 | LR: 5.50e-06
2025-11-17 23:43:24 | INFO | Epoch 1 | Batch 15/2500 | Loss: 11.0140 | Avg Loss: 11.0010 | LR: 5.72e-06
2025-11-17 23:43:24 | INFO | Epoch 1 | Batch 20/2500 | Loss: 10.9988 | Avg Loss: 11.0015 | LR: 5.94e-06
2025-11-17 23:43:24 | INFO | Epoch 1 | Batch 25/2500 | Loss: 10.9777 | Avg Loss: 11.0028 | LR: 6.17e-06
2025-11-17 23:43:24 | INFO | Epoch 1 | Batch 30/2500 | Loss: 11.0143 | Avg Loss: 11.0021 | LR: 6.39e-06
2025-11-17 23:43:25 | INFO | Epoch 1 | Batch 35/2500 | Loss: 11.0035 | Avg Loss: 11.0044 | LR: 6.62e-06
2025-11-17 23:43:25 | INFO | Epoch 1 | Batch 40/2500 | Loss: 11.0165 | Avg Loss: 11.0059 | LR: 6.84e-06
2025-11-17 23:43:25 | INFO | Epoch 1 | Batch 45/2500 | Loss: 11.0054 | Avg Loss: 11.0059 | LR: 7.07e-06
2025-11-17 23:43:25 | INFO | Epoch 1 | Batch 50/2500 | Loss: 11.0158 | Avg Loss: 11.0057 | LR: 7.29e-06
2025-11-17 23:43:26 | INFO | Epoch 1 | Batch 55/2500 | Loss: 11.0151 | Avg Loss: 11.0069 | LR: 7.52e-06
2025-11-17 23:43:26 | INFO | Epoch 1 | Batch 60/2500 | Loss: 10.9684 | Avg Loss: 11.0056 | LR: 7.74e-06
2025-11-17 23:43:26 | INFO | Epoch 1 | Batch 65/2500 | Loss: 10.9866 | Avg Loss: 11.0064 | LR: 7.97e-06
2025-11-17 23:43:26 | INFO | Epoch 1 | Batch 70/2500 | Loss: 11.0068 | Avg Loss: 11.0061 | LR: 8.19e-06
2025-11-17 23:43:27 | INFO | Epoch 1 | Batch 75/2500 | Loss: 11.0010 | Avg Loss: 11.0057 | LR: 8.42e-06
2025-11-17 23:43:27 | INFO | Epoch 1 | Batch 80/2500 | Loss: 10.9796 | Avg Loss: 11.0053 | LR: 8.64e-06
2025-11-17 23:43:27 | INFO | Epoch 1 | Batch 85/2500 | Loss: 11.0214 | Avg Loss: 11.0051 | LR: 8.87e-06
2025-11-17 23:43:27 | INFO | Epoch 1 | Batch 90/2500 | Loss: 11.0031 | Avg Loss: 11.0046 | LR: 9.10e-06
2025-11-17 23:43:27 | INFO | Epoch 1 | Batch 95/2500 | Loss: 10.9915 | Avg Loss: 11.0039 | LR: 9.32e-06
2025-11-17 23:43:28 | INFO | Epoch 1 | Batch 100/2500 | Loss: 10.9966 | Avg Loss: 11.0034 | LR: 9.54e-06
2025-11-17 23:43:28 | INFO | Epoch 1 | Batch 105/2500 | Loss: 10.9998 | Avg Loss: 11.0034 | LR: 9.77e-06
2025-11-17 23:43:28 | INFO | Epoch 1 | Batch 110/2500 | Loss: 10.9807 | Avg Loss: 11.0033 | LR: 1.00e-05
2025-11-17 23:43:28 | INFO | Epoch 1 | Batch 115/2500 | Loss: 10.9918 | Avg Loss: 11.0028 | LR: 1.02e-05
2025-11-17 23:43:29 | INFO | Epoch 1 | Batch 120/2500 | Loss: 10.9958 | Avg Loss: 11.0027 | LR: 1.04e-05
2025-11-17 23:43:29 | INFO | Epoch 1 | Batch 125/2500 | Loss: 11.0023 | Avg Loss: 11.0024 | LR: 1.07e-05
2025-11-17 23:43:29 | INFO | Epoch 1 | Batch 130/2500 | Loss: 10.9804 | Avg Loss: 11.0015 | LR: 1.09e-05
2025-11-17 23:43:29 | INFO | Epoch 1 | Batch 135/2500 | Loss: 11.0109 | Avg Loss: 11.0018 | LR: 1.11e-05
2025-11-17 23:43:30 | INFO | Epoch 1 | Batch 140/2500 | Loss: 10.9772 | Avg Loss: 11.0013 | LR: 1.13e-05
2025-11-17 23:43:30 | INFO | Epoch 1 | Batch 145/2500 | Loss: 11.0159 | Avg Loss: 11.0011 | LR: 1.16e-05
2025-11-17 23:43:30 | INFO | Epoch 1 | Batch 150/2500 | Loss: 11.0134 | Avg Loss: 11.0012 | LR: 1.18e-05
2025-11-17 23:43:30 | INFO | Epoch 1 | Batch 155/2500 | Loss: 10.9995 | Avg Loss: 11.0008 | LR: 1.20e-05
2025-11-17 23:43:30 | INFO | Epoch 1 | Batch 160/2500 | Loss: 11.0106 | Avg Loss: 11.0005 | LR: 1.22e-05
2025-11-17 23:43:31 | INFO | Epoch 1 | Batch 165/2500 | Loss: 10.9967 | Avg Loss: 11.0004 | LR: 1.25e-05
2025-11-17 23:43:31 | INFO | Epoch 1 | Batch 170/2500 | Loss: 10.9584 | Avg Loss: 11.0005 | LR: 1.27e-05
2025-11-17 23:43:31 | INFO | Epoch 1 | Batch 175/2500 | Loss: 10.9777 | Avg Loss: 11.0004 | LR: 1.29e-05
2025-11-17 23:43:31 | INFO | Epoch 1 | Batch 180/2500 | Loss: 10.9913 | Avg Loss: 11.0001 | LR: 1.31e-05
2025-11-17 23:43:32 | INFO | Epoch 1 | Batch 185/2500 | Loss: 11.0051 | Avg Loss: 10.9997 | LR: 1.34e-05
2025-11-17 23:43:32 | INFO | Epoch 1 | Batch 190/2500 | Loss: 10.9988 | Avg Loss: 10.9995 | LR: 1.36e-05
2025-11-17 23:43:32 | INFO | Epoch 1 | Batch 195/2500 | Loss: 10.9951 | Avg Loss: 10.9993 | LR: 1.38e-05
2025-11-17 23:43:32 | INFO | Epoch 1 | Batch 200/2500 | Loss: 10.9844 | Avg Loss: 10.9990 | LR: 1.40e-05
2025-11-17 23:43:33 | INFO | Epoch 1 | Batch 205/2500 | Loss: 10.9976 | Avg Loss: 10.9984 | LR: 1.43e-05
2025-11-17 23:43:33 | INFO | Epoch 1 | Batch 210/2500 | Loss: 10.9946 | Avg Loss: 10.9984 | LR: 1.45e-05
2025-11-17 23:43:33 | INFO | Epoch 1 | Batch 215/2500 | Loss: 10.9628 | Avg Loss: 10.9979 | LR: 1.47e-05
2025-11-17 23:43:33 | INFO | Epoch 1 | Batch 220/2500 | Loss: 10.9841 | Avg Loss: 10.9975 | LR: 1.49e-05
2025-11-17 23:43:33 | INFO | Epoch 1 | Batch 225/2500 | Loss: 10.9373 | Avg Loss: 10.9970 | LR: 1.52e-05
2025-11-17 23:43:34 | INFO | Epoch 1 | Batch 230/2500 | Loss: 10.9711 | Avg Loss: 10.9966 | LR: 1.54e-05
2025-11-17 23:43:34 | INFO | Epoch 1 | Batch 235/2500 | Loss: 10.9691 | Avg Loss: 10.9962 | LR: 1.56e-05
2025-11-17 23:43:34 | INFO | Epoch 1 | Batch 240/2500 | Loss: 10.9513 | Avg Loss: 10.9958 | LR: 1.58e-05
2025-11-17 23:43:34 | INFO | Epoch 1 | Batch 245/2500 | Loss: 10.9876 | Avg Loss: 10.9957 | LR: 1.61e-05
2025-11-17 23:43:35 | INFO | Epoch 1 | Batch 250/2500 | Loss: 10.9431 | Avg Loss: 10.9953 | LR: 1.63e-05
2025-11-17 23:43:35 | INFO | Epoch 1 | Batch 255/2500 | Loss: 10.9338 | Avg Loss: 10.9948 | LR: 1.65e-05
2025-11-17 23:43:35 | INFO | Epoch 1 | Batch 260/2500 | Loss: 10.9667 | Avg Loss: 10.9944 | LR: 1.67e-05
2025-11-17 23:43:35 | INFO | Epoch 1 | Batch 265/2500 | Loss: 10.9731 | Avg Loss: 10.9940 | LR: 1.70e-05
2025-11-17 23:43:36 | INFO | Epoch 1 | Batch 270/2500 | Loss: 10.9666 | Avg Loss: 10.9936 | LR: 1.72e-05
2025-11-17 23:43:36 | INFO | Epoch 1 | Batch 275/2500 | Loss: 10.9500 | Avg Loss: 10.9930 | LR: 1.74e-05
2025-11-17 23:43:36 | INFO | Epoch 1 | Batch 280/2500 | Loss: 10.9716 | Avg Loss: 10.9925 | LR: 1.76e-05
2025-11-17 23:43:36 | INFO | Epoch 1 | Batch 285/2500 | Loss: 10.9919 | Avg Loss: 10.9921 | LR: 1.79e-05
2025-11-17 23:43:36 | INFO | Epoch 1 | Batch 290/2500 | Loss: 10.9579 | Avg Loss: 10.9915 | LR: 1.81e-05
2025-11-17 23:43:37 | INFO | Epoch 1 | Batch 295/2500 | Loss: 10.9500 | Avg Loss: 10.9911 | LR: 1.83e-05
2025-11-17 23:43:37 | INFO | Epoch 1 | Batch 300/2500 | Loss: 10.9865 | Avg Loss: 10.9904 | LR: 1.85e-05
2025-11-17 23:43:37 | INFO | Epoch 1 | Batch 305/2500 | Loss: 10.9666 | Avg Loss: 10.9898 | LR: 1.88e-05
2025-11-17 23:43:37 | INFO | Epoch 1 | Batch 310/2500 | Loss: 10.9689 | Avg Loss: 10.9892 | LR: 1.90e-05
2025-11-17 23:43:38 | INFO | Epoch 1 | Batch 315/2500 | Loss: 10.9473 | Avg Loss: 10.9887 | LR: 1.92e-05
2025-11-17 23:43:38 | INFO | Epoch 1 | Batch 320/2500 | Loss: 10.9372 | Avg Loss: 10.9880 | LR: 1.94e-05
2025-11-17 23:43:38 | INFO | Epoch 1 | Batch 325/2500 | Loss: 10.9501 | Avg Loss: 10.9876 | LR: 1.97e-05
2025-11-17 23:43:38 | INFO | Epoch 1 | Batch 330/2500 | Loss: 10.9482 | Avg Loss: 10.9869 | LR: 1.99e-05
2025-11-17 23:43:38 | INFO | Epoch 1 | Batch 335/2500 | Loss: 10.9772 | Avg Loss: 10.9865 | LR: 2.01e-05
2025-11-17 23:43:39 | INFO | Epoch 1 | Batch 340/2500 | Loss: 10.9564 | Avg Loss: 10.9859 | LR: 2.03e-05
2025-11-17 23:43:39 | INFO | Epoch 1 | Batch 345/2500 | Loss: 10.9229 | Avg Loss: 10.9853 | LR: 2.06e-05
2025-11-17 23:43:39 | INFO | Epoch 1 | Batch 350/2500 | Loss: 10.9074 | Avg Loss: 10.9847 | LR: 2.08e-05
2025-11-17 23:43:39 | INFO | Epoch 1 | Batch 355/2500 | Loss: 10.9393 | Avg Loss: 10.9842 | LR: 2.10e-05
2025-11-17 23:43:40 | INFO | Epoch 1 | Batch 360/2500 | Loss: 10.9173 | Avg Loss: 10.9835 | LR: 2.12e-05
2025-11-17 23:43:40 | INFO | Epoch 1 | Batch 365/2500 | Loss: 10.9588 | Avg Loss: 10.9831 | LR: 2.15e-05
2025-11-17 23:43:40 | INFO | Epoch 1 | Batch 370/2500 | Loss: 10.9130 | Avg Loss: 10.9825 | LR: 2.17e-05
2025-11-17 23:43:40 | INFO | Epoch 1 | Batch 375/2500 | Loss: 10.9227 | Avg Loss: 10.9820 | LR: 2.19e-05
2025-11-17 23:43:41 | INFO | Epoch 1 | Batch 380/2500 | Loss: 10.9230 | Avg Loss: 10.9813 | LR: 2.21e-05
2025-11-17 23:43:41 | INFO | Epoch 1 | Batch 385/2500 | Loss: 10.9432 | Avg Loss: 10.9807 | LR: 2.24e-05
2025-11-17 23:43:41 | INFO | Epoch 1 | Batch 390/2500 | Loss: 10.9293 | Avg Loss: 10.9801 | LR: 2.26e-05
2025-11-17 23:43:41 | INFO | Epoch 1 | Batch 395/2500 | Loss: 10.9326 | Avg Loss: 10.9796 | LR: 2.28e-05
2025-11-17 23:43:41 | INFO | Epoch 1 | Batch 400/2500 | Loss: 10.9459 | Avg Loss: 10.9791 | LR: 2.30e-05
2025-11-17 23:43:42 | INFO | Epoch 1 | Batch 405/2500 | Loss: 10.9421 | Avg Loss: 10.9785 | LR: 2.33e-05
2025-11-17 23:43:42 | INFO | Epoch 1 | Batch 410/2500 | Loss: 10.9157 | Avg Loss: 10.9779 | LR: 2.35e-05
2025-11-17 23:43:42 | INFO | Epoch 1 | Batch 415/2500 | Loss: 10.9446 | Avg Loss: 10.9775 | LR: 2.37e-05
2025-11-17 23:43:42 | INFO | Epoch 1 | Batch 420/2500 | Loss: 10.9509 | Avg Loss: 10.9769 | LR: 2.39e-05
2025-11-17 23:43:43 | INFO | Epoch 1 | Batch 425/2500 | Loss: 10.9235 | Avg Loss: 10.9762 | LR: 2.42e-05
2025-11-17 23:43:43 | INFO | Epoch 1 | Batch 430/2500 | Loss: 10.9346 | Avg Loss: 10.9757 | LR: 2.44e-05
2025-11-17 23:43:43 | INFO | Epoch 1 | Batch 435/2500 | Loss: 10.9359 | Avg Loss: 10.9750 | LR: 2.46e-05
2025-11-17 23:43:43 | INFO | Epoch 1 | Batch 440/2500 | Loss: 10.9215 | Avg Loss: 10.9745 | LR: 2.48e-05
2025-11-17 23:43:44 | INFO | Epoch 1 | Batch 445/2500 | Loss: 10.9335 | Avg Loss: 10.9740 | LR: 2.51e-05
2025-11-17 23:43:44 | INFO | Epoch 1 | Batch 450/2500 | Loss: 10.9250 | Avg Loss: 10.9735 | LR: 2.53e-05
2025-11-17 23:43:44 | INFO | Epoch 1 | Batch 455/2500 | Loss: 10.9340 | Avg Loss: 10.9729 | LR: 2.55e-05
2025-11-17 23:43:44 | INFO | Epoch 1 | Batch 460/2500 | Loss: 10.9200 | Avg Loss: 10.9724 | LR: 2.57e-05
2025-11-17 23:43:44 | INFO | Epoch 1 | Batch 465/2500 | Loss: 10.9355 | Avg Loss: 10.9719 | LR: 2.60e-05
2025-11-17 23:43:45 | INFO | Epoch 1 | Batch 470/2500 | Loss: 10.9389 | Avg Loss: 10.9715 | LR: 2.62e-05
2025-11-17 23:43:45 | INFO | Epoch 1 | Batch 475/2500 | Loss: 10.9476 | Avg Loss: 10.9710 | LR: 2.64e-05
2025-11-17 23:43:45 | INFO | Epoch 1 | Batch 480/2500 | Loss: 10.9116 | Avg Loss: 10.9704 | LR: 2.66e-05
2025-11-17 23:43:45 | INFO | Epoch 1 | Batch 485/2500 | Loss: 10.9214 | Avg Loss: 10.9699 | LR: 2.69e-05
2025-11-17 23:43:46 | INFO | Epoch 1 | Batch 490/2500 | Loss: 10.9132 | Avg Loss: 10.9694 | LR: 2.71e-05
2025-11-17 23:43:46 | INFO | Epoch 1 | Batch 495/2500 | Loss: 10.9227 | Avg Loss: 10.9688 | LR: 2.73e-05
2025-11-17 23:43:46 | INFO | Epoch 1 | Batch 500/2500 | Loss: 10.9233 | Avg Loss: 10.9683 | LR: 2.75e-05
2025-11-17 23:43:46 | INFO | Epoch 1 | Batch 505/2500 | Loss: 10.9117 | Avg Loss: 10.9677 | LR: 2.78e-05
2025-11-17 23:43:47 | INFO | Epoch 1 | Batch 510/2500 | Loss: 10.8912 | Avg Loss: 10.9672 | LR: 2.80e-05
2025-11-17 23:43:47 | INFO | Epoch 1 | Batch 515/2500 | Loss: 10.9016 | Avg Loss: 10.9666 | LR: 2.82e-05
2025-11-17 23:43:47 | INFO | Epoch 1 | Batch 520/2500 | Loss: 10.9235 | Avg Loss: 10.9661 | LR: 2.84e-05
2025-11-17 23:43:47 | INFO | Epoch 1 | Batch 525/2500 | Loss: 10.8957 | Avg Loss: 10.9655 | LR: 2.87e-05
2025-11-17 23:43:47 | INFO | Epoch 1 | Batch 530/2500 | Loss: 10.8782 | Avg Loss: 10.9650 | LR: 2.89e-05
2025-11-17 23:43:48 | INFO | Epoch 1 | Batch 535/2500 | Loss: 10.9024 | Avg Loss: 10.9644 | LR: 2.91e-05
2025-11-17 23:43:48 | INFO | Epoch 1 | Batch 540/2500 | Loss: 10.9077 | Avg Loss: 10.9640 | LR: 2.93e-05
2025-11-17 23:43:48 | INFO | Epoch 1 | Batch 545/2500 | Loss: 10.9014 | Avg Loss: 10.9635 | LR: 2.96e-05
2025-11-17 23:43:48 | INFO | Epoch 1 | Batch 550/2500 | Loss: 10.9026 | Avg Loss: 10.9630 | LR: 2.98e-05
2025-11-17 23:43:49 | INFO | Epoch 1 | Batch 555/2500 | Loss: 10.9105 | Avg Loss: 10.9626 | LR: 3.00e-05
2025-11-17 23:43:49 | INFO | Epoch 1 | Batch 560/2500 | Loss: 10.9224 | Avg Loss: 10.9621 | LR: 3.02e-05
2025-11-17 23:43:49 | INFO | Epoch 1 | Batch 565/2500 | Loss: 10.9038 | Avg Loss: 10.9616 | LR: 3.05e-05
2025-11-17 23:43:49 | INFO | Epoch 1 | Batch 570/2500 | Loss: 10.9146 | Avg Loss: 10.9612 | LR: 3.07e-05
2025-11-17 23:43:49 | INFO | Epoch 1 | Batch 575/2500 | Loss: 10.9088 | Avg Loss: 10.9607 | LR: 3.09e-05
2025-11-17 23:43:50 | INFO | Epoch 1 | Batch 580/2500 | Loss: 10.9048 | Avg Loss: 10.9602 | LR: 3.11e-05
2025-11-17 23:43:50 | INFO | Epoch 1 | Batch 585/2500 | Loss: 10.9176 | Avg Loss: 10.9598 | LR: 3.14e-05
2025-11-17 23:43:50 | INFO | Epoch 1 | Batch 590/2500 | Loss: 10.8902 | Avg Loss: 10.9592 | LR: 3.16e-05
2025-11-17 23:43:50 | INFO | Epoch 1 | Batch 595/2500 | Loss: 10.8939 | Avg Loss: 10.9588 | LR: 3.18e-05
2025-11-17 23:43:51 | INFO | Epoch 1 | Batch 600/2500 | Loss: 10.9204 | Avg Loss: 10.9584 | LR: 3.20e-05
2025-11-17 23:43:51 | INFO | Epoch 1 | Batch 605/2500 | Loss: 10.8916 | Avg Loss: 10.9579 | LR: 3.23e-05
2025-11-17 23:43:51 | INFO | Epoch 1 | Batch 610/2500 | Loss: 10.9007 | Avg Loss: 10.9575 | LR: 3.25e-05
2025-11-17 23:43:51 | INFO | Epoch 1 | Batch 615/2500 | Loss: 10.9000 | Avg Loss: 10.9570 | LR: 3.27e-05
2025-11-17 23:43:52 | INFO | Epoch 1 | Batch 620/2500 | Loss: 10.9175 | Avg Loss: 10.9566 | LR: 3.29e-05
2025-11-17 23:43:52 | INFO | Epoch 1 | Batch 625/2500 | Loss: 10.8923 | Avg Loss: 10.9561 | LR: 3.32e-05
2025-11-17 23:43:52 | INFO | Epoch 1 | Batch 630/2500 | Loss: 10.9034 | Avg Loss: 10.9557 | LR: 3.34e-05
2025-11-17 23:43:52 | INFO | Epoch 1 | Batch 635/2500 | Loss: 10.8781 | Avg Loss: 10.9553 | LR: 3.36e-05
2025-11-17 23:43:52 | INFO | Epoch 1 | Batch 640/2500 | Loss: 10.8968 | Avg Loss: 10.9548 | LR: 3.38e-05
2025-11-17 23:43:53 | INFO | Epoch 1 | Batch 645/2500 | Loss: 10.9077 | Avg Loss: 10.9544 | LR: 3.41e-05
2025-11-17 23:43:53 | INFO | Epoch 1 | Batch 650/2500 | Loss: 10.9139 | Avg Loss: 10.9540 | LR: 3.43e-05
2025-11-17 23:43:53 | INFO | Epoch 1 | Batch 655/2500 | Loss: 10.9039 | Avg Loss: 10.9537 | LR: 3.45e-05
2025-11-17 23:43:53 | INFO | Epoch 1 | Batch 660/2500 | Loss: 10.8881 | Avg Loss: 10.9532 | LR: 3.47e-05
2025-11-17 23:43:54 | INFO | Epoch 1 | Batch 665/2500 | Loss: 10.9213 | Avg Loss: 10.9528 | LR: 3.50e-05
2025-11-17 23:43:54 | INFO | Epoch 1 | Batch 670/2500 | Loss: 10.9029 | Avg Loss: 10.9524 | LR: 3.52e-05
2025-11-17 23:43:54 | INFO | Epoch 1 | Batch 675/2500 | Loss: 10.8907 | Avg Loss: 10.9520 | LR: 3.54e-05
2025-11-17 23:43:54 | INFO | Epoch 1 | Batch 680/2500 | Loss: 10.9114 | Avg Loss: 10.9516 | LR: 3.56e-05
2025-11-17 23:43:55 | INFO | Epoch 1 | Batch 685/2500 | Loss: 10.8917 | Avg Loss: 10.9511 | LR: 3.59e-05
2025-11-17 23:43:55 | INFO | Epoch 1 | Batch 690/2500 | Loss: 10.8890 | Avg Loss: 10.9507 | LR: 3.61e-05
2025-11-17 23:43:55 | INFO | Epoch 1 | Batch 695/2500 | Loss: 10.8856 | Avg Loss: 10.9503 | LR: 3.63e-05
2025-11-17 23:43:55 | INFO | Epoch 1 | Batch 700/2500 | Loss: 10.8971 | Avg Loss: 10.9499 | LR: 3.65e-05
2025-11-17 23:43:55 | INFO | Epoch 1 | Batch 705/2500 | Loss: 10.8971 | Avg Loss: 10.9495 | LR: 3.68e-05
2025-11-17 23:43:56 | INFO | Epoch 1 | Batch 710/2500 | Loss: 10.9026 | Avg Loss: 10.9492 | LR: 3.70e-05
2025-11-17 23:43:56 | INFO | Epoch 1 | Batch 715/2500 | Loss: 10.9124 | Avg Loss: 10.9488 | LR: 3.72e-05
2025-11-17 23:43:56 | INFO | Epoch 1 | Batch 720/2500 | Loss: 10.8832 | Avg Loss: 10.9484 | LR: 3.74e-05
2025-11-17 23:43:56 | INFO | Epoch 1 | Batch 725/2500 | Loss: 10.8935 | Avg Loss: 10.9480 | LR: 3.77e-05
2025-11-17 23:43:57 | INFO | Epoch 1 | Batch 730/2500 | Loss: 10.9005 | Avg Loss: 10.9477 | LR: 3.79e-05
2025-11-17 23:43:57 | INFO | Epoch 1 | Batch 735/2500 | Loss: 10.8956 | Avg Loss: 10.9473 | LR: 3.81e-05
2025-11-17 23:43:57 | INFO | Epoch 1 | Batch 740/2500 | Loss: 10.8741 | Avg Loss: 10.9469 | LR: 3.83e-05
2025-11-17 23:43:57 | INFO | Epoch 1 | Batch 745/2500 | Loss: 10.8850 | Avg Loss: 10.9466 | LR: 3.86e-05
2025-11-17 23:43:57 | INFO | Epoch 1 | Batch 750/2500 | Loss: 10.9064 | Avg Loss: 10.9462 | LR: 3.88e-05
2025-11-17 23:43:58 | INFO | Epoch 1 | Batch 755/2500 | Loss: 10.9094 | Avg Loss: 10.9459 | LR: 3.90e-05
2025-11-17 23:43:58 | INFO | Epoch 1 | Batch 760/2500 | Loss: 10.8990 | Avg Loss: 10.9456 | LR: 3.92e-05
2025-11-17 23:43:58 | INFO | Epoch 1 | Batch 765/2500 | Loss: 10.8824 | Avg Loss: 10.9452 | LR: 3.95e-05
2025-11-17 23:43:58 | INFO | Epoch 1 | Batch 770/2500 | Loss: 10.8947 | Avg Loss: 10.9449 | LR: 3.97e-05
2025-11-17 23:43:59 | INFO | Epoch 1 | Batch 775/2500 | Loss: 10.8869 | Avg Loss: 10.9446 | LR: 3.99e-05
2025-11-17 23:43:59 | INFO | Epoch 1 | Batch 780/2500 | Loss: 10.9104 | Avg Loss: 10.9443 | LR: 4.01e-05
2025-11-17 23:43:59 | INFO | Epoch 1 | Batch 785/2500 | Loss: 10.9047 | Avg Loss: 10.9440 | LR: 4.04e-05
2025-11-17 23:43:59 | INFO | Epoch 1 | Batch 790/2500 | Loss: 10.8813 | Avg Loss: 10.9437 | LR: 4.06e-05
2025-11-17 23:43:59 | INFO | Epoch 1 | Batch 795/2500 | Loss: 10.8934 | Avg Loss: 10.9433 | LR: 4.08e-05
2025-11-17 23:44:00 | INFO | Epoch 1 | Batch 800/2500 | Loss: 10.9086 | Avg Loss: 10.9430 | LR: 4.10e-05
2025-11-17 23:44:00 | INFO | Epoch 1 | Batch 805/2500 | Loss: 10.8943 | Avg Loss: 10.9427 | LR: 4.13e-05
2025-11-17 23:44:00 | INFO | Epoch 1 | Batch 810/2500 | Loss: 10.8835 | Avg Loss: 10.9424 | LR: 4.15e-05
2025-11-17 23:44:00 | INFO | Epoch 1 | Batch 815/2500 | Loss: 10.9119 | Avg Loss: 10.9421 | LR: 4.17e-05
2025-11-17 23:44:01 | INFO | Epoch 1 | Batch 820/2500 | Loss: 10.9019 | Avg Loss: 10.9418 | LR: 4.19e-05
2025-11-17 23:44:01 | INFO | Epoch 1 | Batch 825/2500 | Loss: 10.8957 | Avg Loss: 10.9415 | LR: 4.22e-05
2025-11-17 23:44:01 | INFO | Epoch 1 | Batch 830/2500 | Loss: 10.8813 | Avg Loss: 10.9412 | LR: 4.24e-05
2025-11-17 23:44:01 | INFO | Epoch 1 | Batch 835/2500 | Loss: 10.8902 | Avg Loss: 10.9410 | LR: 4.26e-05
2025-11-17 23:44:01 | INFO | Epoch 1 | Batch 840/2500 | Loss: 10.9084 | Avg Loss: 10.9407 | LR: 4.28e-05
2025-11-17 23:44:02 | INFO | Epoch 1 | Batch 845/2500 | Loss: 10.9149 | Avg Loss: 10.9404 | LR: 4.31e-05
2025-11-17 23:44:02 | INFO | Epoch 1 | Batch 850/2500 | Loss: 10.9070 | Avg Loss: 10.9401 | LR: 4.33e-05
2025-11-17 23:44:02 | INFO | Epoch 1 | Batch 855/2500 | Loss: 10.8649 | Avg Loss: 10.9398 | LR: 4.35e-05
2025-11-17 23:44:02 | INFO | Epoch 1 | Batch 860/2500 | Loss: 10.9026 | Avg Loss: 10.9395 | LR: 4.37e-05
2025-11-17 23:44:03 | INFO | Epoch 1 | Batch 865/2500 | Loss: 10.8941 | Avg Loss: 10.9392 | LR: 4.40e-05
2025-11-17 23:44:03 | INFO | Epoch 1 | Batch 870/2500 | Loss: 10.8858 | Avg Loss: 10.9389 | LR: 4.42e-05
2025-11-17 23:44:03 | INFO | Epoch 1 | Batch 875/2500 | Loss: 10.9022 | Avg Loss: 10.9387 | LR: 4.44e-05
2025-11-17 23:44:03 | INFO | Epoch 1 | Batch 880/2500 | Loss: 10.9047 | Avg Loss: 10.9384 | LR: 4.46e-05
2025-11-17 23:44:03 | INFO | Epoch 1 | Batch 885/2500 | Loss: 10.8921 | Avg Loss: 10.9382 | LR: 4.49e-05
2025-11-17 23:44:04 | INFO | Epoch 1 | Batch 890/2500 | Loss: 10.8750 | Avg Loss: 10.9379 | LR: 4.51e-05
2025-11-17 23:44:04 | INFO | Epoch 1 | Batch 895/2500 | Loss: 10.8942 | Avg Loss: 10.9377 | LR: 4.53e-05
2025-11-17 23:44:04 | INFO | Epoch 1 | Batch 900/2500 | Loss: 10.9008 | Avg Loss: 10.9374 | LR: 4.55e-05
2025-11-17 23:44:04 | INFO | Epoch 1 | Batch 905/2500 | Loss: 10.8867 | Avg Loss: 10.9372 | LR: 4.58e-05
2025-11-17 23:44:05 | INFO | Epoch 1 | Batch 910/2500 | Loss: 10.8804 | Avg Loss: 10.9370 | LR: 4.60e-05
2025-11-17 23:44:05 | INFO | Epoch 1 | Batch 915/2500 | Loss: 10.8870 | Avg Loss: 10.9368 | LR: 4.62e-05
2025-11-17 23:44:05 | INFO | Epoch 1 | Batch 920/2500 | Loss: 10.9000 | Avg Loss: 10.9366 | LR: 4.64e-05
2025-11-17 23:44:05 | INFO | Epoch 1 | Batch 925/2500 | Loss: 10.8901 | Avg Loss: 10.9364 | LR: 4.67e-05
2025-11-17 23:44:06 | INFO | Epoch 1 | Batch 930/2500 | Loss: 10.9053 | Avg Loss: 10.9361 | LR: 4.69e-05
2025-11-17 23:44:06 | INFO | Epoch 1 | Batch 935/2500 | Loss: 10.8852 | Avg Loss: 10.9359 | LR: 4.71e-05
2025-11-17 23:44:06 | INFO | Epoch 1 | Batch 940/2500 | Loss: 10.8770 | Avg Loss: 10.9356 | LR: 4.73e-05
2025-11-17 23:44:06 | INFO | Epoch 1 | Batch 945/2500 | Loss: 10.9034 | Avg Loss: 10.9354 | LR: 4.76e-05
2025-11-17 23:44:06 | INFO | Epoch 1 | Batch 950/2500 | Loss: 10.8896 | Avg Loss: 10.9352 | LR: 4.78e-05
2025-11-17 23:44:07 | INFO | Epoch 1 | Batch 955/2500 | Loss: 10.8941 | Avg Loss: 10.9351 | LR: 4.80e-05
2025-11-17 23:44:07 | INFO | Epoch 1 | Batch 960/2500 | Loss: 10.8814 | Avg Loss: 10.9348 | LR: 4.82e-05
2025-11-17 23:44:07 | INFO | Epoch 1 | Batch 965/2500 | Loss: 10.8821 | Avg Loss: 10.9345 | LR: 4.85e-05
2025-11-17 23:44:07 | INFO | Epoch 1 | Batch 970/2500 | Loss: 10.9009 | Avg Loss: 10.9343 | LR: 4.87e-05
2025-11-17 23:44:08 | INFO | Epoch 1 | Batch 975/2500 | Loss: 10.8845 | Avg Loss: 10.9340 | LR: 4.89e-05
2025-11-17 23:44:08 | INFO | Epoch 1 | Batch 980/2500 | Loss: 10.8909 | Avg Loss: 10.9338 | LR: 4.91e-05
2025-11-17 23:44:08 | INFO | Epoch 1 | Batch 985/2500 | Loss: 10.8965 | Avg Loss: 10.9336 | LR: 4.94e-05
2025-11-17 23:44:08 | INFO | Epoch 1 | Batch 990/2500 | Loss: 10.8991 | Avg Loss: 10.9333 | LR: 4.96e-05
2025-11-17 23:44:08 | INFO | Epoch 1 | Batch 995/2500 | Loss: 10.8919 | Avg Loss: 10.9331 | LR: 4.98e-05
2025-11-17 23:44:09 | INFO | Epoch 1 | Batch 1000/2500 | Loss: 10.8852 | Avg Loss: 10.9329 | LR: 5.00e-05
2025-11-17 23:44:09 | INFO | Epoch 1 | Batch 1005/2500 | Loss: 10.8866 | Avg Loss: 10.9327 | LR: 5.00e-05
2025-11-17 23:44:09 | INFO | Epoch 1 | Batch 1010/2500 | Loss: 10.8911 | Avg Loss: 10.9325 | LR: 5.00e-05
2025-11-17 23:44:09 | INFO | Epoch 1 | Batch 1015/2500 | Loss: 10.8860 | Avg Loss: 10.9323 | LR: 5.00e-05
2025-11-17 23:44:10 | INFO | Epoch 1 | Batch 1020/2500 | Loss: 10.8859 | Avg Loss: 10.9321 | LR: 5.00e-05
2025-11-17 23:44:10 | INFO | Epoch 1 | Batch 1025/2500 | Loss: 10.8945 | Avg Loss: 10.9319 | LR: 5.00e-05
2025-11-17 23:44:10 | INFO | Epoch 1 | Batch 1030/2500 | Loss: 10.8929 | Avg Loss: 10.9317 | LR: 5.00e-05
2025-11-17 23:44:10 | INFO | Epoch 1 | Batch 1035/2500 | Loss: 10.8935 | Avg Loss: 10.9315 | LR: 5.00e-05
2025-11-17 23:44:10 | INFO | Epoch 1 | Batch 1040/2500 | Loss: 10.9076 | Avg Loss: 10.9313 | LR: 5.00e-05
2025-11-17 23:44:11 | INFO | Epoch 1 | Batch 1045/2500 | Loss: 10.8888 | Avg Loss: 10.9311 | LR: 5.00e-05
2025-11-17 23:44:11 | INFO | Epoch 1 | Batch 1050/2500 | Loss: 10.8885 | Avg Loss: 10.9309 | LR: 5.00e-05
2025-11-17 23:44:11 | INFO | Epoch 1 | Batch 1055/2500 | Loss: 10.9037 | Avg Loss: 10.9308 | LR: 5.00e-05
2025-11-17 23:44:11 | INFO | Epoch 1 | Batch 1060/2500 | Loss: 10.8916 | Avg Loss: 10.9306 | LR: 5.00e-05
2025-11-17 23:44:12 | INFO | Epoch 1 | Batch 1065/2500 | Loss: 10.8887 | Avg Loss: 10.9304 | LR: 5.00e-05
2025-11-17 23:44:12 | INFO | Epoch 1 | Batch 1070/2500 | Loss: 10.8790 | Avg Loss: 10.9302 | LR: 5.00e-05
2025-11-17 23:44:12 | INFO | Epoch 1 | Batch 1075/2500 | Loss: 10.9065 | Avg Loss: 10.9301 | LR: 5.00e-05
2025-11-17 23:44:12 | INFO | Epoch 1 | Batch 1080/2500 | Loss: 10.9020 | Avg Loss: 10.9299 | LR: 4.99e-05
2025-11-17 23:44:12 | INFO | Epoch 1 | Batch 1085/2500 | Loss: 10.8768 | Avg Loss: 10.9297 | LR: 4.99e-05
2025-11-17 23:44:13 | INFO | Epoch 1 | Batch 1090/2500 | Loss: 10.9012 | Avg Loss: 10.9296 | LR: 4.99e-05
2025-11-17 23:44:13 | INFO | Epoch 1 | Batch 1095/2500 | Loss: 10.8939 | Avg Loss: 10.9294 | LR: 4.99e-05
2025-11-17 23:44:13 | INFO | Epoch 1 | Batch 1100/2500 | Loss: 10.8945 | Avg Loss: 10.9292 | LR: 4.99e-05
2025-11-17 23:44:13 | INFO | Epoch 1 | Batch 1105/2500 | Loss: 10.8956 | Avg Loss: 10.9290 | LR: 4.99e-05
2025-11-17 23:44:14 | INFO | Epoch 1 | Batch 1110/2500 | Loss: 10.8583 | Avg Loss: 10.9288 | LR: 4.99e-05
2025-11-17 23:44:14 | INFO | Epoch 1 | Batch 1115/2500 | Loss: 10.8763 | Avg Loss: 10.9286 | LR: 4.99e-05
2025-11-17 23:44:14 | INFO | Epoch 1 | Batch 1120/2500 | Loss: 10.9139 | Avg Loss: 10.9285 | LR: 4.99e-05
2025-11-17 23:44:14 | INFO | Epoch 1 | Batch 1125/2500 | Loss: 10.8889 | Avg Loss: 10.9283 | LR: 4.99e-05
2025-11-17 23:44:14 | INFO | Epoch 1 | Batch 1130/2500 | Loss: 10.8724 | Avg Loss: 10.9281 | LR: 4.99e-05
2025-11-17 23:44:15 | INFO | Epoch 1 | Batch 1135/2500 | Loss: 10.8913 | Avg Loss: 10.9280 | LR: 4.99e-05
2025-11-17 23:44:15 | INFO | Epoch 1 | Batch 1140/2500 | Loss: 10.9033 | Avg Loss: 10.9278 | LR: 4.98e-05
2025-11-17 23:44:15 | INFO | Epoch 1 | Batch 1145/2500 | Loss: 10.8853 | Avg Loss: 10.9277 | LR: 4.98e-05
2025-11-17 23:44:15 | INFO | Epoch 1 | Batch 1150/2500 | Loss: 10.9014 | Avg Loss: 10.9275 | LR: 4.98e-05
2025-11-17 23:44:16 | INFO | Epoch 1 | Batch 1155/2500 | Loss: 10.9008 | Avg Loss: 10.9273 | LR: 4.98e-05
2025-11-17 23:44:16 | INFO | Epoch 1 | Batch 1160/2500 | Loss: 10.8918 | Avg Loss: 10.9272 | LR: 4.98e-05
2025-11-17 23:44:16 | INFO | Epoch 1 | Batch 1165/2500 | Loss: 10.8962 | Avg Loss: 10.9270 | LR: 4.98e-05
2025-11-17 23:44:16 | INFO | Epoch 1 | Batch 1170/2500 | Loss: 10.8907 | Avg Loss: 10.9269 | LR: 4.98e-05
2025-11-17 23:44:17 | INFO | Epoch 1 | Batch 1175/2500 | Loss: 10.9056 | Avg Loss: 10.9267 | LR: 4.98e-05
2025-11-17 23:44:17 | INFO | Epoch 1 | Batch 1180/2500 | Loss: 10.8815 | Avg Loss: 10.9266 | LR: 4.97e-05
2025-11-17 23:44:17 | INFO | Epoch 1 | Batch 1185/2500 | Loss: 10.8878 | Avg Loss: 10.9264 | LR: 4.97e-05
2025-11-17 23:44:17 | INFO | Epoch 1 | Batch 1190/2500 | Loss: 10.8788 | Avg Loss: 10.9263 | LR: 4.97e-05
2025-11-17 23:44:17 | INFO | Epoch 1 | Batch 1195/2500 | Loss: 10.9031 | Avg Loss: 10.9261 | LR: 4.97e-05
2025-11-17 23:44:18 | INFO | Epoch 1 | Batch 1200/2500 | Loss: 10.8831 | Avg Loss: 10.9260 | LR: 4.97e-05
2025-11-17 23:44:18 | INFO | Epoch 1 | Batch 1205/2500 | Loss: 10.9138 | Avg Loss: 10.9258 | LR: 4.97e-05
2025-11-17 23:44:18 | INFO | Epoch 1 | Batch 1210/2500 | Loss: 10.8771 | Avg Loss: 10.9257 | LR: 4.97e-05
2025-11-17 23:44:18 | INFO | Epoch 1 | Batch 1215/2500 | Loss: 10.9011 | Avg Loss: 10.9255 | LR: 4.96e-05
2025-11-17 23:44:19 | INFO | Epoch 1 | Batch 1220/2500 | Loss: 10.8875 | Avg Loss: 10.9254 | LR: 4.96e-05
2025-11-17 23:44:19 | INFO | Epoch 1 | Batch 1225/2500 | Loss: 10.8909 | Avg Loss: 10.9252 | LR: 4.96e-05
2025-11-17 23:44:19 | INFO | Epoch 1 | Batch 1230/2500 | Loss: 10.8823 | Avg Loss: 10.9250 | LR: 4.96e-05
2025-11-17 23:44:19 | INFO | Epoch 1 | Batch 1235/2500 | Loss: 10.8998 | Avg Loss: 10.9249 | LR: 4.96e-05
2025-11-17 23:44:19 | INFO | Epoch 1 | Batch 1240/2500 | Loss: 10.8728 | Avg Loss: 10.9247 | LR: 4.96e-05
2025-11-17 23:44:20 | INFO | Epoch 1 | Batch 1245/2500 | Loss: 10.8912 | Avg Loss: 10.9246 | LR: 4.95e-05
2025-11-17 23:44:20 | INFO | Epoch 1 | Batch 1250/2500 | Loss: 10.8909 | Avg Loss: 10.9245 | LR: 4.95e-05
2025-11-17 23:44:20 | INFO | Epoch 1 | Batch 1255/2500 | Loss: 10.8857 | Avg Loss: 10.9243 | LR: 4.95e-05
2025-11-17 23:44:20 | INFO | Epoch 1 | Batch 1260/2500 | Loss: 10.8989 | Avg Loss: 10.9242 | LR: 4.95e-05
2025-11-17 23:44:21 | INFO | Epoch 1 | Batch 1265/2500 | Loss: 10.8981 | Avg Loss: 10.9241 | LR: 4.95e-05
2025-11-17 23:44:21 | INFO | Epoch 1 | Batch 1270/2500 | Loss: 10.8815 | Avg Loss: 10.9240 | LR: 4.94e-05
2025-11-17 23:44:21 | INFO | Epoch 1 | Batch 1275/2500 | Loss: 10.8808 | Avg Loss: 10.9239 | LR: 4.94e-05
2025-11-17 23:44:21 | INFO | Epoch 1 | Batch 1280/2500 | Loss: 10.8867 | Avg Loss: 10.9237 | LR: 4.94e-05
2025-11-17 23:44:21 | INFO | Epoch 1 | Batch 1285/2500 | Loss: 10.8640 | Avg Loss: 10.9235 | LR: 4.94e-05
2025-11-17 23:44:22 | INFO | Epoch 1 | Batch 1290/2500 | Loss: 10.8988 | Avg Loss: 10.9234 | LR: 4.93e-05
2025-11-17 23:44:22 | INFO | Epoch 1 | Batch 1295/2500 | Loss: 10.8995 | Avg Loss: 10.9233 | LR: 4.93e-05
2025-11-17 23:44:22 | INFO | Epoch 1 | Batch 1300/2500 | Loss: 10.8893 | Avg Loss: 10.9232 | LR: 4.93e-05
2025-11-17 23:44:22 | INFO | Epoch 1 | Batch 1305/2500 | Loss: 10.8660 | Avg Loss: 10.9230 | LR: 4.93e-05
2025-11-17 23:44:23 | INFO | Epoch 1 | Batch 1310/2500 | Loss: 10.8919 | Avg Loss: 10.9229 | LR: 4.93e-05
2025-11-17 23:44:23 | INFO | Epoch 1 | Batch 1315/2500 | Loss: 10.8860 | Avg Loss: 10.9228 | LR: 4.92e-05
2025-11-17 23:44:23 | INFO | Epoch 1 | Batch 1320/2500 | Loss: 10.8871 | Avg Loss: 10.9227 | LR: 4.92e-05
2025-11-17 23:44:23 | INFO | Epoch 1 | Batch 1325/2500 | Loss: 10.8799 | Avg Loss: 10.9225 | LR: 4.92e-05
2025-11-17 23:44:23 | INFO | Epoch 1 | Batch 1330/2500 | Loss: 10.8781 | Avg Loss: 10.9224 | LR: 4.92e-05
2025-11-17 23:44:24 | INFO | Epoch 1 | Batch 1335/2500 | Loss: 10.8987 | Avg Loss: 10.9223 | LR: 4.91e-05
2025-11-17 23:44:24 | INFO | Epoch 1 | Batch 1340/2500 | Loss: 10.8657 | Avg Loss: 10.9221 | LR: 4.91e-05
2025-11-17 23:44:24 | INFO | Epoch 1 | Batch 1345/2500 | Loss: 10.8882 | Avg Loss: 10.9220 | LR: 4.91e-05
2025-11-17 23:44:24 | INFO | Epoch 1 | Batch 1350/2500 | Loss: 10.8859 | Avg Loss: 10.9219 | LR: 4.91e-05
2025-11-17 23:44:25 | INFO | Epoch 1 | Batch 1355/2500 | Loss: 10.8838 | Avg Loss: 10.9218 | LR: 4.90e-05
2025-11-17 23:44:25 | INFO | Epoch 1 | Batch 1360/2500 | Loss: 10.8721 | Avg Loss: 10.9216 | LR: 4.90e-05
2025-11-17 23:44:25 | INFO | Epoch 1 | Batch 1365/2500 | Loss: 10.8853 | Avg Loss: 10.9215 | LR: 4.90e-05
2025-11-17 23:44:25 | INFO | Epoch 1 | Batch 1370/2500 | Loss: 10.8939 | Avg Loss: 10.9214 | LR: 4.89e-05
2025-11-17 23:44:25 | INFO | Epoch 1 | Batch 1375/2500 | Loss: 10.8737 | Avg Loss: 10.9212 | LR: 4.89e-05
2025-11-17 23:44:26 | INFO | Epoch 1 | Batch 1380/2500 | Loss: 10.9036 | Avg Loss: 10.9211 | LR: 4.89e-05
2025-11-17 23:44:26 | INFO | Epoch 1 | Batch 1385/2500 | Loss: 10.8765 | Avg Loss: 10.9210 | LR: 4.89e-05
2025-11-17 23:44:26 | INFO | Epoch 1 | Batch 1390/2500 | Loss: 10.8787 | Avg Loss: 10.9208 | LR: 4.88e-05
2025-11-17 23:44:26 | INFO | Epoch 1 | Batch 1395/2500 | Loss: 10.8973 | Avg Loss: 10.9207 | LR: 4.88e-05
2025-11-17 23:44:27 | INFO | Epoch 1 | Batch 1400/2500 | Loss: 10.8868 | Avg Loss: 10.9206 | LR: 4.88e-05
2025-11-17 23:44:27 | INFO | Epoch 1 | Batch 1405/2500 | Loss: 10.8768 | Avg Loss: 10.9204 | LR: 4.87e-05
2025-11-17 23:44:27 | INFO | Epoch 1 | Batch 1410/2500 | Loss: 10.8873 | Avg Loss: 10.9203 | LR: 4.87e-05
2025-11-17 23:44:27 | INFO | Epoch 1 | Batch 1415/2500 | Loss: 10.8712 | Avg Loss: 10.9202 | LR: 4.87e-05
2025-11-17 23:44:28 | INFO | Epoch 1 | Batch 1420/2500 | Loss: 10.8760 | Avg Loss: 10.9201 | LR: 4.86e-05
2025-11-17 23:44:28 | INFO | Epoch 1 | Batch 1425/2500 | Loss: 10.8654 | Avg Loss: 10.9200 | LR: 4.86e-05
2025-11-17 23:44:28 | INFO | Epoch 1 | Batch 1430/2500 | Loss: 10.9034 | Avg Loss: 10.9198 | LR: 4.86e-05
2025-11-17 23:44:28 | INFO | Epoch 1 | Batch 1435/2500 | Loss: 10.8868 | Avg Loss: 10.9197 | LR: 4.85e-05
2025-11-17 23:44:28 | INFO | Epoch 1 | Batch 1440/2500 | Loss: 10.9005 | Avg Loss: 10.9196 | LR: 4.85e-05
2025-11-17 23:44:29 | INFO | Epoch 1 | Batch 1445/2500 | Loss: 10.8663 | Avg Loss: 10.9195 | LR: 4.85e-05
2025-11-17 23:44:29 | INFO | Epoch 1 | Batch 1450/2500 | Loss: 10.8859 | Avg Loss: 10.9194 | LR: 4.84e-05
2025-11-17 23:44:29 | INFO | Epoch 1 | Batch 1455/2500 | Loss: 10.8909 | Avg Loss: 10.9192 | LR: 4.84e-05
2025-11-17 23:44:29 | INFO | Epoch 1 | Batch 1460/2500 | Loss: 10.8796 | Avg Loss: 10.9191 | LR: 4.84e-05
2025-11-17 23:44:30 | INFO | Epoch 1 | Batch 1465/2500 | Loss: 10.8885 | Avg Loss: 10.9190 | LR: 4.83e-05
2025-11-17 23:44:30 | INFO | Epoch 1 | Batch 1470/2500 | Loss: 10.8748 | Avg Loss: 10.9189 | LR: 4.83e-05
2025-11-17 23:44:30 | INFO | Epoch 1 | Batch 1475/2500 | Loss: 10.8746 | Avg Loss: 10.9187 | LR: 4.83e-05
2025-11-17 23:44:30 | INFO | Epoch 1 | Batch 1480/2500 | Loss: 10.8801 | Avg Loss: 10.9186 | LR: 4.82e-05
2025-11-17 23:44:30 | INFO | Epoch 1 | Batch 1485/2500 | Loss: 10.8714 | Avg Loss: 10.9185 | LR: 4.82e-05
2025-11-17 23:44:31 | INFO | Epoch 1 | Batch 1490/2500 | Loss: 10.8870 | Avg Loss: 10.9184 | LR: 4.82e-05
2025-11-17 23:44:31 | INFO | Epoch 1 | Batch 1495/2500 | Loss: 10.8885 | Avg Loss: 10.9183 | LR: 4.81e-05
2025-11-17 23:44:31 | INFO | Epoch 1 | Batch 1500/2500 | Loss: 10.8859 | Avg Loss: 10.9181 | LR: 4.81e-05
2025-11-17 23:44:31 | INFO | Epoch 1 | Batch 1505/2500 | Loss: 10.8915 | Avg Loss: 10.9180 | LR: 4.81e-05
2025-11-17 23:44:32 | INFO | Epoch 1 | Batch 1510/2500 | Loss: 10.8804 | Avg Loss: 10.9179 | LR: 4.80e-05
2025-11-17 23:44:32 | INFO | Epoch 1 | Batch 1515/2500 | Loss: 10.8885 | Avg Loss: 10.9178 | LR: 4.80e-05
2025-11-17 23:44:32 | INFO | Epoch 1 | Batch 1520/2500 | Loss: 10.8707 | Avg Loss: 10.9177 | LR: 4.79e-05
2025-11-17 23:44:32 | INFO | Epoch 1 | Batch 1525/2500 | Loss: 10.8653 | Avg Loss: 10.9176 | LR: 4.79e-05
2025-11-17 23:44:32 | INFO | Epoch 1 | Batch 1530/2500 | Loss: 10.8662 | Avg Loss: 10.9174 | LR: 4.79e-05
2025-11-17 23:44:33 | INFO | Epoch 1 | Batch 1535/2500 | Loss: 10.8784 | Avg Loss: 10.9173 | LR: 4.78e-05
2025-11-17 23:44:33 | INFO | Epoch 1 | Batch 1540/2500 | Loss: 10.8788 | Avg Loss: 10.9172 | LR: 4.78e-05
2025-11-17 23:44:33 | INFO | Epoch 1 | Batch 1545/2500 | Loss: 10.8835 | Avg Loss: 10.9171 | LR: 4.77e-05
2025-11-17 23:44:33 | INFO | Epoch 1 | Batch 1550/2500 | Loss: 10.8818 | Avg Loss: 10.9170 | LR: 4.77e-05
2025-11-17 23:44:34 | INFO | Epoch 1 | Batch 1555/2500 | Loss: 10.8777 | Avg Loss: 10.9169 | LR: 4.77e-05
2025-11-17 23:44:34 | INFO | Epoch 1 | Batch 1560/2500 | Loss: 10.8835 | Avg Loss: 10.9168 | LR: 4.76e-05
2025-11-17 23:44:34 | INFO | Epoch 1 | Batch 1565/2500 | Loss: 10.8829 | Avg Loss: 10.9167 | LR: 4.76e-05
2025-11-17 23:44:34 | INFO | Epoch 1 | Batch 1570/2500 | Loss: 10.8897 | Avg Loss: 10.9166 | LR: 4.75e-05
2025-11-17 23:44:34 | INFO | Epoch 1 | Batch 1575/2500 | Loss: 10.8992 | Avg Loss: 10.9165 | LR: 4.75e-05
2025-11-17 23:44:35 | INFO | Epoch 1 | Batch 1580/2500 | Loss: 10.8797 | Avg Loss: 10.9164 | LR: 4.74e-05
2025-11-17 23:44:35 | INFO | Epoch 1 | Batch 1585/2500 | Loss: 10.8832 | Avg Loss: 10.9163 | LR: 4.74e-05
2025-11-17 23:44:35 | INFO | Epoch 1 | Batch 1590/2500 | Loss: 10.8718 | Avg Loss: 10.9162 | LR: 4.74e-05
2025-11-17 23:44:35 | INFO | Epoch 1 | Batch 1595/2500 | Loss: 10.8696 | Avg Loss: 10.9161 | LR: 4.73e-05
2025-11-17 23:44:36 | INFO | Epoch 1 | Batch 1600/2500 | Loss: 10.8868 | Avg Loss: 10.9160 | LR: 4.73e-05
2025-11-17 23:44:36 | INFO | Epoch 1 | Batch 1605/2500 | Loss: 10.8801 | Avg Loss: 10.9159 | LR: 4.72e-05
2025-11-17 23:44:36 | INFO | Epoch 1 | Batch 1610/2500 | Loss: 10.8824 | Avg Loss: 10.9158 | LR: 4.72e-05
2025-11-17 23:44:36 | INFO | Epoch 1 | Batch 1615/2500 | Loss: 10.8713 | Avg Loss: 10.9157 | LR: 4.71e-05
2025-11-17 23:44:37 | INFO | Epoch 1 | Batch 1620/2500 | Loss: 10.8814 | Avg Loss: 10.9156 | LR: 4.71e-05
2025-11-17 23:44:37 | INFO | Epoch 1 | Batch 1625/2500 | Loss: 10.8640 | Avg Loss: 10.9155 | LR: 4.70e-05
2025-11-17 23:44:37 | INFO | Epoch 1 | Batch 1630/2500 | Loss: 10.8782 | Avg Loss: 10.9154 | LR: 4.70e-05
2025-11-17 23:44:37 | INFO | Epoch 1 | Batch 1635/2500 | Loss: 10.8978 | Avg Loss: 10.9153 | LR: 4.69e-05
2025-11-17 23:44:37 | INFO | Epoch 1 | Batch 1640/2500 | Loss: 10.8746 | Avg Loss: 10.9152 | LR: 4.69e-05
2025-11-17 23:44:38 | INFO | Epoch 1 | Batch 1645/2500 | Loss: 10.8766 | Avg Loss: 10.9151 | LR: 4.69e-05
2025-11-17 23:44:38 | INFO | Epoch 1 | Batch 1650/2500 | Loss: 10.8781 | Avg Loss: 10.9149 | LR: 4.68e-05
2025-11-17 23:44:38 | INFO | Epoch 1 | Batch 1655/2500 | Loss: 10.8779 | Avg Loss: 10.9148 | LR: 4.68e-05
2025-11-17 23:44:38 | INFO | Epoch 1 | Batch 1660/2500 | Loss: 10.8743 | Avg Loss: 10.9147 | LR: 4.67e-05
2025-11-17 23:44:39 | INFO | Epoch 1 | Batch 1665/2500 | Loss: 10.8846 | Avg Loss: 10.9146 | LR: 4.67e-05
2025-11-17 23:44:39 | INFO | Epoch 1 | Batch 1670/2500 | Loss: 10.8805 | Avg Loss: 10.9145 | LR: 4.66e-05
2025-11-17 23:44:39 | INFO | Epoch 1 | Batch 1675/2500 | Loss: 10.8889 | Avg Loss: 10.9144 | LR: 4.66e-05
2025-11-17 23:44:39 | INFO | Epoch 1 | Batch 1680/2500 | Loss: 10.8622 | Avg Loss: 10.9143 | LR: 4.65e-05
2025-11-17 23:44:39 | INFO | Epoch 1 | Batch 1685/2500 | Loss: 10.8740 | Avg Loss: 10.9142 | LR: 4.65e-05
2025-11-17 23:44:40 | INFO | Epoch 1 | Batch 1690/2500 | Loss: 10.8612 | Avg Loss: 10.9141 | LR: 4.64e-05
2025-11-17 23:44:40 | INFO | Epoch 1 | Batch 1695/2500 | Loss: 10.8713 | Avg Loss: 10.9140 | LR: 4.64e-05
2025-11-17 23:44:40 | INFO | Epoch 1 | Batch 1700/2500 | Loss: 10.8837 | Avg Loss: 10.9139 | LR: 4.63e-05
2025-11-17 23:44:40 | INFO | Epoch 1 | Batch 1705/2500 | Loss: 10.8760 | Avg Loss: 10.9138 | LR: 4.63e-05
2025-11-17 23:44:41 | INFO | Epoch 1 | Batch 1710/2500 | Loss: 10.8771 | Avg Loss: 10.9137 | LR: 4.62e-05
2025-11-17 23:44:41 | INFO | Epoch 1 | Batch 1715/2500 | Loss: 10.8723 | Avg Loss: 10.9136 | LR: 4.62e-05
2025-11-17 23:44:41 | INFO | Epoch 1 | Batch 1720/2500 | Loss: 10.8792 | Avg Loss: 10.9135 | LR: 4.61e-05
2025-11-17 23:44:41 | INFO | Epoch 1 | Batch 1725/2500 | Loss: 10.8833 | Avg Loss: 10.9133 | LR: 4.60e-05
2025-11-17 23:44:41 | INFO | Epoch 1 | Batch 1730/2500 | Loss: 10.8642 | Avg Loss: 10.9132 | LR: 4.60e-05
2025-11-17 23:44:42 | INFO | Epoch 1 | Batch 1735/2500 | Loss: 10.8900 | Avg Loss: 10.9132 | LR: 4.59e-05
2025-11-17 23:44:42 | INFO | Epoch 1 | Batch 1740/2500 | Loss: 10.8927 | Avg Loss: 10.9131 | LR: 4.59e-05
2025-11-17 23:44:42 | INFO | Epoch 1 | Batch 1745/2500 | Loss: 10.8797 | Avg Loss: 10.9130 | LR: 4.58e-05
2025-11-17 23:44:42 | INFO | Epoch 1 | Batch 1750/2500 | Loss: 10.8839 | Avg Loss: 10.9129 | LR: 4.58e-05
2025-11-17 23:44:43 | INFO | Epoch 1 | Batch 1755/2500 | Loss: 10.8917 | Avg Loss: 10.9128 | LR: 4.57e-05
2025-11-17 23:44:43 | INFO | Epoch 1 | Batch 1760/2500 | Loss: 10.8644 | Avg Loss: 10.9127 | LR: 4.57e-05
2025-11-17 23:44:43 | INFO | Epoch 1 | Batch 1765/2500 | Loss: 10.8798 | Avg Loss: 10.9126 | LR: 4.56e-05
2025-11-17 23:44:43 | INFO | Epoch 1 | Batch 1770/2500 | Loss: 10.8637 | Avg Loss: 10.9125 | LR: 4.56e-05
2025-11-17 23:44:43 | INFO | Epoch 1 | Batch 1775/2500 | Loss: 10.8738 | Avg Loss: 10.9124 | LR: 4.55e-05
2025-11-17 23:44:44 | INFO | Epoch 1 | Batch 1780/2500 | Loss: 10.8896 | Avg Loss: 10.9123 | LR: 4.54e-05
2025-11-17 23:44:44 | INFO | Epoch 1 | Batch 1785/2500 | Loss: 10.8766 | Avg Loss: 10.9123 | LR: 4.54e-05
2025-11-17 23:44:44 | INFO | Epoch 1 | Batch 1790/2500 | Loss: 10.8747 | Avg Loss: 10.9121 | LR: 4.53e-05
2025-11-17 23:44:44 | INFO | Epoch 1 | Batch 1795/2500 | Loss: 10.8806 | Avg Loss: 10.9121 | LR: 4.53e-05
2025-11-17 23:44:45 | INFO | Epoch 1 | Batch 1800/2500 | Loss: 10.8732 | Avg Loss: 10.9120 | LR: 4.52e-05
2025-11-17 23:44:45 | INFO | Epoch 1 | Batch 1805/2500 | Loss: 10.8757 | Avg Loss: 10.9119 | LR: 4.52e-05
2025-11-17 23:44:45 | INFO | Epoch 1 | Batch 1810/2500 | Loss: 10.8916 | Avg Loss: 10.9118 | LR: 4.51e-05
2025-11-17 23:44:45 | INFO | Epoch 1 | Batch 1815/2500 | Loss: 10.8835 | Avg Loss: 10.9117 | LR: 4.50e-05
2025-11-17 23:44:46 | INFO | Epoch 1 | Batch 1820/2500 | Loss: 10.8890 | Avg Loss: 10.9116 | LR: 4.50e-05
2025-11-17 23:44:46 | INFO | Epoch 1 | Batch 1825/2500 | Loss: 10.8672 | Avg Loss: 10.9115 | LR: 4.49e-05
2025-11-17 23:44:46 | INFO | Epoch 1 | Batch 1830/2500 | Loss: 10.8730 | Avg Loss: 10.9114 | LR: 4.49e-05
2025-11-17 23:44:46 | INFO | Epoch 1 | Batch 1835/2500 | Loss: 10.8661 | Avg Loss: 10.9113 | LR: 4.48e-05
2025-11-17 23:44:46 | INFO | Epoch 1 | Batch 1840/2500 | Loss: 10.8738 | Avg Loss: 10.9112 | LR: 4.47e-05
2025-11-17 23:44:47 | INFO | Epoch 1 | Batch 1845/2500 | Loss: 10.8732 | Avg Loss: 10.9111 | LR: 4.47e-05
2025-11-17 23:44:47 | INFO | Epoch 1 | Batch 1850/2500 | Loss: 10.8664 | Avg Loss: 10.9110 | LR: 4.46e-05
2025-11-17 23:44:47 | INFO | Epoch 1 | Batch 1855/2500 | Loss: 10.8727 | Avg Loss: 10.9109 | LR: 4.46e-05
2025-11-17 23:44:47 | INFO | Epoch 1 | Batch 1860/2500 | Loss: 10.8713 | Avg Loss: 10.9108 | LR: 4.45e-05
2025-11-17 23:44:48 | INFO | Epoch 1 | Batch 1865/2500 | Loss: 10.8742 | Avg Loss: 10.9107 | LR: 4.44e-05
2025-11-17 23:44:48 | INFO | Epoch 1 | Batch 1870/2500 | Loss: 10.8730 | Avg Loss: 10.9106 | LR: 4.44e-05
2025-11-17 23:44:48 | INFO | Epoch 1 | Batch 1875/2500 | Loss: 10.8660 | Avg Loss: 10.9105 | LR: 4.43e-05
2025-11-17 23:44:48 | INFO | Epoch 1 | Batch 1880/2500 | Loss: 10.8718 | Avg Loss: 10.9104 | LR: 4.43e-05
2025-11-17 23:44:48 | INFO | Epoch 1 | Batch 1885/2500 | Loss: 10.8773 | Avg Loss: 10.9104 | LR: 4.42e-05
2025-11-17 23:44:49 | INFO | Epoch 1 | Batch 1890/2500 | Loss: 10.8804 | Avg Loss: 10.9103 | LR: 4.41e-05
2025-11-17 23:44:49 | INFO | Epoch 1 | Batch 1895/2500 | Loss: 10.8734 | Avg Loss: 10.9102 | LR: 4.41e-05
2025-11-17 23:44:49 | INFO | Epoch 1 | Batch 1900/2500 | Loss: 10.8938 | Avg Loss: 10.9101 | LR: 4.40e-05
2025-11-17 23:44:49 | INFO | Epoch 1 | Batch 1905/2500 | Loss: 10.8773 | Avg Loss: 10.9100 | LR: 4.39e-05
2025-11-17 23:44:50 | INFO | Epoch 1 | Batch 1910/2500 | Loss: 10.8784 | Avg Loss: 10.9099 | LR: 4.39e-05
2025-11-17 23:44:50 | INFO | Epoch 1 | Batch 1915/2500 | Loss: 10.8856 | Avg Loss: 10.9098 | LR: 4.38e-05
2025-11-17 23:44:50 | INFO | Epoch 1 | Batch 1920/2500 | Loss: 10.8754 | Avg Loss: 10.9098 | LR: 4.37e-05
2025-11-17 23:44:50 | INFO | Epoch 1 | Batch 1925/2500 | Loss: 10.8754 | Avg Loss: 10.9097 | LR: 4.37e-05
2025-11-17 23:44:50 | INFO | Epoch 1 | Batch 1930/2500 | Loss: 10.8730 | Avg Loss: 10.9096 | LR: 4.36e-05
2025-11-17 23:44:51 | INFO | Epoch 1 | Batch 1935/2500 | Loss: 10.8898 | Avg Loss: 10.9095 | LR: 4.35e-05
2025-11-17 23:44:51 | INFO | Epoch 1 | Batch 1940/2500 | Loss: 10.8672 | Avg Loss: 10.9094 | LR: 4.35e-05
2025-11-17 23:44:51 | INFO | Epoch 1 | Batch 1945/2500 | Loss: 10.8843 | Avg Loss: 10.9093 | LR: 4.34e-05
2025-11-17 23:44:51 | INFO | Epoch 1 | Batch 1950/2500 | Loss: 10.8709 | Avg Loss: 10.9092 | LR: 4.33e-05
2025-11-17 23:44:52 | INFO | Epoch 1 | Batch 1955/2500 | Loss: 10.8765 | Avg Loss: 10.9091 | LR: 4.33e-05
2025-11-17 23:44:52 | INFO | Epoch 1 | Batch 1960/2500 | Loss: 10.8841 | Avg Loss: 10.9090 | LR: 4.32e-05
2025-11-17 23:44:52 | INFO | Epoch 1 | Batch 1965/2500 | Loss: 10.8697 | Avg Loss: 10.9090 | LR: 4.31e-05
2025-11-17 23:44:52 | INFO | Epoch 1 | Batch 1970/2500 | Loss: 10.8787 | Avg Loss: 10.9089 | LR: 4.31e-05
2025-11-17 23:44:53 | INFO | Epoch 1 | Batch 1975/2500 | Loss: 10.8702 | Avg Loss: 10.9088 | LR: 4.30e-05
2025-11-17 23:44:53 | INFO | Epoch 1 | Batch 1980/2500 | Loss: 10.8937 | Avg Loss: 10.9087 | LR: 4.29e-05
2025-11-17 23:44:53 | INFO | Epoch 1 | Batch 1985/2500 | Loss: 10.8652 | Avg Loss: 10.9086 | LR: 4.29e-05
2025-11-17 23:44:53 | INFO | Epoch 1 | Batch 1990/2500 | Loss: 10.8577 | Avg Loss: 10.9085 | LR: 4.28e-05
2025-11-17 23:44:53 | INFO | Epoch 1 | Batch 1995/2500 | Loss: 10.8781 | Avg Loss: 10.9084 | LR: 4.27e-05
2025-11-17 23:44:54 | INFO | Epoch 1 | Batch 2000/2500 | Loss: 10.8787 | Avg Loss: 10.9084 | LR: 4.27e-05
2025-11-17 23:44:54 | INFO | Epoch 1 | Batch 2005/2500 | Loss: 10.8604 | Avg Loss: 10.9083 | LR: 4.26e-05
2025-11-17 23:44:54 | INFO | Epoch 1 | Batch 2010/2500 | Loss: 10.8780 | Avg Loss: 10.9082 | LR: 4.25e-05
2025-11-17 23:44:54 | INFO | Epoch 1 | Batch 2015/2500 | Loss: 10.8772 | Avg Loss: 10.9081 | LR: 4.25e-05
2025-11-17 23:44:55 | INFO | Epoch 1 | Batch 2020/2500 | Loss: 10.8555 | Avg Loss: 10.9080 | LR: 4.24e-05
2025-11-17 23:44:55 | INFO | Epoch 1 | Batch 2025/2500 | Loss: 10.8674 | Avg Loss: 10.9079 | LR: 4.23e-05
2025-11-17 23:44:55 | INFO | Epoch 1 | Batch 2030/2500 | Loss: 10.8857 | Avg Loss: 10.9078 | LR: 4.22e-05
2025-11-17 23:44:55 | INFO | Epoch 1 | Batch 2035/2500 | Loss: 10.8649 | Avg Loss: 10.9078 | LR: 4.22e-05
2025-11-17 23:44:55 | INFO | Epoch 1 | Batch 2040/2500 | Loss: 10.8765 | Avg Loss: 10.9077 | LR: 4.21e-05
2025-11-17 23:44:56 | INFO | Epoch 1 | Batch 2045/2500 | Loss: 10.8756 | Avg Loss: 10.9076 | LR: 4.20e-05
2025-11-17 23:44:56 | INFO | Epoch 1 | Batch 2050/2500 | Loss: 10.8637 | Avg Loss: 10.9075 | LR: 4.20e-05
2025-11-17 23:44:56 | INFO | Epoch 1 | Batch 2055/2500 | Loss: 10.8611 | Avg Loss: 10.9074 | LR: 4.19e-05
2025-11-17 23:44:56 | INFO | Epoch 1 | Batch 2060/2500 | Loss: 10.8776 | Avg Loss: 10.9073 | LR: 4.18e-05
2025-11-17 23:44:57 | INFO | Epoch 1 | Batch 2065/2500 | Loss: 10.8707 | Avg Loss: 10.9073 | LR: 4.17e-05
2025-11-17 23:44:57 | INFO | Epoch 1 | Batch 2070/2500 | Loss: 10.8855 | Avg Loss: 10.9072 | LR: 4.17e-05
2025-11-17 23:44:57 | INFO | Epoch 1 | Batch 2075/2500 | Loss: 10.8828 | Avg Loss: 10.9071 | LR: 4.16e-05
2025-11-17 23:44:57 | INFO | Epoch 1 | Batch 2080/2500 | Loss: 10.8887 | Avg Loss: 10.9070 | LR: 4.15e-05
2025-11-17 23:44:57 | INFO | Epoch 1 | Batch 2085/2500 | Loss: 10.8722 | Avg Loss: 10.9069 | LR: 4.14e-05
2025-11-17 23:44:58 | INFO | Epoch 1 | Batch 2090/2500 | Loss: 10.8721 | Avg Loss: 10.9069 | LR: 4.14e-05
2025-11-17 23:44:58 | INFO | Epoch 1 | Batch 2095/2500 | Loss: 10.8765 | Avg Loss: 10.9068 | LR: 4.13e-05
2025-11-17 23:44:58 | INFO | Epoch 1 | Batch 2100/2500 | Loss: 10.8781 | Avg Loss: 10.9067 | LR: 4.12e-05
2025-11-17 23:44:58 | INFO | Epoch 1 | Batch 2105/2500 | Loss: 10.8803 | Avg Loss: 10.9067 | LR: 4.11e-05
2025-11-17 23:44:59 | INFO | Epoch 1 | Batch 2110/2500 | Loss: 10.8676 | Avg Loss: 10.9066 | LR: 4.11e-05
2025-11-17 23:44:59 | INFO | Epoch 1 | Batch 2115/2500 | Loss: 10.8626 | Avg Loss: 10.9065 | LR: 4.10e-05
2025-11-17 23:44:59 | INFO | Epoch 1 | Batch 2120/2500 | Loss: 10.8694 | Avg Loss: 10.9064 | LR: 4.09e-05
2025-11-17 23:44:59 | INFO | Epoch 1 | Batch 2125/2500 | Loss: 10.8667 | Avg Loss: 10.9063 | LR: 4.08e-05
2025-11-17 23:44:59 | INFO | Epoch 1 | Batch 2130/2500 | Loss: 10.8636 | Avg Loss: 10.9063 | LR: 4.08e-05
2025-11-17 23:45:00 | INFO | Epoch 1 | Batch 2135/2500 | Loss: 10.8712 | Avg Loss: 10.9062 | LR: 4.07e-05
2025-11-17 23:45:00 | INFO | Epoch 1 | Batch 2140/2500 | Loss: 10.8642 | Avg Loss: 10.9061 | LR: 4.06e-05
2025-11-17 23:45:00 | INFO | Epoch 1 | Batch 2145/2500 | Loss: 10.8716 | Avg Loss: 10.9060 | LR: 4.05e-05
2025-11-17 23:45:00 | INFO | Epoch 1 | Batch 2150/2500 | Loss: 10.8829 | Avg Loss: 10.9059 | LR: 4.05e-05
2025-11-17 23:45:01 | INFO | Epoch 1 | Batch 2155/2500 | Loss: 10.8784 | Avg Loss: 10.9058 | LR: 4.04e-05
2025-11-17 23:45:01 | INFO | Epoch 1 | Batch 2160/2500 | Loss: 10.8846 | Avg Loss: 10.9058 | LR: 4.03e-05
2025-11-17 23:45:01 | INFO | Epoch 1 | Batch 2165/2500 | Loss: 10.8705 | Avg Loss: 10.9057 | LR: 4.02e-05
2025-11-17 23:45:01 | INFO | Epoch 1 | Batch 2170/2500 | Loss: 10.8720 | Avg Loss: 10.9056 | LR: 4.02e-05
2025-11-17 23:45:02 | INFO | Epoch 1 | Batch 2175/2500 | Loss: 10.8677 | Avg Loss: 10.9055 | LR: 4.01e-05
2025-11-17 23:45:02 | INFO | Epoch 1 | Batch 2180/2500 | Loss: 10.8752 | Avg Loss: 10.9055 | LR: 4.00e-05
2025-11-17 23:45:02 | INFO | Epoch 1 | Batch 2185/2500 | Loss: 10.8728 | Avg Loss: 10.9054 | LR: 3.99e-05
2025-11-17 23:45:02 | INFO | Epoch 1 | Batch 2190/2500 | Loss: 10.8683 | Avg Loss: 10.9053 | LR: 3.98e-05
2025-11-17 23:45:02 | INFO | Epoch 1 | Batch 2195/2500 | Loss: 10.8691 | Avg Loss: 10.9052 | LR: 3.98e-05
2025-11-17 23:45:03 | INFO | Epoch 1 | Batch 2200/2500 | Loss: 10.8784 | Avg Loss: 10.9051 | LR: 3.97e-05
2025-11-17 23:45:03 | INFO | Epoch 1 | Batch 2205/2500 | Loss: 10.8791 | Avg Loss: 10.9051 | LR: 3.96e-05
2025-11-17 23:45:03 | INFO | Epoch 1 | Batch 2210/2500 | Loss: 10.8668 | Avg Loss: 10.9050 | LR: 3.95e-05
2025-11-17 23:45:03 | INFO | Epoch 1 | Batch 2215/2500 | Loss: 10.8595 | Avg Loss: 10.9049 | LR: 3.94e-05
2025-11-17 23:45:04 | INFO | Epoch 1 | Batch 2220/2500 | Loss: 10.8700 | Avg Loss: 10.9048 | LR: 3.94e-05
2025-11-17 23:45:04 | INFO | Epoch 1 | Batch 2225/2500 | Loss: 10.8589 | Avg Loss: 10.9048 | LR: 3.93e-05
2025-11-17 23:45:04 | INFO | Epoch 1 | Batch 2230/2500 | Loss: 10.8643 | Avg Loss: 10.9047 | LR: 3.92e-05
2025-11-17 23:45:04 | INFO | Epoch 1 | Batch 2235/2500 | Loss: 10.8728 | Avg Loss: 10.9046 | LR: 3.91e-05
2025-11-17 23:45:04 | INFO | Epoch 1 | Batch 2240/2500 | Loss: 10.8586 | Avg Loss: 10.9045 | LR: 3.90e-05
2025-11-17 23:45:05 | INFO | Epoch 1 | Batch 2245/2500 | Loss: 10.8666 | Avg Loss: 10.9044 | LR: 3.90e-05
2025-11-17 23:45:05 | INFO | Epoch 1 | Batch 2250/2500 | Loss: 10.8822 | Avg Loss: 10.9044 | LR: 3.89e-05
2025-11-17 23:45:05 | INFO | Epoch 1 | Batch 2255/2500 | Loss: 10.8668 | Avg Loss: 10.9043 | LR: 3.88e-05
2025-11-17 23:45:05 | INFO | Epoch 1 | Batch 2260/2500 | Loss: 10.8657 | Avg Loss: 10.9042 | LR: 3.87e-05
2025-11-17 23:45:06 | INFO | Epoch 1 | Batch 2265/2500 | Loss: 10.8671 | Avg Loss: 10.9041 | LR: 3.86e-05
2025-11-17 23:45:06 | INFO | Epoch 1 | Batch 2270/2500 | Loss: 10.8624 | Avg Loss: 10.9041 | LR: 3.85e-05
2025-11-17 23:45:06 | INFO | Epoch 1 | Batch 2275/2500 | Loss: 10.8625 | Avg Loss: 10.9040 | LR: 3.85e-05
2025-11-17 23:45:06 | INFO | Epoch 1 | Batch 2280/2500 | Loss: 10.8782 | Avg Loss: 10.9039 | LR: 3.84e-05
2025-11-17 23:45:06 | INFO | Epoch 1 | Batch 2285/2500 | Loss: 10.8618 | Avg Loss: 10.9038 | LR: 3.83e-05
2025-11-17 23:45:07 | INFO | Epoch 1 | Batch 2290/2500 | Loss: 10.8752 | Avg Loss: 10.9038 | LR: 3.82e-05
2025-11-17 23:45:07 | INFO | Epoch 1 | Batch 2295/2500 | Loss: 10.8657 | Avg Loss: 10.9037 | LR: 3.81e-05
2025-11-17 23:45:07 | INFO | Epoch 1 | Batch 2300/2500 | Loss: 10.8621 | Avg Loss: 10.9036 | LR: 3.80e-05
2025-11-17 23:45:07 | INFO | Epoch 1 | Batch 2305/2500 | Loss: 10.8713 | Avg Loss: 10.9035 | LR: 3.80e-05
2025-11-17 23:45:08 | INFO | Epoch 1 | Batch 2310/2500 | Loss: 10.8749 | Avg Loss: 10.9035 | LR: 3.79e-05
2025-11-17 23:45:08 | INFO | Epoch 1 | Batch 2315/2500 | Loss: 10.8752 | Avg Loss: 10.9034 | LR: 3.78e-05
2025-11-17 23:45:08 | INFO | Epoch 1 | Batch 2320/2500 | Loss: 10.8541 | Avg Loss: 10.9033 | LR: 3.77e-05
2025-11-17 23:45:08 | INFO | Epoch 1 | Batch 2325/2500 | Loss: 10.8600 | Avg Loss: 10.9032 | LR: 3.76e-05
2025-11-17 23:45:09 | INFO | Epoch 1 | Batch 2330/2500 | Loss: 10.8822 | Avg Loss: 10.9031 | LR: 3.75e-05
2025-11-17 23:45:09 | INFO | Epoch 1 | Batch 2335/2500 | Loss: 10.8632 | Avg Loss: 10.9031 | LR: 3.75e-05
2025-11-17 23:45:09 | INFO | Epoch 1 | Batch 2340/2500 | Loss: 10.8739 | Avg Loss: 10.9030 | LR: 3.74e-05
2025-11-17 23:45:09 | INFO | Epoch 1 | Batch 2345/2500 | Loss: 10.8755 | Avg Loss: 10.9029 | LR: 3.73e-05
2025-11-17 23:45:09 | INFO | Epoch 1 | Batch 2350/2500 | Loss: 10.8716 | Avg Loss: 10.9028 | LR: 3.72e-05
2025-11-17 23:45:10 | INFO | Epoch 1 | Batch 2355/2500 | Loss: 10.8745 | Avg Loss: 10.9028 | LR: 3.71e-05
2025-11-17 23:45:10 | INFO | Epoch 1 | Batch 2360/2500 | Loss: 10.8610 | Avg Loss: 10.9027 | LR: 3.70e-05
2025-11-17 23:45:10 | INFO | Epoch 1 | Batch 2365/2500 | Loss: 10.8730 | Avg Loss: 10.9026 | LR: 3.69e-05
2025-11-17 23:45:10 | INFO | Epoch 1 | Batch 2370/2500 | Loss: 10.8754 | Avg Loss: 10.9025 | LR: 3.69e-05
2025-11-17 23:45:11 | INFO | Epoch 1 | Batch 2375/2500 | Loss: 10.8691 | Avg Loss: 10.9025 | LR: 3.68e-05
2025-11-17 23:45:11 | INFO | Epoch 1 | Batch 2380/2500 | Loss: 10.8659 | Avg Loss: 10.9024 | LR: 3.67e-05
2025-11-17 23:45:11 | INFO | Epoch 1 | Batch 2385/2500 | Loss: 10.8621 | Avg Loss: 10.9023 | LR: 3.66e-05
2025-11-17 23:45:11 | INFO | Epoch 1 | Batch 2390/2500 | Loss: 10.8631 | Avg Loss: 10.9022 | LR: 3.65e-05
2025-11-17 23:45:11 | INFO | Epoch 1 | Batch 2395/2500 | Loss: 10.8660 | Avg Loss: 10.9022 | LR: 3.64e-05
2025-11-17 23:45:12 | INFO | Epoch 1 | Batch 2400/2500 | Loss: 10.8650 | Avg Loss: 10.9021 | LR: 3.63e-05
2025-11-17 23:45:12 | INFO | Epoch 1 | Batch 2405/2500 | Loss: 10.8569 | Avg Loss: 10.9020 | LR: 3.62e-05
2025-11-17 23:45:12 | INFO | Epoch 1 | Batch 2410/2500 | Loss: 10.8707 | Avg Loss: 10.9020 | LR: 3.62e-05
2025-11-17 23:45:12 | INFO | Epoch 1 | Batch 2415/2500 | Loss: 10.8760 | Avg Loss: 10.9019 | LR: 3.61e-05
2025-11-17 23:45:13 | INFO | Epoch 1 | Batch 2420/2500 | Loss: 10.8640 | Avg Loss: 10.9018 | LR: 3.60e-05
2025-11-17 23:45:13 | INFO | Epoch 1 | Batch 2425/2500 | Loss: 10.8560 | Avg Loss: 10.9018 | LR: 3.59e-05
2025-11-17 23:45:13 | INFO | Epoch 1 | Batch 2430/2500 | Loss: 10.8685 | Avg Loss: 10.9017 | LR: 3.58e-05
2025-11-17 23:45:13 | INFO | Epoch 1 | Batch 2435/2500 | Loss: 10.8658 | Avg Loss: 10.9016 | LR: 3.57e-05
2025-11-17 23:45:13 | INFO | Epoch 1 | Batch 2440/2500 | Loss: 10.8676 | Avg Loss: 10.9015 | LR: 3.56e-05
2025-11-17 23:45:14 | INFO | Epoch 1 | Batch 2445/2500 | Loss: 10.8641 | Avg Loss: 10.9015 | LR: 3.55e-05
2025-11-17 23:45:14 | INFO | Epoch 1 | Batch 2450/2500 | Loss: 10.8615 | Avg Loss: 10.9014 | LR: 3.54e-05
2025-11-17 23:45:14 | INFO | Epoch 1 | Batch 2455/2500 | Loss: 10.8639 | Avg Loss: 10.9013 | LR: 3.54e-05
2025-11-17 23:45:14 | INFO | Epoch 1 | Batch 2460/2500 | Loss: 10.8527 | Avg Loss: 10.9012 | LR: 3.53e-05
2025-11-17 23:45:15 | INFO | Epoch 1 | Batch 2465/2500 | Loss: 10.8767 | Avg Loss: 10.9012 | LR: 3.52e-05
2025-11-17 23:45:15 | INFO | Epoch 1 | Batch 2470/2500 | Loss: 10.8743 | Avg Loss: 10.9011 | LR: 3.51e-05
2025-11-17 23:45:15 | INFO | Epoch 1 | Batch 2475/2500 | Loss: 10.8704 | Avg Loss: 10.9010 | LR: 3.50e-05
2025-11-17 23:45:15 | INFO | Epoch 1 | Batch 2480/2500 | Loss: 10.8641 | Avg Loss: 10.9010 | LR: 3.49e-05
2025-11-17 23:45:16 | INFO | Epoch 1 | Batch 2485/2500 | Loss: 10.8583 | Avg Loss: 10.9009 | LR: 3.48e-05
2025-11-17 23:45:16 | INFO | Epoch 1 | Batch 2490/2500 | Loss: 10.8816 | Avg Loss: 10.9009 | LR: 3.47e-05
2025-11-17 23:45:16 | INFO | Epoch 1 | Batch 2495/2500 | Loss: 10.8644 | Avg Loss: 10.9008 | LR: 3.46e-05
2025-11-17 23:45:16 | INFO | ✅ Epoch 1 - Train Loss: 10.9007
2025-11-17 23:45:24 | INFO | 📈 Validation Loss: 10.8616
2025-11-17 23:45:26 | INFO | 💾 Saved checkpoint (val_loss: 10.8616)
2025-11-17 23:45:26 | INFO | Epoch 2 | Batch 0/2500 | Loss: 10.8621 | Avg Loss: 10.8621 | LR: 3.45e-05
2025-11-17 23:45:26 | INFO | Epoch 2 | Batch 5/2500 | Loss: 10.8636 | Avg Loss: 10.8659 | LR: 3.45e-05
2025-11-17 23:45:26 | INFO | Epoch 2 | Batch 10/2500 | Loss: 10.8821 | Avg Loss: 10.8651 | LR: 3.44e-05
2025-11-17 23:45:27 | INFO | Epoch 2 | Batch 15/2500 | Loss: 10.8538 | Avg Loss: 10.8638 | LR: 3.43e-05
2025-11-17 23:45:27 | INFO | Epoch 2 | Batch 20/2500 | Loss: 10.8693 | Avg Loss: 10.8640 | LR: 3.42e-05
2025-11-17 23:45:27 | INFO | Epoch 2 | Batch 25/2500 | Loss: 10.8551 | Avg Loss: 10.8634 | LR: 3.41e-05
2025-11-17 23:45:27 | INFO | Epoch 2 | Batch 30/2500 | Loss: 10.8649 | Avg Loss: 10.8638 | LR: 3.40e-05
2025-11-17 23:45:28 | INFO | Epoch 2 | Batch 35/2500 | Loss: 10.8594 | Avg Loss: 10.8632 | LR: 3.39e-05
2025-11-17 23:45:28 | INFO | Epoch 2 | Batch 40/2500 | Loss: 10.8649 | Avg Loss: 10.8625 | LR: 3.38e-05
2025-11-17 23:45:28 | INFO | Epoch 2 | Batch 45/2500 | Loss: 10.8661 | Avg Loss: 10.8623 | LR: 3.37e-05
2025-11-17 23:45:28 | INFO | Epoch 2 | Batch 50/2500 | Loss: 10.8608 | Avg Loss: 10.8625 | LR: 3.36e-05
2025-11-17 23:45:28 | INFO | Epoch 2 | Batch 55/2500 | Loss: 10.8779 | Avg Loss: 10.8633 | LR: 3.35e-05
2025-11-17 23:45:29 | INFO | Epoch 2 | Batch 60/2500 | Loss: 10.8683 | Avg Loss: 10.8637 | LR: 3.34e-05
2025-11-17 23:45:29 | INFO | Epoch 2 | Batch 65/2500 | Loss: 10.8528 | Avg Loss: 10.8638 | LR: 3.34e-05
2025-11-17 23:45:29 | INFO | Epoch 2 | Batch 70/2500 | Loss: 10.8682 | Avg Loss: 10.8643 | LR: 3.33e-05
2025-11-17 23:45:29 | INFO | Epoch 2 | Batch 75/2500 | Loss: 10.8752 | Avg Loss: 10.8644 | LR: 3.32e-05
2025-11-17 23:45:30 | INFO | Epoch 2 | Batch 80/2500 | Loss: 10.8586 | Avg Loss: 10.8642 | LR: 3.31e-05
2025-11-17 23:45:30 | INFO | Epoch 2 | Batch 85/2500 | Loss: 10.8529 | Avg Loss: 10.8642 | LR: 3.30e-05
2025-11-17 23:45:30 | INFO | Epoch 2 | Batch 90/2500 | Loss: 10.8714 | Avg Loss: 10.8644 | LR: 3.29e-05
2025-11-17 23:45:30 | INFO | Epoch 2 | Batch 95/2500 | Loss: 10.8643 | Avg Loss: 10.8644 | LR: 3.28e-05
2025-11-17 23:45:30 | INFO | Epoch 2 | Batch 100/2500 | Loss: 10.8742 | Avg Loss: 10.8646 | LR: 3.27e-05
2025-11-17 23:45:31 | INFO | Epoch 2 | Batch 105/2500 | Loss: 10.8537 | Avg Loss: 10.8645 | LR: 3.26e-05
2025-11-17 23:45:31 | INFO | Epoch 2 | Batch 110/2500 | Loss: 10.8669 | Avg Loss: 10.8645 | LR: 3.25e-05
2025-11-17 23:45:31 | INFO | Epoch 2 | Batch 115/2500 | Loss: 10.8591 | Avg Loss: 10.8646 | LR: 3.24e-05
2025-11-17 23:45:31 | INFO | Epoch 2 | Batch 120/2500 | Loss: 10.8640 | Avg Loss: 10.8647 | LR: 3.23e-05
2025-11-17 23:45:32 | INFO | Epoch 2 | Batch 125/2500 | Loss: 10.8547 | Avg Loss: 10.8646 | LR: 3.22e-05
2025-11-17 23:45:32 | INFO | Epoch 2 | Batch 130/2500 | Loss: 10.8740 | Avg Loss: 10.8647 | LR: 3.21e-05
2025-11-17 23:45:32 | INFO | Epoch 2 | Batch 135/2500 | Loss: 10.8795 | Avg Loss: 10.8650 | LR: 3.21e-05
2025-11-17 23:45:32 | INFO | Epoch 2 | Batch 140/2500 | Loss: 10.8617 | Avg Loss: 10.8649 | LR: 3.20e-05
2025-11-17 23:45:32 | INFO | Epoch 2 | Batch 145/2500 | Loss: 10.8684 | Avg Loss: 10.8650 | LR: 3.19e-05
2025-11-17 23:45:33 | INFO | Epoch 2 | Batch 150/2500 | Loss: 10.8574 | Avg Loss: 10.8648 | LR: 3.18e-05
2025-11-17 23:45:33 | INFO | Epoch 2 | Batch 155/2500 | Loss: 10.8646 | Avg Loss: 10.8649 | LR: 3.17e-05
2025-11-17 23:45:33 | INFO | Epoch 2 | Batch 160/2500 | Loss: 10.8648 | Avg Loss: 10.8649 | LR: 3.16e-05
2025-11-17 23:45:33 | INFO | Epoch 2 | Batch 165/2500 | Loss: 10.8655 | Avg Loss: 10.8648 | LR: 3.15e-05
2025-11-17 23:45:34 | INFO | Epoch 2 | Batch 170/2500 | Loss: 10.8452 | Avg Loss: 10.8646 | LR: 3.14e-05
2025-11-17 23:45:34 | INFO | Epoch 2 | Batch 175/2500 | Loss: 10.8504 | Avg Loss: 10.8644 | LR: 3.13e-05
2025-11-17 23:45:34 | INFO | Epoch 2 | Batch 180/2500 | Loss: 10.8602 | Avg Loss: 10.8644 | LR: 3.12e-05
2025-11-17 23:45:34 | INFO | Epoch 2 | Batch 185/2500 | Loss: 10.8778 | Avg Loss: 10.8646 | LR: 3.11e-05
2025-11-17 23:45:35 | INFO | Epoch 2 | Batch 190/2500 | Loss: 10.8628 | Avg Loss: 10.8645 | LR: 3.10e-05
2025-11-17 23:45:35 | INFO | Epoch 2 | Batch 195/2500 | Loss: 10.8860 | Avg Loss: 10.8647 | LR: 3.09e-05
2025-11-17 23:45:35 | INFO | Epoch 2 | Batch 200/2500 | Loss: 10.8705 | Avg Loss: 10.8646 | LR: 3.08e-05
2025-11-17 23:45:35 | INFO | Epoch 2 | Batch 205/2500 | Loss: 10.8597 | Avg Loss: 10.8645 | LR: 3.07e-05
2025-11-17 23:45:35 | INFO | Epoch 2 | Batch 210/2500 | Loss: 10.8669 | Avg Loss: 10.8645 | LR: 3.06e-05
2025-11-17 23:45:36 | INFO | Epoch 2 | Batch 215/2500 | Loss: 10.8671 | Avg Loss: 10.8644 | LR: 3.05e-05
2025-11-17 23:45:36 | INFO | Epoch 2 | Batch 220/2500 | Loss: 10.8763 | Avg Loss: 10.8643 | LR: 3.04e-05
2025-11-17 23:45:36 | INFO | Epoch 2 | Batch 225/2500 | Loss: 10.8714 | Avg Loss: 10.8641 | LR: 3.03e-05
2025-11-17 23:45:36 | INFO | Epoch 2 | Batch 230/2500 | Loss: 10.8705 | Avg Loss: 10.8641 | LR: 3.02e-05
2025-11-17 23:45:37 | INFO | Epoch 2 | Batch 235/2500 | Loss: 10.8592 | Avg Loss: 10.8641 | LR: 3.01e-05
2025-11-17 23:45:37 | INFO | Epoch 2 | Batch 240/2500 | Loss: 10.8722 | Avg Loss: 10.8642 | LR: 3.01e-05
2025-11-17 23:45:37 | INFO | Epoch 2 | Batch 245/2500 | Loss: 10.8677 | Avg Loss: 10.8643 | LR: 3.00e-05
2025-11-17 23:45:37 | INFO | Epoch 2 | Batch 250/2500 | Loss: 10.8575 | Avg Loss: 10.8643 | LR: 2.99e-05
2025-11-17 23:45:37 | INFO | Epoch 2 | Batch 255/2500 | Loss: 10.8709 | Avg Loss: 10.8643 | LR: 2.98e-05
2025-11-17 23:45:38 | INFO | Epoch 2 | Batch 260/2500 | Loss: 10.8511 | Avg Loss: 10.8642 | LR: 2.97e-05
2025-11-17 23:45:38 | INFO | Epoch 2 | Batch 265/2500 | Loss: 10.8684 | Avg Loss: 10.8641 | LR: 2.96e-05
2025-11-17 23:45:38 | INFO | Epoch 2 | Batch 270/2500 | Loss: 10.8521 | Avg Loss: 10.8641 | LR: 2.95e-05
2025-11-17 23:45:38 | INFO | Epoch 2 | Batch 275/2500 | Loss: 10.8657 | Avg Loss: 10.8641 | LR: 2.94e-05
2025-11-17 23:45:39 | INFO | Epoch 2 | Batch 280/2500 | Loss: 10.8790 | Avg Loss: 10.8642 | LR: 2.93e-05
2025-11-17 23:45:39 | INFO | Epoch 2 | Batch 285/2500 | Loss: 10.8570 | Avg Loss: 10.8642 | LR: 2.92e-05
2025-11-17 23:45:39 | INFO | Epoch 2 | Batch 290/2500 | Loss: 10.8756 | Avg Loss: 10.8641 | LR: 2.91e-05
2025-11-17 23:45:39 | INFO | Epoch 2 | Batch 295/2500 | Loss: 10.8522 | Avg Loss: 10.8642 | LR: 2.90e-05
2025-11-17 23:45:39 | INFO | Epoch 2 | Batch 300/2500 | Loss: 10.8611 | Avg Loss: 10.8641 | LR: 2.89e-05
2025-11-17 23:45:40 | INFO | Epoch 2 | Batch 305/2500 | Loss: 10.8629 | Avg Loss: 10.8641 | LR: 2.88e-05
2025-11-17 23:45:40 | INFO | Epoch 2 | Batch 310/2500 | Loss: 10.8428 | Avg Loss: 10.8640 | LR: 2.87e-05
2025-11-17 23:45:40 | INFO | Epoch 2 | Batch 315/2500 | Loss: 10.8777 | Avg Loss: 10.8640 | LR: 2.86e-05
2025-11-17 23:45:40 | INFO | Epoch 2 | Batch 320/2500 | Loss: 10.8549 | Avg Loss: 10.8639 | LR: 2.85e-05
2025-11-17 23:45:41 | INFO | Epoch 2 | Batch 325/2500 | Loss: 10.8542 | Avg Loss: 10.8639 | LR: 2.84e-05
2025-11-17 23:45:41 | INFO | Epoch 2 | Batch 330/2500 | Loss: 10.8710 | Avg Loss: 10.8639 | LR: 2.83e-05
2025-11-17 23:45:41 | INFO | Epoch 2 | Batch 335/2500 | Loss: 10.8564 | Avg Loss: 10.8638 | LR: 2.82e-05
2025-11-17 23:45:41 | INFO | Epoch 2 | Batch 340/2500 | Loss: 10.8558 | Avg Loss: 10.8638 | LR: 2.81e-05
2025-11-17 23:45:41 | INFO | Epoch 2 | Batch 345/2500 | Loss: 10.8735 | Avg Loss: 10.8638 | LR: 2.80e-05
2025-11-17 23:45:42 | INFO | Epoch 2 | Batch 350/2500 | Loss: 10.8695 | Avg Loss: 10.8638 | LR: 2.79e-05
2025-11-17 23:45:42 | INFO | Epoch 2 | Batch 355/2500 | Loss: 10.8554 | Avg Loss: 10.8638 | LR: 2.78e-05
2025-11-17 23:45:42 | INFO | Epoch 2 | Batch 360/2500 | Loss: 10.8598 | Avg Loss: 10.8637 | LR: 2.77e-05
2025-11-17 23:45:42 | INFO | Epoch 2 | Batch 365/2500 | Loss: 10.8624 | Avg Loss: 10.8637 | LR: 2.76e-05
2025-11-17 23:45:43 | INFO | Epoch 2 | Batch 370/2500 | Loss: 10.8613 | Avg Loss: 10.8636 | LR: 2.75e-05
2025-11-17 23:45:43 | INFO | Epoch 2 | Batch 375/2500 | Loss: 10.8605 | Avg Loss: 10.8636 | LR: 2.74e-05
2025-11-17 23:45:43 | INFO | Epoch 2 | Batch 380/2500 | Loss: 10.8649 | Avg Loss: 10.8635 | LR: 2.73e-05
2025-11-17 23:45:43 | INFO | Epoch 2 | Batch 385/2500 | Loss: 10.8558 | Avg Loss: 10.8635 | LR: 2.72e-05
2025-11-17 23:45:44 | INFO | Epoch 2 | Batch 390/2500 | Loss: 10.8490 | Avg Loss: 10.8635 | LR: 2.71e-05
2025-11-17 23:45:44 | INFO | Epoch 2 | Batch 395/2500 | Loss: 10.8652 | Avg Loss: 10.8634 | LR: 2.70e-05
2025-11-17 23:45:44 | INFO | Epoch 2 | Batch 400/2500 | Loss: 10.8485 | Avg Loss: 10.8634 | LR: 2.69e-05
2025-11-17 23:45:44 | INFO | Epoch 2 | Batch 405/2500 | Loss: 10.8690 | Avg Loss: 10.8633 | LR: 2.68e-05
2025-11-17 23:45:44 | INFO | Epoch 2 | Batch 410/2500 | Loss: 10.8657 | Avg Loss: 10.8632 | LR: 2.67e-05
2025-11-17 23:45:45 | INFO | Epoch 2 | Batch 415/2500 | Loss: 10.8525 | Avg Loss: 10.8632 | LR: 2.66e-05
2025-11-17 23:45:45 | INFO | Epoch 2 | Batch 420/2500 | Loss: 10.8602 | Avg Loss: 10.8632 | LR: 2.66e-05
2025-11-17 23:45:45 | INFO | Epoch 2 | Batch 425/2500 | Loss: 10.8705 | Avg Loss: 10.8631 | LR: 2.65e-05
2025-11-17 23:45:45 | INFO | Epoch 2 | Batch 430/2500 | Loss: 10.8577 | Avg Loss: 10.8631 | LR: 2.64e-05
2025-11-17 23:45:46 | INFO | Epoch 2 | Batch 435/2500 | Loss: 10.8621 | Avg Loss: 10.8631 | LR: 2.63e-05
2025-11-17 23:45:46 | INFO | Epoch 2 | Batch 440/2500 | Loss: 10.8596 | Avg Loss: 10.8631 | LR: 2.62e-05
2025-11-17 23:45:46 | INFO | Epoch 2 | Batch 445/2500 | Loss: 10.8533 | Avg Loss: 10.8630 | LR: 2.61e-05
2025-11-17 23:45:46 | INFO | Epoch 2 | Batch 450/2500 | Loss: 10.8611 | Avg Loss: 10.8629 | LR: 2.60e-05
2025-11-17 23:45:46 | INFO | Epoch 2 | Batch 455/2500 | Loss: 10.8676 | Avg Loss: 10.8629 | LR: 2.59e-05
2025-11-17 23:45:47 | INFO | Epoch 2 | Batch 460/2500 | Loss: 10.8593 | Avg Loss: 10.8629 | LR: 2.58e-05
2025-11-17 23:45:47 | INFO | Epoch 2 | Batch 465/2500 | Loss: 10.8765 | Avg Loss: 10.8629 | LR: 2.57e-05
2025-11-17 23:45:47 | INFO | Epoch 2 | Batch 470/2500 | Loss: 10.8597 | Avg Loss: 10.8629 | LR: 2.56e-05
2025-11-17 23:45:47 | INFO | Epoch 2 | Batch 475/2500 | Loss: 10.8750 | Avg Loss: 10.8629 | LR: 2.55e-05
2025-11-17 23:45:48 | INFO | Epoch 2 | Batch 480/2500 | Loss: 10.8598 | Avg Loss: 10.8630 | LR: 2.54e-05
2025-11-17 23:45:48 | INFO | Epoch 2 | Batch 485/2500 | Loss: 10.8535 | Avg Loss: 10.8629 | LR: 2.53e-05
2025-11-17 23:45:48 | INFO | Epoch 2 | Batch 490/2500 | Loss: 10.8724 | Avg Loss: 10.8629 | LR: 2.52e-05
2025-11-17 23:45:48 | INFO | Epoch 2 | Batch 495/2500 | Loss: 10.8606 | Avg Loss: 10.8629 | LR: 2.51e-05
2025-11-17 23:45:48 | INFO | Epoch 2 | Batch 500/2500 | Loss: 10.8611 | Avg Loss: 10.8628 | LR: 2.50e-05
2025-11-17 23:45:49 | INFO | Epoch 2 | Batch 505/2500 | Loss: 10.8489 | Avg Loss: 10.8627 | LR: 2.49e-05
2025-11-17 23:45:49 | INFO | Epoch 2 | Batch 510/2500 | Loss: 10.8582 | Avg Loss: 10.8627 | LR: 2.48e-05
2025-11-17 23:45:49 | INFO | Epoch 2 | Batch 515/2500 | Loss: 10.8679 | Avg Loss: 10.8627 | LR: 2.47e-05
2025-11-17 23:45:49 | INFO | Epoch 2 | Batch 520/2500 | Loss: 10.8514 | Avg Loss: 10.8627 | LR: 2.46e-05
2025-11-17 23:45:50 | INFO | Epoch 2 | Batch 525/2500 | Loss: 10.8613 | Avg Loss: 10.8628 | LR: 2.45e-05
2025-11-17 23:45:50 | INFO | Epoch 2 | Batch 530/2500 | Loss: 10.8629 | Avg Loss: 10.8627 | LR: 2.44e-05
2025-11-17 23:45:50 | INFO | Epoch 2 | Batch 535/2500 | Loss: 10.8784 | Avg Loss: 10.8627 | LR: 2.43e-05
2025-11-17 23:45:50 | INFO | Epoch 2 | Batch 540/2500 | Loss: 10.8649 | Avg Loss: 10.8627 | LR: 2.42e-05
2025-11-17 23:45:51 | INFO | Epoch 2 | Batch 545/2500 | Loss: 10.8561 | Avg Loss: 10.8626 | LR: 2.41e-05
2025-11-17 23:45:51 | INFO | Epoch 2 | Batch 550/2500 | Loss: 10.8554 | Avg Loss: 10.8626 | LR: 2.40e-05
2025-11-17 23:45:51 | INFO | Epoch 2 | Batch 555/2500 | Loss: 10.8612 | Avg Loss: 10.8626 | LR: 2.39e-05
2025-11-17 23:45:51 | INFO | Epoch 2 | Batch 560/2500 | Loss: 10.8633 | Avg Loss: 10.8625 | LR: 2.38e-05
2025-11-17 23:45:51 | INFO | Epoch 2 | Batch 565/2500 | Loss: 10.8600 | Avg Loss: 10.8625 | LR: 2.37e-05
2025-11-17 23:45:52 | INFO | Epoch 2 | Batch 570/2500 | Loss: 10.8615 | Avg Loss: 10.8625 | LR: 2.36e-05
2025-11-17 23:45:52 | INFO | Epoch 2 | Batch 575/2500 | Loss: 10.8414 | Avg Loss: 10.8624 | LR: 2.35e-05
2025-11-17 23:45:52 | INFO | Epoch 2 | Batch 580/2500 | Loss: 10.8599 | Avg Loss: 10.8624 | LR: 2.34e-05
2025-11-17 23:45:52 | INFO | Epoch 2 | Batch 585/2500 | Loss: 10.8723 | Avg Loss: 10.8624 | LR: 2.33e-05
2025-11-17 23:45:53 | INFO | Epoch 2 | Batch 590/2500 | Loss: 10.8596 | Avg Loss: 10.8623 | LR: 2.32e-05
2025-11-17 23:45:53 | INFO | Epoch 2 | Batch 595/2500 | Loss: 10.8522 | Avg Loss: 10.8623 | LR: 2.31e-05
2025-11-17 23:45:53 | INFO | Epoch 2 | Batch 600/2500 | Loss: 10.8583 | Avg Loss: 10.8622 | LR: 2.30e-05
2025-11-17 23:45:53 | INFO | Epoch 2 | Batch 605/2500 | Loss: 10.8638 | Avg Loss: 10.8623 | LR: 2.29e-05
2025-11-17 23:45:53 | INFO | Epoch 2 | Batch 610/2500 | Loss: 10.8502 | Avg Loss: 10.8622 | LR: 2.28e-05
2025-11-17 23:45:54 | INFO | Epoch 2 | Batch 615/2500 | Loss: 10.8497 | Avg Loss: 10.8622 | LR: 2.27e-05
2025-11-17 23:45:54 | INFO | Epoch 2 | Batch 620/2500 | Loss: 10.8647 | Avg Loss: 10.8622 | LR: 2.26e-05
2025-11-17 23:45:54 | INFO | Epoch 2 | Batch 625/2500 | Loss: 10.8611 | Avg Loss: 10.8621 | LR: 2.25e-05
2025-11-17 23:45:54 | INFO | Epoch 2 | Batch 630/2500 | Loss: 10.8665 | Avg Loss: 10.8622 | LR: 2.24e-05
2025-11-17 23:45:55 | INFO | Epoch 2 | Batch 635/2500 | Loss: 10.8502 | Avg Loss: 10.8622 | LR: 2.23e-05
2025-11-17 23:45:55 | INFO | Epoch 2 | Batch 640/2500 | Loss: 10.8614 | Avg Loss: 10.8621 | LR: 2.22e-05
2025-11-17 23:45:55 | INFO | Epoch 2 | Batch 645/2500 | Loss: 10.8602 | Avg Loss: 10.8621 | LR: 2.21e-05
2025-11-17 23:45:55 | INFO | Epoch 2 | Batch 650/2500 | Loss: 10.8475 | Avg Loss: 10.8620 | LR: 2.20e-05
2025-11-17 23:45:55 | INFO | Epoch 2 | Batch 655/2500 | Loss: 10.8555 | Avg Loss: 10.8620 | LR: 2.19e-05
2025-11-17 23:45:56 | INFO | Epoch 2 | Batch 660/2500 | Loss: 10.8470 | Avg Loss: 10.8619 | LR: 2.18e-05
2025-11-17 23:45:56 | INFO | Epoch 2 | Batch 665/2500 | Loss: 10.8603 | Avg Loss: 10.8619 | LR: 2.17e-05
2025-11-17 23:45:56 | INFO | Epoch 2 | Batch 670/2500 | Loss: 10.8497 | Avg Loss: 10.8619 | LR: 2.17e-05
2025-11-17 23:45:56 | INFO | Epoch 2 | Batch 675/2500 | Loss: 10.8491 | Avg Loss: 10.8619 | LR: 2.16e-05
2025-11-17 23:45:57 | INFO | Epoch 2 | Batch 680/2500 | Loss: 10.8585 | Avg Loss: 10.8618 | LR: 2.15e-05
2025-11-17 23:45:57 | INFO | Epoch 2 | Batch 685/2500 | Loss: 10.8588 | Avg Loss: 10.8618 | LR: 2.14e-05
2025-11-17 23:45:57 | INFO | Epoch 2 | Batch 690/2500 | Loss: 10.8763 | Avg Loss: 10.8618 | LR: 2.13e-05
2025-11-17 23:45:57 | INFO | Epoch 2 | Batch 695/2500 | Loss: 10.8477 | Avg Loss: 10.8617 | LR: 2.12e-05
2025-11-17 23:45:58 | INFO | Epoch 2 | Batch 700/2500 | Loss: 10.8522 | Avg Loss: 10.8617 | LR: 2.11e-05
2025-11-17 23:45:58 | INFO | Epoch 2 | Batch 705/2500 | Loss: 10.8573 | Avg Loss: 10.8616 | LR: 2.10e-05
2025-11-17 23:45:58 | INFO | Epoch 2 | Batch 710/2500 | Loss: 10.8529 | Avg Loss: 10.8615 | LR: 2.09e-05
2025-11-17 23:45:58 | INFO | Epoch 2 | Batch 715/2500 | Loss: 10.8591 | Avg Loss: 10.8615 | LR: 2.08e-05
2025-11-17 23:45:58 | INFO | Epoch 2 | Batch 720/2500 | Loss: 10.8543 | Avg Loss: 10.8615 | LR: 2.07e-05
2025-11-17 23:45:59 | INFO | Epoch 2 | Batch 725/2500 | Loss: 10.8527 | Avg Loss: 10.8615 | LR: 2.06e-05
2025-11-17 23:45:59 | INFO | Epoch 2 | Batch 730/2500 | Loss: 10.8619 | Avg Loss: 10.8615 | LR: 2.05e-05
2025-11-17 23:45:59 | INFO | Epoch 2 | Batch 735/2500 | Loss: 10.8521 | Avg Loss: 10.8614 | LR: 2.04e-05
2025-11-17 23:45:59 | INFO | Epoch 2 | Batch 740/2500 | Loss: 10.8607 | Avg Loss: 10.8614 | LR: 2.03e-05
2025-11-17 23:46:00 | INFO | Epoch 2 | Batch 745/2500 | Loss: 10.8463 | Avg Loss: 10.8614 | LR: 2.02e-05
2025-11-17 23:46:00 | INFO | Epoch 2 | Batch 750/2500 | Loss: 10.8519 | Avg Loss: 10.8614 | LR: 2.01e-05
2025-11-17 23:46:00 | INFO | Epoch 2 | Batch 755/2500 | Loss: 10.8554 | Avg Loss: 10.8614 | LR: 2.00e-05
2025-11-17 23:46:00 | INFO | Epoch 2 | Batch 760/2500 | Loss: 10.8532 | Avg Loss: 10.8613 | LR: 1.99e-05
2025-11-17 23:46:00 | INFO | Epoch 2 | Batch 765/2500 | Loss: 10.8598 | Avg Loss: 10.8613 | LR: 1.98e-05
2025-11-17 23:46:01 | INFO | Epoch 2 | Batch 770/2500 | Loss: 10.8622 | Avg Loss: 10.8613 | LR: 1.97e-05
2025-11-17 23:46:01 | INFO | Epoch 2 | Batch 775/2500 | Loss: 10.8525 | Avg Loss: 10.8612 | LR: 1.96e-05
2025-11-17 23:46:01 | INFO | Epoch 2 | Batch 780/2500 | Loss: 10.8624 | Avg Loss: 10.8612 | LR: 1.95e-05
2025-11-17 23:46:01 | INFO | Epoch 2 | Batch 785/2500 | Loss: 10.8493 | Avg Loss: 10.8612 | LR: 1.94e-05
2025-11-17 23:46:02 | INFO | Epoch 2 | Batch 790/2500 | Loss: 10.8583 | Avg Loss: 10.8612 | LR: 1.93e-05
2025-11-17 23:46:02 | INFO | Epoch 2 | Batch 795/2500 | Loss: 10.8677 | Avg Loss: 10.8612 | LR: 1.92e-05
2025-11-17 23:46:02 | INFO | Epoch 2 | Batch 800/2500 | Loss: 10.8637 | Avg Loss: 10.8611 | LR: 1.91e-05
2025-11-17 23:46:02 | INFO | Epoch 2 | Batch 805/2500 | Loss: 10.8506 | Avg Loss: 10.8611 | LR: 1.90e-05
2025-11-17 23:46:02 | INFO | Epoch 2 | Batch 810/2500 | Loss: 10.8485 | Avg Loss: 10.8611 | LR: 1.90e-05
2025-11-17 23:46:03 | INFO | Epoch 2 | Batch 815/2500 | Loss: 10.8468 | Avg Loss: 10.8610 | LR: 1.89e-05
2025-11-17 23:46:03 | INFO | Epoch 2 | Batch 820/2500 | Loss: 10.8547 | Avg Loss: 10.8610 | LR: 1.88e-05
2025-11-17 23:46:03 | INFO | Epoch 2 | Batch 825/2500 | Loss: 10.8511 | Avg Loss: 10.8610 | LR: 1.87e-05
2025-11-17 23:46:03 | INFO | Epoch 2 | Batch 830/2500 | Loss: 10.8644 | Avg Loss: 10.8610 | LR: 1.86e-05
2025-11-17 23:46:04 | INFO | Epoch 2 | Batch 835/2500 | Loss: 10.8503 | Avg Loss: 10.8609 | LR: 1.85e-05
2025-11-17 23:46:04 | INFO | Epoch 2 | Batch 840/2500 | Loss: 10.8630 | Avg Loss: 10.8609 | LR: 1.84e-05
2025-11-17 23:46:04 | INFO | Epoch 2 | Batch 845/2500 | Loss: 10.8652 | Avg Loss: 10.8609 | LR: 1.83e-05
2025-11-17 23:46:04 | INFO | Epoch 2 | Batch 850/2500 | Loss: 10.8453 | Avg Loss: 10.8609 | LR: 1.82e-05
2025-11-17 23:46:04 | INFO | Epoch 2 | Batch 855/2500 | Loss: 10.8422 | Avg Loss: 10.8609 | LR: 1.81e-05
2025-11-17 23:46:05 | INFO | Epoch 2 | Batch 860/2500 | Loss: 10.8664 | Avg Loss: 10.8609 | LR: 1.80e-05
2025-11-17 23:46:05 | INFO | Epoch 2 | Batch 865/2500 | Loss: 10.8482 | Avg Loss: 10.8608 | LR: 1.79e-05
2025-11-17 23:46:05 | INFO | Epoch 2 | Batch 870/2500 | Loss: 10.8534 | Avg Loss: 10.8608 | LR: 1.78e-05
2025-11-17 23:46:05 | INFO | Epoch 2 | Batch 875/2500 | Loss: 10.8519 | Avg Loss: 10.8607 | LR: 1.77e-05
2025-11-17 23:46:06 | INFO | Epoch 2 | Batch 880/2500 | Loss: 10.8533 | Avg Loss: 10.8607 | LR: 1.76e-05
2025-11-17 23:46:06 | INFO | Epoch 2 | Batch 885/2500 | Loss: 10.8564 | Avg Loss: 10.8607 | LR: 1.75e-05
2025-11-17 23:46:06 | INFO | Epoch 2 | Batch 890/2500 | Loss: 10.8456 | Avg Loss: 10.8606 | LR: 1.74e-05
2025-11-17 23:46:06 | INFO | Epoch 2 | Batch 895/2500 | Loss: 10.8557 | Avg Loss: 10.8606 | LR: 1.73e-05
2025-11-17 23:46:07 | INFO | Epoch 2 | Batch 900/2500 | Loss: 10.8600 | Avg Loss: 10.8606 | LR: 1.73e-05
2025-11-17 23:46:07 | INFO | Epoch 2 | Batch 905/2500 | Loss: 10.8507 | Avg Loss: 10.8605 | LR: 1.72e-05
2025-11-17 23:46:07 | INFO | Epoch 2 | Batch 910/2500 | Loss: 10.8529 | Avg Loss: 10.8605 | LR: 1.71e-05
2025-11-17 23:46:07 | INFO | Epoch 2 | Batch 915/2500 | Loss: 10.8472 | Avg Loss: 10.8604 | LR: 1.70e-05
2025-11-17 23:46:07 | INFO | Epoch 2 | Batch 920/2500 | Loss: 10.8513 | Avg Loss: 10.8604 | LR: 1.69e-05
2025-11-17 23:46:08 | INFO | Epoch 2 | Batch 925/2500 | Loss: 10.8605 | Avg Loss: 10.8604 | LR: 1.68e-05
2025-11-17 23:46:08 | INFO | Epoch 2 | Batch 930/2500 | Loss: 10.8535 | Avg Loss: 10.8604 | LR: 1.67e-05
2025-11-17 23:46:08 | INFO | Epoch 2 | Batch 935/2500 | Loss: 10.8550 | Avg Loss: 10.8603 | LR: 1.66e-05
2025-11-17 23:46:08 | INFO | Epoch 2 | Batch 940/2500 | Loss: 10.8467 | Avg Loss: 10.8603 | LR: 1.65e-05
2025-11-17 23:46:09 | INFO | Epoch 2 | Batch 945/2500 | Loss: 10.8533 | Avg Loss: 10.8603 | LR: 1.64e-05
2025-11-17 23:46:09 | INFO | Epoch 2 | Batch 950/2500 | Loss: 10.8478 | Avg Loss: 10.8602 | LR: 1.63e-05
2025-11-17 23:46:09 | INFO | Epoch 2 | Batch 955/2500 | Loss: 10.8459 | Avg Loss: 10.8601 | LR: 1.62e-05
2025-11-17 23:46:09 | INFO | Epoch 2 | Batch 960/2500 | Loss: 10.8589 | Avg Loss: 10.8601 | LR: 1.61e-05
2025-11-17 23:46:09 | INFO | Epoch 2 | Batch 965/2500 | Loss: 10.8467 | Avg Loss: 10.8601 | LR: 1.61e-05
2025-11-17 23:46:10 | INFO | Epoch 2 | Batch 970/2500 | Loss: 10.8532 | Avg Loss: 10.8601 | LR: 1.60e-05
2025-11-17 23:46:10 | INFO | Epoch 2 | Batch 975/2500 | Loss: 10.8569 | Avg Loss: 10.8600 | LR: 1.59e-05
2025-11-17 23:46:10 | INFO | Epoch 2 | Batch 980/2500 | Loss: 10.8512 | Avg Loss: 10.8600 | LR: 1.58e-05
2025-11-17 23:46:10 | INFO | Epoch 2 | Batch 985/2500 | Loss: 10.8630 | Avg Loss: 10.8600 | LR: 1.57e-05
2025-11-17 23:46:11 | INFO | Epoch 2 | Batch 990/2500 | Loss: 10.8535 | Avg Loss: 10.8599 | LR: 1.56e-05
2025-11-17 23:46:11 | INFO | Epoch 2 | Batch 995/2500 | Loss: 10.8539 | Avg Loss: 10.8599 | LR: 1.55e-05
2025-11-17 23:46:11 | INFO | Epoch 2 | Batch 1000/2500 | Loss: 10.8514 | Avg Loss: 10.8599 | LR: 1.54e-05
2025-11-17 23:46:11 | INFO | Epoch 2 | Batch 1005/2500 | Loss: 10.8539 | Avg Loss: 10.8598 | LR: 1.53e-05
2025-11-17 23:46:11 | INFO | Epoch 2 | Batch 1010/2500 | Loss: 10.8577 | Avg Loss: 10.8598 | LR: 1.52e-05
2025-11-17 23:46:12 | INFO | Epoch 2 | Batch 1015/2500 | Loss: 10.8528 | Avg Loss: 10.8598 | LR: 1.51e-05
2025-11-17 23:46:12 | INFO | Epoch 2 | Batch 1020/2500 | Loss: 10.8421 | Avg Loss: 10.8597 | LR: 1.51e-05
2025-11-17 23:46:12 | INFO | Epoch 2 | Batch 1025/2500 | Loss: 10.8613 | Avg Loss: 10.8597 | LR: 1.50e-05
2025-11-17 23:46:12 | INFO | Epoch 2 | Batch 1030/2500 | Loss: 10.8577 | Avg Loss: 10.8597 | LR: 1.49e-05
2025-11-17 23:46:13 | INFO | Epoch 2 | Batch 1035/2500 | Loss: 10.8541 | Avg Loss: 10.8597 | LR: 1.48e-05
2025-11-17 23:46:13 | INFO | Epoch 2 | Batch 1040/2500 | Loss: 10.8542 | Avg Loss: 10.8597 | LR: 1.47e-05
2025-11-17 23:46:13 | INFO | Epoch 2 | Batch 1045/2500 | Loss: 10.8436 | Avg Loss: 10.8596 | LR: 1.46e-05
2025-11-17 23:46:13 | INFO | Epoch 2 | Batch 1050/2500 | Loss: 10.8577 | Avg Loss: 10.8596 | LR: 1.45e-05
2025-11-17 23:46:14 | INFO | Epoch 2 | Batch 1055/2500 | Loss: 10.8588 | Avg Loss: 10.8596 | LR: 1.44e-05
2025-11-17 23:46:14 | INFO | Epoch 2 | Batch 1060/2500 | Loss: 10.8537 | Avg Loss: 10.8596 | LR: 1.43e-05
2025-11-17 23:46:14 | INFO | Epoch 2 | Batch 1065/2500 | Loss: 10.8488 | Avg Loss: 10.8595 | LR: 1.42e-05
2025-11-17 23:46:14 | INFO | Epoch 2 | Batch 1070/2500 | Loss: 10.8644 | Avg Loss: 10.8595 | LR: 1.42e-05
2025-11-17 23:46:14 | INFO | Epoch 2 | Batch 1075/2500 | Loss: 10.8481 | Avg Loss: 10.8595 | LR: 1.41e-05
2025-11-17 23:46:15 | INFO | Epoch 2 | Batch 1080/2500 | Loss: 10.8508 | Avg Loss: 10.8594 | LR: 1.40e-05
2025-11-17 23:46:15 | INFO | Epoch 2 | Batch 1085/2500 | Loss: 10.8519 | Avg Loss: 10.8594 | LR: 1.39e-05
2025-11-17 23:46:15 | INFO | Epoch 2 | Batch 1090/2500 | Loss: 10.8517 | Avg Loss: 10.8594 | LR: 1.38e-05
2025-11-17 23:46:15 | INFO | Epoch 2 | Batch 1095/2500 | Loss: 10.8520 | Avg Loss: 10.8593 | LR: 1.37e-05
2025-11-17 23:46:16 | INFO | Epoch 2 | Batch 1100/2500 | Loss: 10.8599 | Avg Loss: 10.8593 | LR: 1.36e-05
2025-11-17 23:46:16 | INFO | Epoch 2 | Batch 1105/2500 | Loss: 10.8601 | Avg Loss: 10.8593 | LR: 1.35e-05
2025-11-17 23:46:16 | INFO | Epoch 2 | Batch 1110/2500 | Loss: 10.8566 | Avg Loss: 10.8592 | LR: 1.35e-05
2025-11-17 23:46:16 | INFO | Epoch 2 | Batch 1115/2500 | Loss: 10.8531 | Avg Loss: 10.8592 | LR: 1.34e-05
2025-11-17 23:46:16 | INFO | Epoch 2 | Batch 1120/2500 | Loss: 10.8482 | Avg Loss: 10.8592 | LR: 1.33e-05
2025-11-17 23:46:17 | INFO | Epoch 2 | Batch 1125/2500 | Loss: 10.8592 | Avg Loss: 10.8592 | LR: 1.32e-05
2025-11-17 23:46:17 | INFO | Epoch 2 | Batch 1130/2500 | Loss: 10.8475 | Avg Loss: 10.8592 | LR: 1.31e-05
2025-11-17 23:46:17 | INFO | Epoch 2 | Batch 1135/2500 | Loss: 10.8582 | Avg Loss: 10.8591 | LR: 1.30e-05
2025-11-17 23:46:17 | INFO | Epoch 2 | Batch 1140/2500 | Loss: 10.8458 | Avg Loss: 10.8591 | LR: 1.29e-05
2025-11-17 23:46:18 | INFO | Epoch 2 | Batch 1145/2500 | Loss: 10.8482 | Avg Loss: 10.8591 | LR: 1.29e-05
2025-11-17 23:46:18 | INFO | Epoch 2 | Batch 1150/2500 | Loss: 10.8550 | Avg Loss: 10.8590 | LR: 1.28e-05
2025-11-17 23:46:18 | INFO | Epoch 2 | Batch 1155/2500 | Loss: 10.8629 | Avg Loss: 10.8590 | LR: 1.27e-05
2025-11-17 23:46:18 | INFO | Epoch 2 | Batch 1160/2500 | Loss: 10.8538 | Avg Loss: 10.8590 | LR: 1.26e-05
2025-11-17 23:46:18 | INFO | Epoch 2 | Batch 1165/2500 | Loss: 10.8517 | Avg Loss: 10.8589 | LR: 1.25e-05
2025-11-17 23:46:19 | INFO | Epoch 2 | Batch 1170/2500 | Loss: 10.8622 | Avg Loss: 10.8589 | LR: 1.24e-05
2025-11-17 23:46:19 | INFO | Epoch 2 | Batch 1175/2500 | Loss: 10.8491 | Avg Loss: 10.8589 | LR: 1.23e-05
2025-11-17 23:46:19 | INFO | Epoch 2 | Batch 1180/2500 | Loss: 10.8620 | Avg Loss: 10.8589 | LR: 1.23e-05
2025-11-17 23:46:19 | INFO | Epoch 2 | Batch 1185/2500 | Loss: 10.8459 | Avg Loss: 10.8588 | LR: 1.22e-05
2025-11-17 23:46:20 | INFO | Epoch 2 | Batch 1190/2500 | Loss: 10.8410 | Avg Loss: 10.8588 | LR: 1.21e-05
2025-11-17 23:46:20 | INFO | Epoch 2 | Batch 1195/2500 | Loss: 10.8582 | Avg Loss: 10.8588 | LR: 1.20e-05
2025-11-17 23:46:20 | INFO | Epoch 2 | Batch 1200/2500 | Loss: 10.8458 | Avg Loss: 10.8587 | LR: 1.19e-05
2025-11-17 23:46:20 | INFO | Epoch 2 | Batch 1205/2500 | Loss: 10.8516 | Avg Loss: 10.8587 | LR: 1.18e-05
2025-11-17 23:46:21 | INFO | Epoch 2 | Batch 1210/2500 | Loss: 10.8553 | Avg Loss: 10.8587 | LR: 1.18e-05
2025-11-17 23:46:21 | INFO | Epoch 2 | Batch 1215/2500 | Loss: 10.8387 | Avg Loss: 10.8587 | LR: 1.17e-05
