2025-11-17 23:52:07 | INFO | ================================================================================
2025-11-17 23:52:07 | INFO | 🚀 STARTING 100M PARAMETER TRAINING
2025-11-17 23:52:07 | INFO | ================================================================================
2025-11-17 23:52:07 | INFO | Device: cuda:0
2025-11-17 23:52:07 | INFO | Distributed: Rank 0/1
2025-11-17 23:52:07 | INFO | Loaded config from code/configs/moe/tiny_moe.yaml
2025-11-17 23:52:07 | INFO | 
📊 Training Config:
2025-11-17 23:52:07 | INFO |    Epochs: 3
2025-11-17 23:52:07 | INFO |    Batch size: 32
2025-11-17 23:52:07 | INFO |    Learning rate: 2.00e-03
2025-11-17 23:52:07 | INFO |    Gradient accumulation: 1
2025-11-17 23:52:07 | INFO | 
🤖 Creating model...
2025-11-17 23:52:07 | INFO |    Parameters: 179,422,712 (179.4M)
2025-11-17 23:52:07 | INFO | 
⚡ Setting up optimizer and scheduler...
2025-11-17 23:52:08 | INFO | 
📊 Creating dataloaders...
2025-11-17 23:52:08 | INFO | 
================================================================================
2025-11-17 23:52:08 | INFO | 🏋️  STARTING TRAINING
2025-11-17 23:52:08 | INFO | ================================================================================
2025-11-17 23:52:08 | INFO | Epoch 1 | Batch 0/312 | Loss: 10.9929 | Avg Loss: 10.9929 | LR: 2.02e-04
2025-11-17 23:52:16 | INFO | Epoch 1 | Batch 50/312 | Loss: 10.9559 | Avg Loss: 10.9782 | LR: 2.92e-04
2025-11-17 23:52:24 | INFO | Epoch 1 | Batch 100/312 | Loss: 10.9197 | Avg Loss: 10.9585 | LR: 3.82e-04
2025-11-17 23:52:36 | INFO | Epoch 1 | Batch 150/312 | Loss: 10.9072 | Avg Loss: 10.9429 | LR: 4.72e-04
2025-11-17 23:52:48 | INFO | Epoch 1 | Batch 200/312 | Loss: 10.8911 | Avg Loss: 10.9320 | LR: 5.62e-04
2025-11-17 23:52:58 | INFO | Epoch 1 | Batch 250/312 | Loss: 10.8855 | Avg Loss: 10.9236 | LR: 6.52e-04
2025-11-17 23:53:06 | INFO | Epoch 1 | Batch 300/312 | Loss: 10.8760 | Avg Loss: 10.9167 | LR: 7.42e-04
2025-11-17 23:53:08 | INFO | ✅ Epoch 1 - Train Loss: 10.9152
2025-11-17 23:53:11 | INFO | 📈 Validation Loss: 10.8726
2025-11-17 23:53:14 | INFO | 💾 Saved checkpoint (val_loss: 10.8726)
2025-11-17 23:53:14 | INFO | Epoch 2 | Batch 0/312 | Loss: 10.8738 | Avg Loss: 10.8738 | LR: 7.63e-04
2025-11-17 23:53:22 | INFO | Epoch 2 | Batch 50/312 | Loss: 10.8706 | Avg Loss: 10.8710 | LR: 8.53e-04
2025-11-17 23:53:30 | INFO | Epoch 2 | Batch 100/312 | Loss: 10.8620 | Avg Loss: 10.8680 | LR: 9.43e-04
2025-11-17 23:53:38 | INFO | Epoch 2 | Batch 150/312 | Loss: 10.8568 | Avg Loss: 10.8654 | LR: 1.03e-03
2025-11-17 23:53:45 | INFO | Epoch 2 | Batch 200/312 | Loss: 10.8513 | Avg Loss: 10.8628 | LR: 1.12e-03
2025-11-17 23:53:53 | INFO | Epoch 2 | Batch 250/312 | Loss: 10.8499 | Avg Loss: 10.8604 | LR: 1.21e-03
2025-11-17 23:54:01 | INFO | Epoch 2 | Batch 300/312 | Loss: 10.8463 | Avg Loss: 10.8583 | LR: 1.30e-03
2025-11-17 23:54:03 | INFO | ✅ Epoch 2 - Train Loss: 10.8579
2025-11-17 23:54:06 | INFO | 📈 Validation Loss: 10.8437
2025-11-17 23:54:08 | INFO | 💾 Saved checkpoint (val_loss: 10.8437)
2025-11-17 23:54:08 | INFO | Epoch 3 | Batch 0/312 | Loss: 10.8455 | Avg Loss: 10.8455 | LR: 1.33e-03
2025-11-17 23:54:16 | INFO | Epoch 3 | Batch 50/312 | Loss: 10.8442 | Avg Loss: 10.8440 | LR: 1.41e-03
2025-11-17 23:54:24 | INFO | Epoch 3 | Batch 100/312 | Loss: 10.8420 | Avg Loss: 10.8425 | LR: 1.51e-03
2025-11-17 23:54:32 | INFO | Epoch 3 | Batch 150/312 | Loss: 10.8377 | Avg Loss: 10.8415 | LR: 1.60e-03
2025-11-17 23:54:40 | INFO | Epoch 3 | Batch 200/312 | Loss: 10.8371 | Avg Loss: 10.8406 | LR: 1.69e-03
2025-11-17 23:54:48 | INFO | Epoch 3 | Batch 250/312 | Loss: 10.8361 | Avg Loss: 10.8399 | LR: 1.78e-03
2025-11-17 23:54:55 | INFO | Epoch 3 | Batch 300/312 | Loss: 10.8370 | Avg Loss: 10.8393 | LR: 1.87e-03
2025-11-17 23:54:57 | INFO | ✅ Epoch 3 - Train Loss: 10.8392
2025-11-17 23:55:00 | INFO | 📈 Validation Loss: 10.8358
2025-11-17 23:55:02 | INFO | 💾 Saved checkpoint (val_loss: 10.8358)
2025-11-17 23:55:02 | INFO | 
================================================================================
2025-11-17 23:55:02 | INFO | ✅ TRAINING COMPLETE
2025-11-17 23:55:02 | INFO | ================================================================================
2025-11-17 23:55:02 | INFO | 📊 Summary:
2025-11-17 23:55:02 | INFO |    Total epochs: 3
2025-11-17 23:55:02 | INFO |    Best validation loss: 10.8358
2025-11-17 23:55:02 | INFO |    Model parameters: 179,422,712
2025-11-17 23:55:02 | INFO |    Save directory: ./checkpoints
