2025-11-18 11:39:51 | INFO | ================================================================================
2025-11-18 11:39:51 | INFO | 🚀 STARTING 100M PARAMETER TRAINING
2025-11-18 11:39:51 | INFO | ================================================================================
2025-11-18 11:39:51 | INFO | Device: cuda:0
2025-11-18 11:39:51 | INFO | Distributed: Rank 0/1
2025-11-18 11:39:51 | INFO | Loaded config from code/configs/moe/minimal_working.yaml
2025-11-18 11:39:51 | INFO | 
📊 Training Config:
2025-11-18 11:39:51 | INFO |    Epochs: 3
2025-11-18 11:39:51 | INFO |    Batch size: 2
2025-11-18 11:39:51 | INFO |    Learning rate: 1.00e-04
2025-11-18 11:39:51 | INFO |    Gradient accumulation: 4
2025-11-18 11:39:51 | INFO | 
🤖 Creating model...
2025-11-18 11:39:51 | INFO |    Parameters: 58,252,792 (58.3M)
2025-11-18 11:39:51 | INFO | 
⚡ Setting up optimizer and scheduler...
2025-11-18 11:39:52 | INFO | 
📊 Creating dataloaders...
2025-11-18 11:39:56 | INFO | 
================================================================================
2025-11-18 11:39:56 | INFO | 🏋️  STARTING TRAINING
2025-11-18 11:39:56 | INFO | ================================================================================
2025-11-18 11:39:56 | INFO | Epoch 1 | Batch 0/5000 | Loss: 11.0083 | Avg Loss: 11.0083 | LR: 1.00e-05
2025-11-18 11:39:56 | INFO | Epoch 1 | Batch 10/5000 | Loss: 11.0032 | Avg Loss: 10.9907 | LR: 1.18e-05
2025-11-18 11:39:57 | INFO | Epoch 1 | Batch 20/5000 | Loss: 10.9945 | Avg Loss: 10.9975 | LR: 1.45e-05
2025-11-18 11:39:57 | INFO | Epoch 1 | Batch 30/5000 | Loss: 11.0417 | Avg Loss: 10.9974 | LR: 1.63e-05
2025-11-18 11:39:57 | INFO | Epoch 1 | Batch 40/5000 | Loss: 10.9840 | Avg Loss: 11.0004 | LR: 1.90e-05
2025-11-18 11:39:57 | INFO | Epoch 1 | Batch 50/5000 | Loss: 11.0496 | Avg Loss: 11.0004 | LR: 2.08e-05
2025-11-18 11:39:57 | INFO | Epoch 1 | Batch 60/5000 | Loss: 11.0002 | Avg Loss: 11.0020 | LR: 2.35e-05
2025-11-18 11:39:57 | INFO | Epoch 1 | Batch 70/5000 | Loss: 10.9749 | Avg Loss: 11.0024 | LR: 2.53e-05
2025-11-18 11:39:57 | INFO | Epoch 1 | Batch 80/5000 | Loss: 10.9613 | Avg Loss: 11.0046 | LR: 2.80e-05
2025-11-18 11:39:57 | INFO | Epoch 1 | Batch 90/5000 | Loss: 11.0002 | Avg Loss: 11.0046 | LR: 2.98e-05
2025-11-18 11:39:57 | INFO | Epoch 1 | Batch 100/5000 | Loss: 10.9569 | Avg Loss: 11.0030 | LR: 3.25e-05
2025-11-18 11:39:57 | INFO | Epoch 1 | Batch 110/5000 | Loss: 10.9949 | Avg Loss: 11.0023 | LR: 3.43e-05
2025-11-18 11:39:57 | INFO | Epoch 1 | Batch 120/5000 | Loss: 11.0095 | Avg Loss: 11.0028 | LR: 3.70e-05
2025-11-18 11:39:57 | INFO | Epoch 1 | Batch 130/5000 | Loss: 11.0624 | Avg Loss: 11.0035 | LR: 3.88e-05
2025-11-18 11:39:57 | INFO | Epoch 1 | Batch 140/5000 | Loss: 10.9880 | Avg Loss: 11.0032 | LR: 4.15e-05
2025-11-18 11:39:57 | INFO | Epoch 1 | Batch 150/5000 | Loss: 10.9995 | Avg Loss: 11.0025 | LR: 4.33e-05
2025-11-18 11:39:58 | INFO | Epoch 1 | Batch 160/5000 | Loss: 10.9873 | Avg Loss: 11.0020 | LR: 4.60e-05
2025-11-18 11:39:58 | INFO | Epoch 1 | Batch 170/5000 | Loss: 11.0052 | Avg Loss: 11.0013 | LR: 4.78e-05
2025-11-18 11:39:58 | INFO | Epoch 1 | Batch 180/5000 | Loss: 11.0342 | Avg Loss: 11.0014 | LR: 5.05e-05
2025-11-18 11:39:58 | INFO | Epoch 1 | Batch 190/5000 | Loss: 11.0149 | Avg Loss: 11.0015 | LR: 5.23e-05
2025-11-18 11:39:58 | INFO | Epoch 1 | Batch 200/5000 | Loss: 10.9786 | Avg Loss: 11.0010 | LR: 5.50e-05
2025-11-18 11:39:58 | INFO | Epoch 1 | Batch 210/5000 | Loss: 11.0153 | Avg Loss: 11.0010 | LR: 5.68e-05
2025-11-18 11:39:58 | INFO | Epoch 1 | Batch 220/5000 | Loss: 10.9667 | Avg Loss: 11.0007 | LR: 5.95e-05
2025-11-18 11:39:58 | INFO | Epoch 1 | Batch 230/5000 | Loss: 10.9658 | Avg Loss: 11.0004 | LR: 6.13e-05
2025-11-18 11:39:58 | INFO | Epoch 1 | Batch 240/5000 | Loss: 11.0031 | Avg Loss: 11.0008 | LR: 6.40e-05
2025-11-18 11:39:58 | INFO | Epoch 1 | Batch 250/5000 | Loss: 10.9824 | Avg Loss: 11.0012 | LR: 6.58e-05
2025-11-18 11:39:58 | INFO | Epoch 1 | Batch 260/5000 | Loss: 11.0010 | Avg Loss: 11.0010 | LR: 6.85e-05
2025-11-18 11:39:58 | INFO | Epoch 1 | Batch 270/5000 | Loss: 11.0225 | Avg Loss: 11.0014 | LR: 7.03e-05
2025-11-18 11:39:58 | INFO | Epoch 1 | Batch 280/5000 | Loss: 11.0082 | Avg Loss: 11.0013 | LR: 7.30e-05
2025-11-18 11:39:58 | INFO | Epoch 1 | Batch 290/5000 | Loss: 11.0394 | Avg Loss: 11.0015 | LR: 7.48e-05
2025-11-18 11:39:58 | INFO | Epoch 1 | Batch 300/5000 | Loss: 10.9854 | Avg Loss: 11.0012 | LR: 7.75e-05
2025-11-18 11:39:59 | INFO | Epoch 1 | Batch 310/5000 | Loss: 11.0215 | Avg Loss: 11.0009 | LR: 7.93e-05
2025-11-18 11:39:59 | INFO | Epoch 1 | Batch 320/5000 | Loss: 11.0432 | Avg Loss: 11.0013 | LR: 8.20e-05
2025-11-18 11:39:59 | INFO | Epoch 1 | Batch 330/5000 | Loss: 11.0015 | Avg Loss: 11.0013 | LR: 8.38e-05
2025-11-18 11:39:59 | INFO | Epoch 1 | Batch 340/5000 | Loss: 10.9819 | Avg Loss: 11.0012 | LR: 8.65e-05
2025-11-18 11:39:59 | INFO | Epoch 1 | Batch 350/5000 | Loss: 11.0087 | Avg Loss: 11.0009 | LR: 8.83e-05
2025-11-18 11:39:59 | INFO | Epoch 1 | Batch 360/5000 | Loss: 11.0060 | Avg Loss: 11.0007 | LR: 9.10e-05
2025-11-18 11:39:59 | INFO | Epoch 1 | Batch 370/5000 | Loss: 11.0289 | Avg Loss: 11.0009 | LR: 9.28e-05
2025-11-18 11:39:59 | INFO | Epoch 1 | Batch 380/5000 | Loss: 10.9523 | Avg Loss: 11.0005 | LR: 9.55e-05
2025-11-18 11:39:59 | INFO | Epoch 1 | Batch 390/5000 | Loss: 10.9918 | Avg Loss: 11.0007 | LR: 9.73e-05
2025-11-18 11:39:59 | INFO | Epoch 1 | Batch 400/5000 | Loss: 11.0046 | Avg Loss: 11.0010 | LR: 1.00e-04
2025-11-18 11:39:59 | INFO | Epoch 1 | Batch 410/5000 | Loss: 11.0194 | Avg Loss: 11.0010 | LR: 1.00e-04
2025-11-18 11:39:59 | INFO | Epoch 1 | Batch 420/5000 | Loss: 10.9843 | Avg Loss: 11.0005 | LR: 1.00e-04
2025-11-18 11:39:59 | INFO | Epoch 1 | Batch 430/5000 | Loss: 11.0181 | Avg Loss: 11.0006 | LR: 1.00e-04
2025-11-18 11:39:59 | INFO | Epoch 1 | Batch 440/5000 | Loss: 11.0327 | Avg Loss: 11.0006 | LR: 1.00e-04
2025-11-18 11:40:00 | INFO | Epoch 1 | Batch 450/5000 | Loss: 11.0103 | Avg Loss: 11.0006 | LR: 1.00e-04
2025-11-18 11:40:00 | INFO | Epoch 1 | Batch 460/5000 | Loss: 11.0050 | Avg Loss: 11.0006 | LR: 1.00e-04
2025-11-18 11:40:00 | INFO | Epoch 1 | Batch 470/5000 | Loss: 10.9358 | Avg Loss: 11.0004 | LR: 1.00e-04
2025-11-18 11:40:00 | INFO | Epoch 1 | Batch 480/5000 | Loss: 10.9550 | Avg Loss: 11.0003 | LR: 1.00e-04
2025-11-18 11:40:00 | INFO | Epoch 1 | Batch 490/5000 | Loss: 10.9536 | Avg Loss: 10.9999 | LR: 1.00e-04
2025-11-18 11:40:00 | INFO | Epoch 1 | Batch 500/5000 | Loss: 10.9830 | Avg Loss: 10.9997 | LR: 1.00e-04
2025-11-18 11:40:00 | INFO | Epoch 1 | Batch 510/5000 | Loss: 11.0004 | Avg Loss: 10.9999 | LR: 1.00e-04
2025-11-18 11:40:00 | INFO | Epoch 1 | Batch 520/5000 | Loss: 10.9830 | Avg Loss: 10.9997 | LR: 1.00e-04
2025-11-18 11:40:00 | INFO | Epoch 1 | Batch 530/5000 | Loss: 11.0182 | Avg Loss: 10.9998 | LR: 1.00e-04
2025-11-18 11:40:00 | INFO | Epoch 1 | Batch 540/5000 | Loss: 11.0220 | Avg Loss: 10.9999 | LR: 1.00e-04
2025-11-18 11:40:00 | ERROR | Error in batch 540: [Errno 32] Broken pipe
2025-11-18 11:40:00 | ERROR | Error in batch 541: [Errno 32] Broken pipe
2025-11-18 11:40:00 | ERROR | Error in batch 542: [Errno 32] Broken pipe
2025-11-18 11:40:00 | ERROR | Error in batch 543: [Errno 32] Broken pipe
2025-11-18 11:40:00 | ERROR | Error in batch 544: [Errno 32] Broken pipe
2025-11-18 11:40:00 | ERROR | Error in batch 545: [Errno 32] Broken pipe
2025-11-18 11:40:00 | ERROR | Error in batch 546: [Errno 32] Broken pipe
2025-11-18 11:40:00 | ERROR | Error in batch 547: [Errno 32] Broken pipe
2025-11-18 11:40:00 | ERROR | Error in batch 548: [Errno 32] Broken pipe
2025-11-18 11:40:00 | ERROR | Error in batch 549: [Errno 32] Broken pipe
2025-11-18 11:40:00 | INFO | Epoch 1 | Batch 550/5000 | Loss: 10.9811 | Avg Loss: 10.9997 | LR: 1.00e-04
2025-11-18 11:40:00 | ERROR | Error in batch 550: [Errno 32] Broken pipe
2025-11-18 11:40:00 | ERROR | Error in batch 551: [Errno 32] Broken pipe
