2025-11-18 13:04:12 | INFO | ================================================================================
2025-11-18 13:04:12 | INFO | 🚀 STARTING 100M PARAMETER TRAINING
2025-11-18 13:04:12 | INFO | ================================================================================
2025-11-18 13:04:12 | INFO | Device: cuda:0
2025-11-18 13:04:12 | INFO | Distributed: Rank 0/1
2025-11-18 13:04:12 | INFO | Loaded config from /project/code/configs/moe/minimal_working.yaml
2025-11-18 13:04:12 | INFO | 
📊 Training Config:
2025-11-18 13:04:12 | INFO |    Epochs: 3
2025-11-18 13:04:12 | INFO |    Batch size: 64
2025-11-18 13:04:12 | INFO |    Learning rate: 1.00e-04
2025-11-18 13:04:12 | INFO |    Gradient accumulation: 4
2025-11-18 13:04:12 | INFO | 
🤖 Creating model...
2025-11-18 13:04:12 | INFO |    Parameters: 58,252,792 (58.3M)
2025-11-18 13:04:12 | INFO | 
⚡ Setting up optimizer and scheduler...
2025-11-18 13:04:13 | INFO | 
📊 Creating dataloaders...
2025-11-18 13:04:13 | INFO | 
================================================================================
2025-11-18 13:04:13 | INFO | 🏋️  STARTING TRAINING
2025-11-18 13:04:13 | INFO | ================================================================================
2025-11-18 13:04:14 | INFO | Epoch 1 | Batch 0/3125 | Loss: 10.9992 | Avg Loss: 10.9992 | LR: 1.00e-05
2025-11-18 13:04:15 | INFO | Epoch 1 | Batch 10/3125 | Loss: 10.9960 | Avg Loss: 11.0011 | LR: 1.18e-05
2025-11-18 13:04:16 | INFO | Epoch 1 | Batch 20/3125 | Loss: 10.9993 | Avg Loss: 10.9995 | LR: 1.45e-05
2025-11-18 13:04:17 | INFO | Epoch 1 | Batch 30/3125 | Loss: 10.9995 | Avg Loss: 10.9998 | LR: 1.63e-05
2025-11-18 13:04:18 | INFO | Epoch 1 | Batch 40/3125 | Loss: 10.9908 | Avg Loss: 10.9997 | LR: 1.90e-05
2025-11-18 13:04:19 | INFO | Epoch 1 | Batch 50/3125 | Loss: 10.9958 | Avg Loss: 10.9997 | LR: 2.08e-05
2025-11-18 13:04:20 | INFO | Epoch 1 | Batch 60/3125 | Loss: 11.0005 | Avg Loss: 11.0001 | LR: 2.35e-05
2025-11-18 13:04:21 | INFO | Epoch 1 | Batch 70/3125 | Loss: 10.9998 | Avg Loss: 11.0001 | LR: 2.53e-05
2025-11-18 13:04:21 | INFO | Epoch 1 | Batch 80/3125 | Loss: 11.0024 | Avg Loss: 10.9998 | LR: 2.80e-05
2025-11-18 13:04:22 | INFO | Epoch 1 | Batch 90/3125 | Loss: 10.9910 | Avg Loss: 10.9996 | LR: 2.98e-05
2025-11-18 13:04:23 | INFO | Epoch 1 | Batch 100/3125 | Loss: 11.0006 | Avg Loss: 10.9996 | LR: 3.25e-05
2025-11-18 13:04:24 | INFO | Epoch 1 | Batch 110/3125 | Loss: 10.9922 | Avg Loss: 10.9996 | LR: 3.43e-05
2025-11-18 13:04:25 | INFO | Epoch 1 | Batch 120/3125 | Loss: 11.0016 | Avg Loss: 10.9996 | LR: 3.70e-05
2025-11-18 13:04:26 | INFO | Epoch 1 | Batch 130/3125 | Loss: 10.9957 | Avg Loss: 10.9997 | LR: 3.88e-05
2025-11-18 13:04:27 | INFO | Epoch 1 | Batch 140/3125 | Loss: 10.9958 | Avg Loss: 10.9997 | LR: 4.15e-05
2025-11-18 13:04:28 | INFO | Epoch 1 | Batch 150/3125 | Loss: 11.0040 | Avg Loss: 10.9999 | LR: 4.33e-05
2025-11-18 13:04:29 | INFO | Epoch 1 | Batch 160/3125 | Loss: 11.0038 | Avg Loss: 10.9999 | LR: 4.60e-05
2025-11-18 13:04:30 | INFO | Epoch 1 | Batch 170/3125 | Loss: 11.0039 | Avg Loss: 11.0000 | LR: 4.78e-05
2025-11-18 13:04:31 | INFO | Epoch 1 | Batch 180/3125 | Loss: 11.0064 | Avg Loss: 11.0001 | LR: 5.05e-05
2025-11-18 13:04:32 | INFO | Epoch 1 | Batch 190/3125 | Loss: 10.9931 | Avg Loss: 11.0001 | LR: 5.23e-05
2025-11-18 13:04:33 | INFO | Epoch 1 | Batch 200/3125 | Loss: 10.9928 | Avg Loss: 11.0001 | LR: 5.50e-05
2025-11-18 13:04:34 | INFO | Epoch 1 | Batch 210/3125 | Loss: 10.9986 | Avg Loss: 11.0000 | LR: 5.68e-05
2025-11-18 13:04:34 | INFO | Epoch 1 | Batch 220/3125 | Loss: 10.9978 | Avg Loss: 11.0000 | LR: 5.95e-05
2025-11-18 13:04:35 | INFO | Epoch 1 | Batch 230/3125 | Loss: 10.9955 | Avg Loss: 10.9998 | LR: 6.13e-05
2025-11-18 13:04:36 | INFO | Epoch 1 | Batch 240/3125 | Loss: 11.0007 | Avg Loss: 10.9997 | LR: 6.40e-05
2025-11-18 13:05:00 | INFO | Epoch 1 | Batch 250/3125 | Loss: 10.9946 | Avg Loss: 10.9996 | LR: 6.58e-05
2025-11-18 13:05:01 | INFO | Epoch 1 | Batch 260/3125 | Loss: 10.9884 | Avg Loss: 10.9994 | LR: 6.85e-05
2025-11-18 13:05:02 | INFO | Epoch 1 | Batch 270/3125 | Loss: 11.0022 | Avg Loss: 10.9993 | LR: 7.03e-05
2025-11-18 13:05:03 | INFO | Epoch 1 | Batch 280/3125 | Loss: 10.9984 | Avg Loss: 10.9993 | LR: 7.30e-05
2025-11-18 13:05:04 | INFO | Epoch 1 | Batch 290/3125 | Loss: 10.9984 | Avg Loss: 10.9992 | LR: 7.48e-05
2025-11-18 13:05:04 | INFO | Epoch 1 | Batch 300/3125 | Loss: 10.9919 | Avg Loss: 10.9991 | LR: 7.75e-05
2025-11-18 13:05:05 | INFO | Epoch 1 | Batch 310/3125 | Loss: 10.9875 | Avg Loss: 10.9990 | LR: 7.93e-05
2025-11-18 13:05:06 | INFO | Epoch 1 | Batch 320/3125 | Loss: 10.9941 | Avg Loss: 10.9989 | LR: 8.20e-05
2025-11-18 13:05:07 | INFO | Epoch 1 | Batch 330/3125 | Loss: 11.0028 | Avg Loss: 10.9989 | LR: 8.38e-05
2025-11-18 13:05:08 | INFO | Epoch 1 | Batch 340/3125 | Loss: 11.0033 | Avg Loss: 10.9989 | LR: 8.65e-05
2025-11-18 13:05:09 | INFO | Epoch 1 | Batch 350/3125 | Loss: 10.9944 | Avg Loss: 10.9988 | LR: 8.83e-05
2025-11-18 13:05:10 | INFO | Epoch 1 | Batch 360/3125 | Loss: 10.9952 | Avg Loss: 10.9987 | LR: 9.10e-05
2025-11-18 13:05:11 | INFO | Epoch 1 | Batch 370/3125 | Loss: 10.9904 | Avg Loss: 10.9986 | LR: 9.28e-05
2025-11-18 13:05:12 | INFO | Epoch 1 | Batch 380/3125 | Loss: 10.9982 | Avg Loss: 10.9986 | LR: 9.55e-05
2025-11-18 13:05:13 | INFO | Epoch 1 | Batch 390/3125 | Loss: 11.0006 | Avg Loss: 10.9985 | LR: 9.73e-05
2025-11-18 13:05:14 | INFO | Epoch 1 | Batch 400/3125 | Loss: 10.9946 | Avg Loss: 10.9984 | LR: 1.00e-04
2025-11-18 13:05:15 | INFO | Epoch 1 | Batch 410/3125 | Loss: 10.9845 | Avg Loss: 10.9983 | LR: 1.00e-04
2025-11-18 13:05:15 | INFO | Epoch 1 | Batch 420/3125 | Loss: 10.9953 | Avg Loss: 10.9982 | LR: 1.00e-04
2025-11-18 13:05:16 | INFO | Epoch 1 | Batch 430/3125 | Loss: 10.9916 | Avg Loss: 10.9980 | LR: 1.00e-04
2025-11-18 13:05:17 | INFO | Epoch 1 | Batch 440/3125 | Loss: 10.9921 | Avg Loss: 10.9978 | LR: 1.00e-04
2025-11-18 13:05:18 | INFO | Epoch 1 | Batch 450/3125 | Loss: 10.9920 | Avg Loss: 10.9977 | LR: 1.00e-04
2025-11-18 13:05:19 | INFO | Epoch 1 | Batch 460/3125 | Loss: 10.9883 | Avg Loss: 10.9975 | LR: 1.00e-04
2025-11-18 13:05:20 | INFO | Epoch 1 | Batch 470/3125 | Loss: 10.9831 | Avg Loss: 10.9973 | LR: 1.00e-04
2025-11-18 13:05:21 | INFO | Epoch 1 | Batch 480/3125 | Loss: 10.9812 | Avg Loss: 10.9970 | LR: 1.00e-04
2025-11-18 13:05:22 | INFO | Epoch 1 | Batch 490/3125 | Loss: 10.9718 | Avg Loss: 10.9966 | LR: 1.00e-04
2025-11-18 13:05:23 | INFO | Epoch 1 | Batch 500/3125 | Loss: 10.9631 | Avg Loss: 10.9960 | LR: 1.00e-04
2025-11-18 13:05:24 | INFO | Epoch 1 | Batch 510/3125 | Loss: 10.9555 | Avg Loss: 10.9953 | LR: 1.00e-04
2025-11-18 13:05:25 | INFO | Epoch 1 | Batch 520/3125 | Loss: 10.9397 | Avg Loss: 10.9943 | LR: 1.00e-04
2025-11-18 13:05:25 | INFO | Epoch 1 | Batch 530/3125 | Loss: 10.9270 | Avg Loss: 10.9931 | LR: 9.99e-05
2025-11-18 13:05:26 | INFO | Epoch 1 | Batch 540/3125 | Loss: 10.9110 | Avg Loss: 10.9917 | LR: 9.99e-05
2025-11-18 13:05:27 | INFO | Epoch 1 | Batch 550/3125 | Loss: 10.8984 | Avg Loss: 10.9901 | LR: 9.99e-05
2025-11-18 13:05:28 | INFO | Epoch 1 | Batch 560/3125 | Loss: 10.8867 | Avg Loss: 10.9884 | LR: 9.99e-05
2025-11-18 13:05:29 | INFO | Epoch 1 | Batch 570/3125 | Loss: 10.8788 | Avg Loss: 10.9867 | LR: 9.99e-05
2025-11-18 13:05:30 | INFO | Epoch 1 | Batch 580/3125 | Loss: 10.8774 | Avg Loss: 10.9848 | LR: 9.99e-05
2025-11-18 13:05:31 | INFO | Epoch 1 | Batch 590/3125 | Loss: 10.8676 | Avg Loss: 10.9830 | LR: 9.99e-05
2025-11-18 13:05:32 | INFO | Epoch 1 | Batch 600/3125 | Loss: 10.8672 | Avg Loss: 10.9810 | LR: 9.99e-05
2025-11-18 13:05:33 | INFO | Epoch 1 | Batch 610/3125 | Loss: 10.8646 | Avg Loss: 10.9791 | LR: 9.99e-05
2025-11-18 13:05:34 | INFO | Epoch 1 | Batch 620/3125 | Loss: 10.8632 | Avg Loss: 10.9773 | LR: 9.99e-05
2025-11-18 13:05:34 | INFO | Epoch 1 | Batch 630/3125 | Loss: 10.8587 | Avg Loss: 10.9754 | LR: 9.98e-05
2025-11-18 13:05:35 | INFO | Epoch 1 | Batch 640/3125 | Loss: 10.8571 | Avg Loss: 10.9736 | LR: 9.98e-05
2025-11-18 13:05:36 | INFO | Epoch 1 | Batch 650/3125 | Loss: 10.8557 | Avg Loss: 10.9718 | LR: 9.98e-05
2025-11-18 13:05:37 | INFO | Epoch 1 | Batch 660/3125 | Loss: 10.8564 | Avg Loss: 10.9700 | LR: 9.98e-05
2025-11-18 13:05:38 | INFO | Epoch 1 | Batch 670/3125 | Loss: 10.8516 | Avg Loss: 10.9683 | LR: 9.98e-05
2025-11-18 13:05:39 | INFO | Epoch 1 | Batch 680/3125 | Loss: 10.8554 | Avg Loss: 10.9666 | LR: 9.98e-05
2025-11-18 13:05:40 | INFO | Epoch 1 | Batch 690/3125 | Loss: 10.8516 | Avg Loss: 10.9650 | LR: 9.97e-05
2025-11-18 13:05:41 | INFO | Epoch 1 | Batch 700/3125 | Loss: 10.8558 | Avg Loss: 10.9634 | LR: 9.97e-05
2025-11-18 13:05:42 | INFO | Epoch 1 | Batch 710/3125 | Loss: 10.8530 | Avg Loss: 10.9619 | LR: 9.97e-05
2025-11-18 13:05:43 | INFO | Epoch 1 | Batch 720/3125 | Loss: 10.8550 | Avg Loss: 10.9604 | LR: 9.97e-05
2025-11-18 13:05:44 | INFO | Epoch 1 | Batch 730/3125 | Loss: 10.8517 | Avg Loss: 10.9589 | LR: 9.97e-05
2025-11-18 13:05:44 | INFO | Epoch 1 | Batch 740/3125 | Loss: 10.8517 | Avg Loss: 10.9575 | LR: 9.96e-05
2025-11-18 13:06:54 | INFO | Epoch 1 | Batch 750/3125 | Loss: 10.8562 | Avg Loss: 10.9561 | LR: 9.96e-05
2025-11-18 13:06:55 | INFO | Epoch 1 | Batch 760/3125 | Loss: 10.8534 | Avg Loss: 10.9548 | LR: 9.96e-05
2025-11-18 13:06:56 | INFO | Epoch 1 | Batch 770/3125 | Loss: 10.8512 | Avg Loss: 10.9535 | LR: 9.96e-05
2025-11-18 13:06:57 | INFO | Epoch 1 | Batch 780/3125 | Loss: 10.8536 | Avg Loss: 10.9522 | LR: 9.96e-05
2025-11-18 13:06:58 | INFO | Epoch 1 | Batch 790/3125 | Loss: 10.8517 | Avg Loss: 10.9509 | LR: 9.95e-05
2025-11-18 13:06:59 | INFO | Epoch 1 | Batch 800/3125 | Loss: 10.8538 | Avg Loss: 10.9497 | LR: 9.95e-05
2025-11-18 13:06:59 | INFO | Epoch 1 | Batch 810/3125 | Loss: 10.8516 | Avg Loss: 10.9485 | LR: 9.95e-05
2025-11-18 13:07:00 | INFO | Epoch 1 | Batch 820/3125 | Loss: 10.8522 | Avg Loss: 10.9473 | LR: 9.95e-05
2025-11-18 13:07:01 | INFO | Epoch 1 | Batch 830/3125 | Loss: 10.8547 | Avg Loss: 10.9462 | LR: 9.94e-05
2025-11-18 13:07:02 | INFO | Epoch 1 | Batch 840/3125 | Loss: 10.8538 | Avg Loss: 10.9451 | LR: 9.94e-05
2025-11-18 13:07:03 | INFO | Epoch 1 | Batch 850/3125 | Loss: 10.8544 | Avg Loss: 10.9440 | LR: 9.94e-05
2025-11-18 13:07:04 | INFO | Epoch 1 | Batch 860/3125 | Loss: 10.8529 | Avg Loss: 10.9430 | LR: 9.94e-05
2025-11-18 13:07:05 | INFO | Epoch 1 | Batch 870/3125 | Loss: 10.8530 | Avg Loss: 10.9419 | LR: 9.93e-05
2025-11-18 13:07:06 | INFO | Epoch 1 | Batch 880/3125 | Loss: 10.8506 | Avg Loss: 10.9409 | LR: 9.93e-05
2025-11-18 13:07:07 | INFO | Epoch 1 | Batch 890/3125 | Loss: 10.8532 | Avg Loss: 10.9399 | LR: 9.93e-05
2025-11-18 13:07:07 | INFO | Epoch 1 | Batch 900/3125 | Loss: 10.8542 | Avg Loss: 10.9389 | LR: 9.92e-05
2025-11-18 13:07:08 | INFO | Epoch 1 | Batch 910/3125 | Loss: 10.8518 | Avg Loss: 10.9380 | LR: 9.92e-05
2025-11-18 13:07:09 | INFO | Epoch 1 | Batch 920/3125 | Loss: 10.8530 | Avg Loss: 10.9370 | LR: 9.92e-05
2025-11-18 13:07:10 | INFO | Epoch 1 | Batch 930/3125 | Loss: 10.8537 | Avg Loss: 10.9361 | LR: 9.91e-05
2025-11-18 13:07:11 | INFO | Epoch 1 | Batch 940/3125 | Loss: 10.8504 | Avg Loss: 10.9352 | LR: 9.91e-05
2025-11-18 13:07:12 | INFO | Epoch 1 | Batch 950/3125 | Loss: 10.8544 | Avg Loss: 10.9344 | LR: 9.91e-05
2025-11-18 13:07:13 | INFO | Epoch 1 | Batch 960/3125 | Loss: 10.8519 | Avg Loss: 10.9335 | LR: 9.90e-05
2025-11-18 13:07:14 | INFO | Epoch 1 | Batch 970/3125 | Loss: 10.8521 | Avg Loss: 10.9327 | LR: 9.90e-05
2025-11-18 13:07:15 | INFO | Epoch 1 | Batch 980/3125 | Loss: 10.8530 | Avg Loss: 10.9319 | LR: 9.90e-05
2025-11-18 13:07:15 | INFO | Epoch 1 | Batch 990/3125 | Loss: 10.8505 | Avg Loss: 10.9311 | LR: 9.89e-05
2025-11-18 13:07:16 | INFO | Epoch 1 | Batch 1000/3125 | Loss: 10.8511 | Avg Loss: 10.9303 | LR: 9.89e-05
2025-11-18 13:07:17 | INFO | Epoch 1 | Batch 1010/3125 | Loss: 10.8527 | Avg Loss: 10.9295 | LR: 9.89e-05
2025-11-18 13:07:18 | INFO | Epoch 1 | Batch 1020/3125 | Loss: 10.8507 | Avg Loss: 10.9287 | LR: 9.88e-05
2025-11-18 13:07:19 | INFO | Epoch 1 | Batch 1030/3125 | Loss: 10.8521 | Avg Loss: 10.9280 | LR: 9.88e-05
2025-11-18 13:07:20 | INFO | Epoch 1 | Batch 1040/3125 | Loss: 10.8519 | Avg Loss: 10.9272 | LR: 9.87e-05
2025-11-18 13:07:21 | INFO | Epoch 1 | Batch 1050/3125 | Loss: 10.8493 | Avg Loss: 10.9265 | LR: 9.87e-05
2025-11-18 13:07:22 | INFO | Epoch 1 | Batch 1060/3125 | Loss: 10.8517 | Avg Loss: 10.9258 | LR: 9.87e-05
2025-11-18 13:07:22 | INFO | Epoch 1 | Batch 1070/3125 | Loss: 10.8531 | Avg Loss: 10.9251 | LR: 9.86e-05
2025-11-18 15:15:50 | INFO | Epoch 1 | Batch 1080/3125 | Loss: 10.8515 | Avg Loss: 10.9244 | LR: 9.86e-05
2025-11-18 15:15:50 | INFO | Epoch 1 | Batch 1090/3125 | Loss: 10.8510 | Avg Loss: 10.9238 | LR: 9.86e-05
2025-11-18 15:15:51 | INFO | Epoch 1 | Batch 1100/3125 | Loss: 10.8514 | Avg Loss: 10.9231 | LR: 9.85e-05
2025-11-18 15:15:52 | INFO | Epoch 1 | Batch 1110/3125 | Loss: 10.8499 | Avg Loss: 10.9225 | LR: 9.85e-05
2025-11-18 15:15:53 | INFO | Epoch 1 | Batch 1120/3125 | Loss: 10.8499 | Avg Loss: 10.9218 | LR: 9.84e-05
2025-11-18 15:15:54 | INFO | Epoch 1 | Batch 1130/3125 | Loss: 10.8503 | Avg Loss: 10.9212 | LR: 9.84e-05
2025-11-18 15:15:55 | INFO | Epoch 1 | Batch 1140/3125 | Loss: 10.8513 | Avg Loss: 10.9206 | LR: 9.83e-05
2025-11-18 15:15:56 | INFO | Epoch 1 | Batch 1150/3125 | Loss: 10.8528 | Avg Loss: 10.9200 | LR: 9.83e-05
2025-11-18 15:15:57 | INFO | Epoch 1 | Batch 1160/3125 | Loss: 10.8504 | Avg Loss: 10.9194 | LR: 9.82e-05
2025-11-18 15:15:57 | INFO | Epoch 1 | Batch 1170/3125 | Loss: 10.8498 | Avg Loss: 10.9188 | LR: 9.82e-05
2025-11-18 15:15:58 | INFO | Epoch 1 | Batch 1180/3125 | Loss: 10.8521 | Avg Loss: 10.9182 | LR: 9.81e-05
2025-11-18 15:15:59 | INFO | Epoch 1 | Batch 1190/3125 | Loss: 10.8535 | Avg Loss: 10.9177 | LR: 9.81e-05
2025-11-18 15:16:00 | INFO | Epoch 1 | Batch 1200/3125 | Loss: 10.8519 | Avg Loss: 10.9171 | LR: 9.81e-05
2025-11-18 15:16:01 | INFO | Epoch 1 | Batch 1210/3125 | Loss: 10.8504 | Avg Loss: 10.9166 | LR: 9.80e-05
2025-11-18 15:16:02 | INFO | Epoch 1 | Batch 1220/3125 | Loss: 10.8538 | Avg Loss: 10.9160 | LR: 9.80e-05
2025-11-18 15:16:03 | INFO | Epoch 1 | Batch 1230/3125 | Loss: 10.8487 | Avg Loss: 10.9155 | LR: 9.79e-05
2025-11-18 15:16:04 | INFO | Epoch 1 | Batch 1240/3125 | Loss: 10.8501 | Avg Loss: 10.9150 | LR: 9.79e-05
2025-11-18 15:16:04 | INFO | Epoch 1 | Batch 1250/3125 | Loss: 10.8529 | Avg Loss: 10.9145 | LR: 9.78e-05
2025-11-18 15:16:05 | INFO | Epoch 1 | Batch 1260/3125 | Loss: 10.8500 | Avg Loss: 10.9139 | LR: 9.78e-05
2025-11-18 15:16:06 | INFO | Epoch 1 | Batch 1270/3125 | Loss: 10.8515 | Avg Loss: 10.9135 | LR: 9.77e-05
2025-11-18 15:16:07 | INFO | Epoch 1 | Batch 1280/3125 | Loss: 10.8510 | Avg Loss: 10.9130 | LR: 9.76e-05
2025-11-18 15:16:08 | INFO | Epoch 1 | Batch 1290/3125 | Loss: 10.8483 | Avg Loss: 10.9125 | LR: 9.76e-05
2025-11-18 15:16:09 | INFO | Epoch 1 | Batch 1300/3125 | Loss: 10.8503 | Avg Loss: 10.9120 | LR: 9.75e-05
2025-11-18 15:16:10 | INFO | Epoch 1 | Batch 1310/3125 | Loss: 10.8512 | Avg Loss: 10.9115 | LR: 9.75e-05
2025-11-18 15:16:11 | INFO | Epoch 1 | Batch 1320/3125 | Loss: 10.8493 | Avg Loss: 10.9111 | LR: 9.74e-05
2025-11-18 15:16:12 | INFO | Epoch 1 | Batch 1330/3125 | Loss: 10.8520 | Avg Loss: 10.9106 | LR: 9.74e-05
2025-11-18 15:16:12 | INFO | Epoch 1 | Batch 1340/3125 | Loss: 10.8492 | Avg Loss: 10.9102 | LR: 9.73e-05
2025-11-18 15:16:13 | INFO | Epoch 1 | Batch 1350/3125 | Loss: 10.8532 | Avg Loss: 10.9097 | LR: 9.73e-05
2025-11-18 15:16:14 | INFO | Epoch 1 | Batch 1360/3125 | Loss: 10.8513 | Avg Loss: 10.9093 | LR: 9.72e-05
2025-11-18 15:16:15 | INFO | Epoch 1 | Batch 1370/3125 | Loss: 10.8487 | Avg Loss: 10.9089 | LR: 9.72e-05
2025-11-18 15:16:16 | INFO | Epoch 1 | Batch 1380/3125 | Loss: 10.8514 | Avg Loss: 10.9084 | LR: 9.71e-05
2025-11-18 15:16:17 | INFO | Epoch 1 | Batch 1390/3125 | Loss: 10.8524 | Avg Loss: 10.9080 | LR: 9.70e-05
2025-11-18 15:16:18 | INFO | Epoch 1 | Batch 1400/3125 | Loss: 10.8521 | Avg Loss: 10.9076 | LR: 9.70e-05
2025-11-18 15:16:19 | INFO | Epoch 1 | Batch 1410/3125 | Loss: 10.8512 | Avg Loss: 10.9072 | LR: 9.69e-05
2025-11-18 15:16:19 | INFO | Epoch 1 | Batch 1420/3125 | Loss: 10.8507 | Avg Loss: 10.9068 | LR: 9.68e-05
2025-11-18 15:16:20 | INFO | Epoch 1 | Batch 1430/3125 | Loss: 10.8495 | Avg Loss: 10.9064 | LR: 9.68e-05
2025-11-18 15:16:21 | INFO | Epoch 1 | Batch 1440/3125 | Loss: 10.8497 | Avg Loss: 10.9060 | LR: 9.67e-05
2025-11-18 15:16:22 | INFO | Epoch 1 | Batch 1450/3125 | Loss: 10.8473 | Avg Loss: 10.9057 | LR: 9.67e-05
2025-11-18 15:16:23 | INFO | Epoch 1 | Batch 1460/3125 | Loss: 10.8494 | Avg Loss: 10.9053 | LR: 9.66e-05
2025-11-18 15:16:24 | INFO | Epoch 1 | Batch 1470/3125 | Loss: 10.8516 | Avg Loss: 10.9049 | LR: 9.65e-05
2025-11-18 15:16:25 | INFO | Epoch 1 | Batch 1480/3125 | Loss: 10.8490 | Avg Loss: 10.9045 | LR: 9.65e-05
2025-11-18 15:16:26 | INFO | Epoch 1 | Batch 1490/3125 | Loss: 10.8522 | Avg Loss: 10.9042 | LR: 9.64e-05
2025-11-18 15:16:26 | INFO | Epoch 1 | Batch 1500/3125 | Loss: 10.8504 | Avg Loss: 10.9038 | LR: 9.63e-05
2025-11-18 15:16:27 | INFO | Epoch 1 | Batch 1510/3125 | Loss: 10.8517 | Avg Loss: 10.9035 | LR: 9.63e-05
2025-11-18 15:16:28 | INFO | Epoch 1 | Batch 1520/3125 | Loss: 10.8490 | Avg Loss: 10.9031 | LR: 9.62e-05
2025-11-18 15:16:29 | INFO | Epoch 1 | Batch 1530/3125 | Loss: 10.8519 | Avg Loss: 10.9028 | LR: 9.62e-05
2025-11-18 15:16:30 | INFO | Epoch 1 | Batch 1540/3125 | Loss: 10.8492 | Avg Loss: 10.9024 | LR: 9.61e-05
2025-11-18 15:16:31 | INFO | Epoch 1 | Batch 1550/3125 | Loss: 10.8523 | Avg Loss: 10.9021 | LR: 9.60e-05
2025-11-18 15:16:32 | INFO | Epoch 1 | Batch 1560/3125 | Loss: 10.8497 | Avg Loss: 10.9017 | LR: 9.59e-05
2025-11-18 15:16:33 | INFO | Epoch 1 | Batch 1570/3125 | Loss: 10.8515 | Avg Loss: 10.9014 | LR: 9.59e-05
2025-11-18 15:16:33 | INFO | Epoch 1 | Batch 1580/3125 | Loss: 10.8507 | Avg Loss: 10.9011 | LR: 9.58e-05
2025-11-18 15:16:34 | INFO | Epoch 1 | Batch 1590/3125 | Loss: 10.8499 | Avg Loss: 10.9008 | LR: 9.57e-05
2025-11-18 15:16:35 | INFO | Epoch 1 | Batch 1600/3125 | Loss: 10.8505 | Avg Loss: 10.9005 | LR: 9.57e-05
2025-11-18 15:16:36 | INFO | Epoch 1 | Batch 1610/3125 | Loss: 10.8480 | Avg Loss: 10.9001 | LR: 9.56e-05
2025-11-18 15:16:37 | INFO | Epoch 1 | Batch 1620/3125 | Loss: 10.8519 | Avg Loss: 10.8998 | LR: 9.55e-05
2025-11-18 15:16:38 | INFO | Epoch 1 | Batch 1630/3125 | Loss: 10.8518 | Avg Loss: 10.8995 | LR: 9.54e-05
2025-11-18 15:16:39 | INFO | Epoch 1 | Batch 1640/3125 | Loss: 10.8514 | Avg Loss: 10.8992 | LR: 9.54e-05
2025-11-18 15:16:40 | INFO | Epoch 1 | Batch 1650/3125 | Loss: 10.8502 | Avg Loss: 10.8989 | LR: 9.53e-05
2025-11-18 15:16:40 | INFO | Epoch 1 | Batch 1660/3125 | Loss: 10.8502 | Avg Loss: 10.8986 | LR: 9.52e-05
2025-11-18 15:16:41 | INFO | Epoch 1 | Batch 1670/3125 | Loss: 10.8505 | Avg Loss: 10.8984 | LR: 9.52e-05
2025-11-18 15:16:42 | INFO | Epoch 1 | Batch 1680/3125 | Loss: 10.8497 | Avg Loss: 10.8981 | LR: 9.51e-05
2025-11-18 15:16:43 | INFO | Epoch 1 | Batch 1690/3125 | Loss: 10.8480 | Avg Loss: 10.8978 | LR: 9.50e-05
2025-11-18 15:16:44 | INFO | Epoch 1 | Batch 1700/3125 | Loss: 10.8492 | Avg Loss: 10.8975 | LR: 9.49e-05
2025-11-18 15:16:45 | INFO | Epoch 1 | Batch 1710/3125 | Loss: 10.8490 | Avg Loss: 10.8972 | LR: 9.48e-05
2025-11-18 15:16:46 | INFO | Epoch 1 | Batch 1720/3125 | Loss: 10.8504 | Avg Loss: 10.8969 | LR: 9.48e-05
2025-11-18 15:16:47 | INFO | Epoch 1 | Batch 1730/3125 | Loss: 10.8465 | Avg Loss: 10.8967 | LR: 9.47e-05
2025-11-18 15:16:47 | INFO | Epoch 1 | Batch 1740/3125 | Loss: 10.8494 | Avg Loss: 10.8964 | LR: 9.46e-05
2025-11-18 15:16:48 | INFO | Epoch 1 | Batch 1750/3125 | Loss: 10.8495 | Avg Loss: 10.8961 | LR: 9.45e-05
2025-11-18 15:16:49 | INFO | Epoch 1 | Batch 1760/3125 | Loss: 10.8473 | Avg Loss: 10.8959 | LR: 9.44e-05
2025-11-18 15:16:50 | INFO | Epoch 1 | Batch 1770/3125 | Loss: 10.8484 | Avg Loss: 10.8956 | LR: 9.44e-05
2025-11-18 15:16:51 | INFO | Epoch 1 | Batch 1780/3125 | Loss: 10.8507 | Avg Loss: 10.8953 | LR: 9.43e-05
2025-11-18 15:16:52 | INFO | Epoch 1 | Batch 1790/3125 | Loss: 10.8481 | Avg Loss: 10.8951 | LR: 9.42e-05
2025-11-18 15:16:53 | INFO | Epoch 1 | Batch 1800/3125 | Loss: 10.8504 | Avg Loss: 10.8948 | LR: 9.41e-05
2025-11-18 15:16:54 | INFO | Epoch 1 | Batch 1810/3125 | Loss: 10.8500 | Avg Loss: 10.8946 | LR: 9.40e-05
2025-11-18 15:16:55 | INFO | Epoch 1 | Batch 1820/3125 | Loss: 10.8523 | Avg Loss: 10.8943 | LR: 9.39e-05
2025-11-18 15:16:55 | INFO | Epoch 1 | Batch 1830/3125 | Loss: 10.8490 | Avg Loss: 10.8941 | LR: 9.39e-05
2025-11-18 15:16:56 | INFO | Epoch 1 | Batch 1840/3125 | Loss: 10.8511 | Avg Loss: 10.8939 | LR: 9.38e-05
2025-11-18 15:16:57 | INFO | Epoch 1 | Batch 1850/3125 | Loss: 10.8498 | Avg Loss: 10.8936 | LR: 9.37e-05
2025-11-18 15:16:58 | INFO | Epoch 1 | Batch 1860/3125 | Loss: 10.8509 | Avg Loss: 10.8934 | LR: 9.36e-05
2025-11-18 15:16:59 | INFO | Epoch 1 | Batch 1870/3125 | Loss: 10.8490 | Avg Loss: 10.8931 | LR: 9.35e-05
2025-11-18 15:17:00 | INFO | Epoch 1 | Batch 1880/3125 | Loss: 10.8477 | Avg Loss: 10.8929 | LR: 9.34e-05
2025-11-18 15:17:01 | INFO | Epoch 1 | Batch 1890/3125 | Loss: 10.8503 | Avg Loss: 10.8927 | LR: 9.34e-05
2025-11-18 15:17:02 | INFO | Epoch 1 | Batch 1900/3125 | Loss: 10.8507 | Avg Loss: 10.8925 | LR: 9.33e-05
2025-11-18 15:17:02 | INFO | Epoch 1 | Batch 1910/3125 | Loss: 10.8498 | Avg Loss: 10.8922 | LR: 9.32e-05
2025-11-18 15:17:03 | INFO | Epoch 1 | Batch 1920/3125 | Loss: 10.8491 | Avg Loss: 10.8920 | LR: 9.31e-05
2025-11-18 15:17:04 | INFO | Epoch 1 | Batch 1930/3125 | Loss: 10.8486 | Avg Loss: 10.8918 | LR: 9.30e-05
2025-11-18 15:17:05 | INFO | Epoch 1 | Batch 1940/3125 | Loss: 10.8483 | Avg Loss: 10.8916 | LR: 9.29e-05
2025-11-18 15:17:06 | INFO | Epoch 1 | Batch 1950/3125 | Loss: 10.8496 | Avg Loss: 10.8913 | LR: 9.28e-05
2025-11-18 15:17:07 | INFO | Epoch 1 | Batch 1960/3125 | Loss: 10.8518 | Avg Loss: 10.8911 | LR: 9.27e-05
2025-11-18 15:17:08 | INFO | Epoch 1 | Batch 1970/3125 | Loss: 10.8493 | Avg Loss: 10.8909 | LR: 9.27e-05
2025-11-18 15:17:09 | INFO | Epoch 1 | Batch 1980/3125 | Loss: 10.8501 | Avg Loss: 10.8907 | LR: 9.25e-05
2025-11-18 15:17:09 | INFO | Epoch 1 | Batch 1990/3125 | Loss: 10.8501 | Avg Loss: 10.8905 | LR: 9.25e-05
2025-11-18 15:17:10 | INFO | Epoch 1 | Batch 2000/3125 | Loss: 10.8519 | Avg Loss: 10.8903 | LR: 9.24e-05
2025-11-18 15:17:11 | INFO | Epoch 1 | Batch 2010/3125 | Loss: 10.8489 | Avg Loss: 10.8901 | LR: 9.23e-05
2025-11-18 15:17:12 | INFO | Epoch 1 | Batch 2020/3125 | Loss: 10.8500 | Avg Loss: 10.8899 | LR: 9.22e-05
2025-11-18 15:17:13 | INFO | Epoch 1 | Batch 2030/3125 | Loss: 10.8491 | Avg Loss: 10.8897 | LR: 9.21e-05
2025-11-18 15:17:14 | INFO | Epoch 1 | Batch 2040/3125 | Loss: 10.8484 | Avg Loss: 10.8895 | LR: 9.20e-05
2025-11-18 15:17:15 | INFO | Epoch 1 | Batch 2050/3125 | Loss: 10.8497 | Avg Loss: 10.8893 | LR: 9.19e-05
2025-11-18 15:17:16 | INFO | Epoch 1 | Batch 2060/3125 | Loss: 10.8501 | Avg Loss: 10.8891 | LR: 9.18e-05
2025-11-18 15:17:16 | INFO | Epoch 1 | Batch 2070/3125 | Loss: 10.8479 | Avg Loss: 10.8889 | LR: 9.17e-05
2025-11-18 15:17:17 | INFO | Epoch 1 | Batch 2080/3125 | Loss: 10.8481 | Avg Loss: 10.8887 | LR: 9.16e-05
2025-11-18 15:17:18 | INFO | Epoch 1 | Batch 2090/3125 | Loss: 10.8497 | Avg Loss: 10.8885 | LR: 9.15e-05
2025-11-18 15:17:19 | INFO | Epoch 1 | Batch 2100/3125 | Loss: 10.8488 | Avg Loss: 10.8883 | LR: 9.14e-05
2025-11-18 15:17:20 | INFO | Epoch 1 | Batch 2110/3125 | Loss: 10.8466 | Avg Loss: 10.8881 | LR: 9.13e-05
2025-11-18 15:17:21 | INFO | Epoch 1 | Batch 2120/3125 | Loss: 10.8488 | Avg Loss: 10.8880 | LR: 9.12e-05
2025-11-18 15:17:22 | INFO | Epoch 1 | Batch 2130/3125 | Loss: 10.8502 | Avg Loss: 10.8878 | LR: 9.11e-05
2025-11-18 15:17:23 | INFO | Epoch 1 | Batch 2140/3125 | Loss: 10.8485 | Avg Loss: 10.8876 | LR: 9.10e-05
2025-11-18 15:17:23 | INFO | Epoch 1 | Batch 2150/3125 | Loss: 10.8483 | Avg Loss: 10.8874 | LR: 9.09e-05
2025-11-18 15:17:24 | INFO | Epoch 1 | Batch 2160/3125 | Loss: 10.8484 | Avg Loss: 10.8872 | LR: 9.08e-05
2025-11-18 15:17:25 | INFO | Epoch 1 | Batch 2170/3125 | Loss: 10.8490 | Avg Loss: 10.8871 | LR: 9.07e-05
2025-11-18 15:17:26 | INFO | Epoch 1 | Batch 2180/3125 | Loss: 10.8517 | Avg Loss: 10.8869 | LR: 9.06e-05
2025-11-18 15:17:27 | INFO | Epoch 1 | Batch 2190/3125 | Loss: 10.8508 | Avg Loss: 10.8867 | LR: 9.05e-05
2025-11-18 15:17:28 | INFO | Epoch 1 | Batch 2200/3125 | Loss: 10.8492 | Avg Loss: 10.8865 | LR: 9.04e-05
2025-11-18 15:17:29 | INFO | Epoch 1 | Batch 2210/3125 | Loss: 10.8499 | Avg Loss: 10.8864 | LR: 9.03e-05
2025-11-18 15:17:30 | INFO | Epoch 1 | Batch 2220/3125 | Loss: 10.8474 | Avg Loss: 10.8862 | LR: 9.02e-05
2025-11-18 15:17:31 | INFO | Epoch 1 | Batch 2230/3125 | Loss: 10.8491 | Avg Loss: 10.8860 | LR: 9.01e-05
2025-11-18 15:17:31 | INFO | Epoch 1 | Batch 2240/3125 | Loss: 10.8513 | Avg Loss: 10.8859 | LR: 9.00e-05
2025-11-18 15:17:32 | INFO | Epoch 1 | Batch 2250/3125 | Loss: 10.8495 | Avg Loss: 10.8857 | LR: 8.99e-05
2025-11-18 15:17:33 | INFO | Epoch 1 | Batch 2260/3125 | Loss: 10.8491 | Avg Loss: 10.8856 | LR: 8.98e-05
2025-11-18 15:17:34 | INFO | Epoch 1 | Batch 2270/3125 | Loss: 10.8510 | Avg Loss: 10.8854 | LR: 8.97e-05
2025-11-18 15:17:35 | INFO | Epoch 1 | Batch 2280/3125 | Loss: 10.8502 | Avg Loss: 10.8852 | LR: 8.96e-05
2025-11-18 15:17:36 | INFO | Epoch 1 | Batch 2290/3125 | Loss: 10.8475 | Avg Loss: 10.8851 | LR: 8.95e-05
2025-11-18 15:17:37 | INFO | Epoch 1 | Batch 2300/3125 | Loss: 10.8486 | Avg Loss: 10.8849 | LR: 8.93e-05
2025-11-18 15:17:38 | INFO | Epoch 1 | Batch 2310/3125 | Loss: 10.8511 | Avg Loss: 10.8848 | LR: 8.93e-05
2025-11-18 15:17:38 | INFO | Epoch 1 | Batch 2320/3125 | Loss: 10.8513 | Avg Loss: 10.8846 | LR: 8.91e-05
2025-11-18 15:17:39 | INFO | Epoch 1 | Batch 2330/3125 | Loss: 10.8491 | Avg Loss: 10.8845 | LR: 8.90e-05
2025-11-18 15:17:40 | INFO | Epoch 1 | Batch 2340/3125 | Loss: 10.8481 | Avg Loss: 10.8843 | LR: 8.89e-05
2025-11-18 15:17:41 | INFO | Epoch 1 | Batch 2350/3125 | Loss: 10.8494 | Avg Loss: 10.8842 | LR: 8.88e-05
2025-11-18 15:17:42 | INFO | Epoch 1 | Batch 2360/3125 | Loss: 10.8501 | Avg Loss: 10.8840 | LR: 8.87e-05
2025-11-18 15:17:43 | INFO | Epoch 1 | Batch 2370/3125 | Loss: 10.8490 | Avg Loss: 10.8839 | LR: 8.86e-05
2025-11-18 15:17:44 | INFO | Epoch 1 | Batch 2380/3125 | Loss: 10.8489 | Avg Loss: 10.8837 | LR: 8.85e-05
2025-11-18 15:17:45 | INFO | Epoch 1 | Batch 2390/3125 | Loss: 10.8496 | Avg Loss: 10.8836 | LR: 8.84e-05
2025-11-18 15:17:45 | INFO | Epoch 1 | Batch 2400/3125 | Loss: 10.8486 | Avg Loss: 10.8834 | LR: 8.82e-05
2025-11-18 15:17:46 | INFO | Epoch 1 | Batch 2410/3125 | Loss: 10.8482 | Avg Loss: 10.8833 | LR: 8.81e-05
2025-11-18 15:17:47 | INFO | Epoch 1 | Batch 2420/3125 | Loss: 10.8484 | Avg Loss: 10.8831 | LR: 8.80e-05
2025-11-18 15:17:48 | INFO | Epoch 1 | Batch 2430/3125 | Loss: 10.8502 | Avg Loss: 10.8830 | LR: 8.79e-05
2025-11-18 15:17:49 | INFO | Epoch 1 | Batch 2440/3125 | Loss: 10.8494 | Avg Loss: 10.8828 | LR: 8.78e-05
2025-11-18 15:17:50 | INFO | Epoch 1 | Batch 2450/3125 | Loss: 10.8476 | Avg Loss: 10.8827 | LR: 8.77e-05
2025-11-18 15:17:51 | INFO | Epoch 1 | Batch 2460/3125 | Loss: 10.8465 | Avg Loss: 10.8826 | LR: 8.75e-05
2025-11-18 15:17:52 | INFO | Epoch 1 | Batch 2470/3125 | Loss: 10.8472 | Avg Loss: 10.8824 | LR: 8.75e-05
2025-11-18 15:17:52 | INFO | Epoch 1 | Batch 2480/3125 | Loss: 10.8484 | Avg Loss: 10.8823 | LR: 8.73e-05
2025-11-18 15:17:53 | INFO | Epoch 1 | Batch 2490/3125 | Loss: 10.8517 | Avg Loss: 10.8822 | LR: 8.72e-05
2025-11-18 15:17:54 | INFO | Epoch 1 | Batch 2500/3125 | Loss: 10.8478 | Avg Loss: 10.8820 | LR: 8.71e-05
2025-11-18 15:17:55 | INFO | Epoch 1 | Batch 2510/3125 | Loss: 10.8487 | Avg Loss: 10.8819 | LR: 8.70e-05
2025-11-18 15:17:56 | INFO | Epoch 1 | Batch 2520/3125 | Loss: 10.8515 | Avg Loss: 10.8818 | LR: 8.68e-05
2025-11-18 15:17:57 | INFO | Epoch 1 | Batch 2530/3125 | Loss: 10.8499 | Avg Loss: 10.8816 | LR: 8.67e-05
2025-11-18 15:17:58 | INFO | Epoch 1 | Batch 2540/3125 | Loss: 10.8478 | Avg Loss: 10.8815 | LR: 8.66e-05
2025-11-18 15:17:59 | INFO | Epoch 1 | Batch 2550/3125 | Loss: 10.8475 | Avg Loss: 10.8814 | LR: 8.65e-05
2025-11-18 15:18:00 | INFO | Epoch 1 | Batch 2560/3125 | Loss: 10.8487 | Avg Loss: 10.8812 | LR: 8.64e-05
2025-11-18 15:18:00 | INFO | Epoch 1 | Batch 2570/3125 | Loss: 10.8482 | Avg Loss: 10.8811 | LR: 8.63e-05
2025-11-18 15:18:01 | INFO | Epoch 1 | Batch 2580/3125 | Loss: 10.8470 | Avg Loss: 10.8810 | LR: 8.61e-05
2025-11-18 15:18:02 | INFO | Epoch 1 | Batch 2590/3125 | Loss: 10.8452 | Avg Loss: 10.8808 | LR: 8.60e-05
2025-11-18 15:18:03 | INFO | Epoch 1 | Batch 2600/3125 | Loss: 10.8499 | Avg Loss: 10.8807 | LR: 8.59e-05
2025-11-18 15:18:04 | INFO | Epoch 1 | Batch 2610/3125 | Loss: 10.8478 | Avg Loss: 10.8806 | LR: 8.58e-05
2025-11-18 15:18:05 | INFO | Epoch 1 | Batch 2620/3125 | Loss: 10.8507 | Avg Loss: 10.8805 | LR: 8.56e-05
2025-11-18 15:18:06 | INFO | Epoch 1 | Batch 2630/3125 | Loss: 10.8471 | Avg Loss: 10.8803 | LR: 8.55e-05
2025-11-18 15:18:07 | INFO | Epoch 1 | Batch 2640/3125 | Loss: 10.8486 | Avg Loss: 10.8802 | LR: 8.54e-05
2025-11-18 15:18:07 | INFO | Epoch 1 | Batch 2650/3125 | Loss: 10.8508 | Avg Loss: 10.8801 | LR: 8.53e-05
2025-11-18 15:18:08 | INFO | Epoch 1 | Batch 2660/3125 | Loss: 10.8473 | Avg Loss: 10.8800 | LR: 8.51e-05
2025-11-18 15:18:09 | INFO | Epoch 1 | Batch 2670/3125 | Loss: 10.8487 | Avg Loss: 10.8799 | LR: 8.50e-05
2025-11-18 15:18:10 | INFO | Epoch 1 | Batch 2680/3125 | Loss: 10.8481 | Avg Loss: 10.8798 | LR: 8.49e-05
2025-11-18 15:18:11 | INFO | Epoch 1 | Batch 2690/3125 | Loss: 10.8484 | Avg Loss: 10.8796 | LR: 8.48e-05
2025-11-18 15:18:12 | INFO | Epoch 1 | Batch 2700/3125 | Loss: 10.8467 | Avg Loss: 10.8795 | LR: 8.46e-05
2025-11-18 15:18:13 | INFO | Epoch 1 | Batch 2710/3125 | Loss: 10.8466 | Avg Loss: 10.8794 | LR: 8.45e-05
2025-11-18 15:18:14 | INFO | Epoch 1 | Batch 2720/3125 | Loss: 10.8479 | Avg Loss: 10.8793 | LR: 8.44e-05
2025-11-18 15:18:14 | INFO | Epoch 1 | Batch 2730/3125 | Loss: 10.8460 | Avg Loss: 10.8792 | LR: 8.43e-05
2025-11-18 15:18:15 | INFO | Epoch 1 | Batch 2740/3125 | Loss: 10.8470 | Avg Loss: 10.8791 | LR: 8.41e-05
2025-11-18 15:18:16 | INFO | Epoch 1 | Batch 2750/3125 | Loss: 10.8500 | Avg Loss: 10.8789 | LR: 8.40e-05
2025-11-18 15:18:17 | INFO | Epoch 1 | Batch 2760/3125 | Loss: 10.8479 | Avg Loss: 10.8788 | LR: 8.39e-05
2025-11-18 15:18:18 | INFO | Epoch 1 | Batch 2770/3125 | Loss: 10.8494 | Avg Loss: 10.8787 | LR: 8.38e-05
2025-11-18 15:18:19 | INFO | Epoch 1 | Batch 2780/3125 | Loss: 10.8489 | Avg Loss: 10.8786 | LR: 8.36e-05
2025-11-18 15:18:20 | INFO | Epoch 1 | Batch 2790/3125 | Loss: 10.8456 | Avg Loss: 10.8785 | LR: 8.35e-05
2025-11-18 15:18:21 | INFO | Epoch 1 | Batch 2800/3125 | Loss: 10.8474 | Avg Loss: 10.8784 | LR: 8.34e-05
2025-11-18 15:18:22 | INFO | Epoch 1 | Batch 2810/3125 | Loss: 10.8466 | Avg Loss: 10.8783 | LR: 8.33e-05
2025-11-18 15:18:22 | INFO | Epoch 1 | Batch 2820/3125 | Loss: 10.8472 | Avg Loss: 10.8782 | LR: 8.31e-05
2025-11-18 15:18:23 | INFO | Epoch 1 | Batch 2830/3125 | Loss: 10.8490 | Avg Loss: 10.8781 | LR: 8.30e-05
2025-11-18 15:18:24 | INFO | Epoch 1 | Batch 2840/3125 | Loss: 10.8485 | Avg Loss: 10.8780 | LR: 8.28e-05
2025-11-18 15:18:25 | INFO | Epoch 1 | Batch 2850/3125 | Loss: 10.8485 | Avg Loss: 10.8779 | LR: 8.27e-05
2025-11-18 15:18:26 | INFO | Epoch 1 | Batch 2860/3125 | Loss: 10.8497 | Avg Loss: 10.8778 | LR: 8.26e-05
2025-11-18 15:18:27 | INFO | Epoch 1 | Batch 2870/3125 | Loss: 10.8482 | Avg Loss: 10.8777 | LR: 8.25e-05
2025-11-18 15:18:28 | INFO | Epoch 1 | Batch 2880/3125 | Loss: 10.8469 | Avg Loss: 10.8776 | LR: 8.23e-05
2025-11-18 15:18:29 | INFO | Epoch 1 | Batch 2890/3125 | Loss: 10.8481 | Avg Loss: 10.8775 | LR: 8.22e-05
2025-11-18 15:18:30 | INFO | Epoch 1 | Batch 2900/3125 | Loss: 10.8486 | Avg Loss: 10.8774 | LR: 8.20e-05
2025-11-18 15:18:30 | INFO | Epoch 1 | Batch 2910/3125 | Loss: 10.8474 | Avg Loss: 10.8773 | LR: 8.19e-05
2025-11-18 15:18:31 | INFO | Epoch 1 | Batch 2920/3125 | Loss: 10.8487 | Avg Loss: 10.8771 | LR: 8.18e-05
2025-11-18 15:18:32 | INFO | Epoch 1 | Batch 2930/3125 | Loss: 10.8486 | Avg Loss: 10.8770 | LR: 8.17e-05
2025-11-18 15:18:33 | INFO | Epoch 1 | Batch 2940/3125 | Loss: 10.8480 | Avg Loss: 10.8769 | LR: 8.15e-05
2025-11-18 15:18:34 | INFO | Epoch 1 | Batch 2950/3125 | Loss: 10.8466 | Avg Loss: 10.8769 | LR: 8.14e-05
2025-11-18 15:18:35 | INFO | Epoch 1 | Batch 2960/3125 | Loss: 10.8466 | Avg Loss: 10.8768 | LR: 8.12e-05
2025-11-18 15:18:36 | INFO | Epoch 1 | Batch 2970/3125 | Loss: 10.8477 | Avg Loss: 10.8767 | LR: 8.11e-05
2025-11-18 15:18:37 | INFO | Epoch 1 | Batch 2980/3125 | Loss: 10.8489 | Avg Loss: 10.8766 | LR: 8.09e-05
2025-11-18 15:18:38 | INFO | Epoch 1 | Batch 2990/3125 | Loss: 10.8485 | Avg Loss: 10.8765 | LR: 8.08e-05
2025-11-18 15:18:38 | INFO | Epoch 1 | Batch 3000/3125 | Loss: 10.8450 | Avg Loss: 10.8764 | LR: 8.07e-05
2025-11-18 15:18:39 | INFO | Epoch 1 | Batch 3010/3125 | Loss: 10.8492 | Avg Loss: 10.8763 | LR: 8.06e-05
2025-11-18 15:18:40 | INFO | Epoch 1 | Batch 3020/3125 | Loss: 10.8478 | Avg Loss: 10.8762 | LR: 8.04e-05
2025-11-18 15:18:41 | INFO | Epoch 1 | Batch 3030/3125 | Loss: 10.8488 | Avg Loss: 10.8761 | LR: 8.03e-05
2025-11-18 15:18:42 | INFO | Epoch 1 | Batch 3040/3125 | Loss: 10.8480 | Avg Loss: 10.8760 | LR: 8.01e-05
2025-11-18 15:18:43 | INFO | Epoch 1 | Batch 3050/3125 | Loss: 10.8488 | Avg Loss: 10.8759 | LR: 8.00e-05
2025-11-18 15:18:44 | INFO | Epoch 1 | Batch 3060/3125 | Loss: 10.8480 | Avg Loss: 10.8758 | LR: 7.98e-05
2025-11-18 15:18:45 | INFO | Epoch 1 | Batch 3070/3125 | Loss: 10.8485 | Avg Loss: 10.8757 | LR: 7.97e-05
2025-11-18 15:18:45 | INFO | Epoch 1 | Batch 3080/3125 | Loss: 10.8482 | Avg Loss: 10.8756 | LR: 7.96e-05
2025-11-18 15:18:46 | INFO | Epoch 1 | Batch 3090/3125 | Loss: 10.8460 | Avg Loss: 10.8755 | LR: 7.94e-05
2025-11-18 15:18:47 | INFO | Epoch 1 | Batch 3100/3125 | Loss: 10.8480 | Avg Loss: 10.8754 | LR: 7.93e-05
2025-11-18 15:18:48 | INFO | Epoch 1 | Batch 3110/3125 | Loss: 10.8466 | Avg Loss: 10.8754 | LR: 7.92e-05
2025-11-18 15:18:49 | INFO | Epoch 1 | Batch 3120/3125 | Loss: 10.8492 | Avg Loss: 10.8753 | LR: 7.90e-05
2025-11-18 15:18:49 | INFO | ✅ Epoch 1 - Train Loss: 10.8752
2025-11-18 15:18:59 | INFO | 📈 Validation Loss: 10.8406
2025-11-18 15:19:00 | INFO | 💾 Saved checkpoint (val_loss: 10.8406)
2025-11-18 15:19:00 | INFO | Epoch 2 | Batch 0/3125 | Loss: 10.8475 | Avg Loss: 10.8475 | LR: 7.89e-05
2025-11-18 15:19:01 | INFO | Epoch 2 | Batch 10/3125 | Loss: 10.8480 | Avg Loss: 10.8475 | LR: 7.88e-05
2025-11-18 15:19:02 | INFO | Epoch 2 | Batch 20/3125 | Loss: 10.8486 | Avg Loss: 10.8476 | LR: 7.86e-05
2025-11-18 15:19:02 | INFO | Epoch 2 | Batch 30/3125 | Loss: 10.8487 | Avg Loss: 10.8476 | LR: 7.85e-05
2025-11-18 15:19:03 | INFO | Epoch 2 | Batch 40/3125 | Loss: 10.8446 | Avg Loss: 10.8474 | LR: 7.84e-05
2025-11-18 15:19:04 | INFO | Epoch 2 | Batch 50/3125 | Loss: 10.8474 | Avg Loss: 10.8475 | LR: 7.82e-05
2025-11-18 15:19:05 | INFO | Epoch 2 | Batch 60/3125 | Loss: 10.8493 | Avg Loss: 10.8475 | LR: 7.81e-05
2025-11-18 15:19:06 | INFO | Epoch 2 | Batch 70/3125 | Loss: 10.8463 | Avg Loss: 10.8475 | LR: 7.79e-05
2025-11-18 15:19:07 | INFO | Epoch 2 | Batch 80/3125 | Loss: 10.8451 | Avg Loss: 10.8474 | LR: 7.78e-05
2025-11-18 15:19:08 | INFO | Epoch 2 | Batch 90/3125 | Loss: 10.8472 | Avg Loss: 10.8474 | LR: 7.77e-05
2025-11-18 15:19:09 | INFO | Epoch 2 | Batch 100/3125 | Loss: 10.8476 | Avg Loss: 10.8475 | LR: 7.75e-05
2025-11-18 15:19:09 | INFO | Epoch 2 | Batch 110/3125 | Loss: 10.8460 | Avg Loss: 10.8475 | LR: 7.74e-05
2025-11-18 15:19:10 | INFO | Epoch 2 | Batch 120/3125 | Loss: 10.8460 | Avg Loss: 10.8475 | LR: 7.72e-05
2025-11-18 15:19:11 | INFO | Epoch 2 | Batch 130/3125 | Loss: 10.8451 | Avg Loss: 10.8475 | LR: 7.71e-05
2025-11-18 15:19:12 | INFO | Epoch 2 | Batch 140/3125 | Loss: 10.8477 | Avg Loss: 10.8475 | LR: 7.69e-05
2025-11-18 15:19:13 | INFO | Epoch 2 | Batch 150/3125 | Loss: 10.8466 | Avg Loss: 10.8474 | LR: 7.68e-05
2025-11-18 15:19:14 | INFO | Epoch 2 | Batch 160/3125 | Loss: 10.8443 | Avg Loss: 10.8474 | LR: 7.66e-05
2025-11-18 15:19:15 | INFO | Epoch 2 | Batch 170/3125 | Loss: 10.8498 | Avg Loss: 10.8474 | LR: 7.65e-05
2025-11-18 15:19:16 | INFO | Epoch 2 | Batch 180/3125 | Loss: 10.8493 | Avg Loss: 10.8474 | LR: 7.63e-05
2025-11-18 15:19:17 | INFO | Epoch 2 | Batch 190/3125 | Loss: 10.8463 | Avg Loss: 10.8474 | LR: 7.62e-05
2025-11-18 15:19:17 | INFO | Epoch 2 | Batch 200/3125 | Loss: 10.8475 | Avg Loss: 10.8474 | LR: 7.60e-05
2025-11-18 15:19:18 | INFO | Epoch 2 | Batch 210/3125 | Loss: 10.8452 | Avg Loss: 10.8474 | LR: 7.59e-05
2025-11-18 15:19:19 | INFO | Epoch 2 | Batch 220/3125 | Loss: 10.8490 | Avg Loss: 10.8474 | LR: 7.57e-05
2025-11-18 15:19:20 | INFO | Epoch 2 | Batch 230/3125 | Loss: 10.8470 | Avg Loss: 10.8473 | LR: 7.56e-05
2025-11-18 15:19:21 | INFO | Epoch 2 | Batch 240/3125 | Loss: 10.8477 | Avg Loss: 10.8473 | LR: 7.54e-05
2025-11-18 15:19:22 | INFO | Epoch 2 | Batch 250/3125 | Loss: 10.8484 | Avg Loss: 10.8473 | LR: 7.53e-05
2025-11-18 15:19:23 | INFO | Epoch 2 | Batch 260/3125 | Loss: 10.8462 | Avg Loss: 10.8473 | LR: 7.51e-05
2025-11-18 15:19:24 | INFO | Epoch 2 | Batch 270/3125 | Loss: 10.8473 | Avg Loss: 10.8473 | LR: 7.50e-05
2025-11-18 15:19:25 | INFO | Epoch 2 | Batch 280/3125 | Loss: 10.8474 | Avg Loss: 10.8473 | LR: 7.48e-05
2025-11-18 15:19:25 | INFO | Epoch 2 | Batch 290/3125 | Loss: 10.8473 | Avg Loss: 10.8473 | LR: 7.47e-05
2025-11-18 15:19:26 | INFO | Epoch 2 | Batch 300/3125 | Loss: 10.8463 | Avg Loss: 10.8473 | LR: 7.45e-05
2025-11-18 15:19:27 | INFO | Epoch 2 | Batch 310/3125 | Loss: 10.8475 | Avg Loss: 10.8473 | LR: 7.44e-05
2025-11-18 15:19:28 | INFO | Epoch 2 | Batch 320/3125 | Loss: 10.8462 | Avg Loss: 10.8473 | LR: 7.42e-05
2025-11-18 15:19:29 | INFO | Epoch 2 | Batch 330/3125 | Loss: 10.8461 | Avg Loss: 10.8473 | LR: 7.41e-05
2025-11-18 15:19:30 | INFO | Epoch 2 | Batch 340/3125 | Loss: 10.8471 | Avg Loss: 10.8473 | LR: 7.39e-05
2025-11-18 15:19:31 | INFO | Epoch 2 | Batch 350/3125 | Loss: 10.8486 | Avg Loss: 10.8473 | LR: 7.38e-05
2025-11-18 15:19:32 | INFO | Epoch 2 | Batch 360/3125 | Loss: 10.8468 | Avg Loss: 10.8472 | LR: 7.36e-05
2025-11-18 15:19:32 | INFO | Epoch 2 | Batch 370/3125 | Loss: 10.8460 | Avg Loss: 10.8472 | LR: 7.34e-05
2025-11-18 15:19:33 | INFO | Epoch 2 | Batch 380/3125 | Loss: 10.8458 | Avg Loss: 10.8472 | LR: 7.33e-05
2025-11-18 15:19:34 | INFO | Epoch 2 | Batch 390/3125 | Loss: 10.8456 | Avg Loss: 10.8472 | LR: 7.31e-05
2025-11-18 15:19:35 | INFO | Epoch 2 | Batch 400/3125 | Loss: 10.8471 | Avg Loss: 10.8472 | LR: 7.30e-05
2025-11-18 15:19:36 | INFO | Epoch 2 | Batch 410/3125 | Loss: 10.8468 | Avg Loss: 10.8472 | LR: 7.28e-05
2025-11-18 15:19:37 | INFO | Epoch 2 | Batch 420/3125 | Loss: 10.8459 | Avg Loss: 10.8472 | LR: 7.26e-05
2025-11-18 15:19:38 | INFO | Epoch 2 | Batch 430/3125 | Loss: 10.8468 | Avg Loss: 10.8472 | LR: 7.25e-05
2025-11-18 15:19:39 | INFO | Epoch 2 | Batch 440/3125 | Loss: 10.8462 | Avg Loss: 10.8472 | LR: 7.23e-05
2025-11-18 15:19:40 | INFO | Epoch 2 | Batch 450/3125 | Loss: 10.8444 | Avg Loss: 10.8472 | LR: 7.22e-05
2025-11-18 15:19:40 | INFO | Epoch 2 | Batch 460/3125 | Loss: 10.8472 | Avg Loss: 10.8471 | LR: 7.20e-05
2025-11-18 15:19:41 | INFO | Epoch 2 | Batch 470/3125 | Loss: 10.8473 | Avg Loss: 10.8471 | LR: 7.19e-05
2025-11-18 15:19:42 | INFO | Epoch 2 | Batch 480/3125 | Loss: 10.8475 | Avg Loss: 10.8471 | LR: 7.17e-05
2025-11-18 15:19:43 | INFO | Epoch 2 | Batch 490/3125 | Loss: 10.8457 | Avg Loss: 10.8471 | LR: 7.16e-05
2025-11-18 15:19:44 | INFO | Epoch 2 | Batch 500/3125 | Loss: 10.8446 | Avg Loss: 10.8471 | LR: 7.14e-05
2025-11-18 15:19:45 | INFO | Epoch 2 | Batch 510/3125 | Loss: 10.8454 | Avg Loss: 10.8471 | LR: 7.13e-05
2025-11-18 15:19:46 | INFO | Epoch 2 | Batch 520/3125 | Loss: 10.8445 | Avg Loss: 10.8471 | LR: 7.11e-05
2025-11-18 15:19:47 | INFO | Epoch 2 | Batch 530/3125 | Loss: 10.8461 | Avg Loss: 10.8471 | LR: 7.09e-05
2025-11-18 15:19:47 | INFO | Epoch 2 | Batch 540/3125 | Loss: 10.8466 | Avg Loss: 10.8471 | LR: 7.07e-05
2025-11-18 15:19:48 | INFO | Epoch 2 | Batch 550/3125 | Loss: 10.8483 | Avg Loss: 10.8471 | LR: 7.06e-05
2025-11-18 15:19:49 | INFO | Epoch 2 | Batch 560/3125 | Loss: 10.8481 | Avg Loss: 10.8471 | LR: 7.04e-05
2025-11-18 15:19:50 | INFO | Epoch 2 | Batch 570/3125 | Loss: 10.8463 | Avg Loss: 10.8471 | LR: 7.03e-05
2025-11-18 15:19:51 | INFO | Epoch 2 | Batch 580/3125 | Loss: 10.8467 | Avg Loss: 10.8471 | LR: 7.01e-05
2025-11-18 15:19:52 | INFO | Epoch 2 | Batch 590/3125 | Loss: 10.8493 | Avg Loss: 10.8471 | LR: 7.00e-05
2025-11-18 15:19:53 | INFO | Epoch 2 | Batch 600/3125 | Loss: 10.8474 | Avg Loss: 10.8470 | LR: 6.98e-05
2025-11-18 15:19:54 | INFO | Epoch 2 | Batch 610/3125 | Loss: 10.8475 | Avg Loss: 10.8470 | LR: 6.97e-05
2025-11-18 15:19:55 | INFO | Epoch 2 | Batch 620/3125 | Loss: 10.8460 | Avg Loss: 10.8470 | LR: 6.95e-05
2025-11-18 15:19:55 | INFO | Epoch 2 | Batch 630/3125 | Loss: 10.8464 | Avg Loss: 10.8470 | LR: 6.93e-05
2025-11-18 15:19:56 | INFO | Epoch 2 | Batch 640/3125 | Loss: 10.8450 | Avg Loss: 10.8470 | LR: 6.91e-05
2025-11-18 15:19:57 | INFO | Epoch 2 | Batch 650/3125 | Loss: 10.8448 | Avg Loss: 10.8470 | LR: 6.90e-05
2025-11-18 15:19:58 | INFO | Epoch 2 | Batch 660/3125 | Loss: 10.8460 | Avg Loss: 10.8470 | LR: 6.88e-05
2025-11-18 15:19:59 | INFO | Epoch 2 | Batch 670/3125 | Loss: 10.8456 | Avg Loss: 10.8470 | LR: 6.87e-05
2025-11-18 15:20:00 | INFO | Epoch 2 | Batch 680/3125 | Loss: 10.8461 | Avg Loss: 10.8470 | LR: 6.85e-05
2025-11-18 15:20:01 | INFO | Epoch 2 | Batch 690/3125 | Loss: 10.8469 | Avg Loss: 10.8470 | LR: 6.84e-05
2025-11-18 15:20:02 | INFO | Epoch 2 | Batch 700/3125 | Loss: 10.8465 | Avg Loss: 10.8470 | LR: 6.82e-05
2025-11-18 15:20:02 | INFO | Epoch 2 | Batch 710/3125 | Loss: 10.8451 | Avg Loss: 10.8469 | LR: 6.80e-05
2025-11-18 15:20:03 | INFO | Epoch 2 | Batch 720/3125 | Loss: 10.8469 | Avg Loss: 10.8469 | LR: 6.78e-05
2025-11-18 15:20:04 | INFO | Epoch 2 | Batch 730/3125 | Loss: 10.8474 | Avg Loss: 10.8469 | LR: 6.77e-05
2025-11-18 15:20:05 | INFO | Epoch 2 | Batch 740/3125 | Loss: 10.8479 | Avg Loss: 10.8469 | LR: 6.75e-05
2025-11-18 15:20:06 | INFO | Epoch 2 | Batch 750/3125 | Loss: 10.8465 | Avg Loss: 10.8469 | LR: 6.74e-05
2025-11-18 15:20:07 | INFO | Epoch 2 | Batch 760/3125 | Loss: 10.8469 | Avg Loss: 10.8469 | LR: 6.72e-05
2025-11-18 15:20:08 | INFO | Epoch 2 | Batch 770/3125 | Loss: 10.8470 | Avg Loss: 10.8469 | LR: 6.71e-05
2025-11-18 15:20:09 | INFO | Epoch 2 | Batch 780/3125 | Loss: 10.8485 | Avg Loss: 10.8469 | LR: 6.69e-05
2025-11-18 15:20:10 | INFO | Epoch 2 | Batch 790/3125 | Loss: 10.8469 | Avg Loss: 10.8469 | LR: 6.67e-05
2025-11-18 15:20:10 | INFO | Epoch 2 | Batch 800/3125 | Loss: 10.8461 | Avg Loss: 10.8469 | LR: 6.65e-05
2025-11-18 15:20:11 | INFO | Epoch 2 | Batch 810/3125 | Loss: 10.8454 | Avg Loss: 10.8469 | LR: 6.64e-05
2025-11-18 15:20:12 | INFO | Epoch 2 | Batch 820/3125 | Loss: 10.8494 | Avg Loss: 10.8469 | LR: 6.62e-05
2025-11-18 15:20:13 | INFO | Epoch 2 | Batch 830/3125 | Loss: 10.8474 | Avg Loss: 10.8469 | LR: 6.61e-05
2025-11-18 15:20:14 | INFO | Epoch 2 | Batch 840/3125 | Loss: 10.8437 | Avg Loss: 10.8469 | LR: 6.59e-05
2025-11-18 15:20:15 | INFO | Epoch 2 | Batch 850/3125 | Loss: 10.8474 | Avg Loss: 10.8469 | LR: 6.57e-05
2025-11-18 15:20:16 | INFO | Epoch 2 | Batch 860/3125 | Loss: 10.8490 | Avg Loss: 10.8468 | LR: 6.55e-05
2025-11-18 15:20:17 | INFO | Epoch 2 | Batch 870/3125 | Loss: 10.8456 | Avg Loss: 10.8468 | LR: 6.54e-05
2025-11-18 15:20:18 | INFO | Epoch 2 | Batch 880/3125 | Loss: 10.8460 | Avg Loss: 10.8468 | LR: 6.52e-05
2025-11-18 15:20:18 | INFO | Epoch 2 | Batch 890/3125 | Loss: 10.8468 | Avg Loss: 10.8468 | LR: 6.51e-05
2025-11-18 15:20:19 | INFO | Epoch 2 | Batch 900/3125 | Loss: 10.8459 | Avg Loss: 10.8468 | LR: 6.49e-05
2025-11-18 15:20:20 | INFO | Epoch 2 | Batch 910/3125 | Loss: 10.8472 | Avg Loss: 10.8468 | LR: 6.47e-05
2025-11-18 15:20:21 | INFO | Epoch 2 | Batch 920/3125 | Loss: 10.8461 | Avg Loss: 10.8468 | LR: 6.45e-05
2025-11-18 15:20:22 | INFO | Epoch 2 | Batch 930/3125 | Loss: 10.8456 | Avg Loss: 10.8468 | LR: 6.44e-05
2025-11-18 15:20:23 | INFO | Epoch 2 | Batch 940/3125 | Loss: 10.8444 | Avg Loss: 10.8468 | LR: 6.42e-05
2025-11-18 15:20:24 | INFO | Epoch 2 | Batch 950/3125 | Loss: 10.8458 | Avg Loss: 10.8468 | LR: 6.41e-05
2025-11-18 15:20:25 | INFO | Epoch 2 | Batch 960/3125 | Loss: 10.8451 | Avg Loss: 10.8467 | LR: 6.39e-05
2025-11-18 15:20:25 | INFO | Epoch 2 | Batch 970/3125 | Loss: 10.8432 | Avg Loss: 10.8467 | LR: 6.37e-05
2025-11-18 15:20:26 | INFO | Epoch 2 | Batch 980/3125 | Loss: 10.8468 | Avg Loss: 10.8467 | LR: 6.35e-05
2025-11-18 15:20:27 | INFO | Epoch 2 | Batch 990/3125 | Loss: 10.8480 | Avg Loss: 10.8467 | LR: 6.34e-05
2025-11-18 15:20:28 | INFO | Epoch 2 | Batch 1000/3125 | Loss: 10.8438 | Avg Loss: 10.8467 | LR: 6.32e-05
2025-11-18 15:20:29 | INFO | Epoch 2 | Batch 1010/3125 | Loss: 10.8446 | Avg Loss: 10.8467 | LR: 6.30e-05
2025-11-18 15:20:30 | INFO | Epoch 2 | Batch 1020/3125 | Loss: 10.8443 | Avg Loss: 10.8467 | LR: 6.28e-05
2025-11-18 15:20:31 | INFO | Epoch 2 | Batch 1030/3125 | Loss: 10.8474 | Avg Loss: 10.8467 | LR: 6.27e-05
2025-11-18 15:20:32 | INFO | Epoch 2 | Batch 1040/3125 | Loss: 10.8457 | Avg Loss: 10.8467 | LR: 6.25e-05
2025-11-18 15:20:33 | INFO | Epoch 2 | Batch 1050/3125 | Loss: 10.8437 | Avg Loss: 10.8467 | LR: 6.24e-05
2025-11-18 15:20:33 | INFO | Epoch 2 | Batch 1060/3125 | Loss: 10.8455 | Avg Loss: 10.8467 | LR: 6.22e-05
2025-11-18 15:20:34 | INFO | Epoch 2 | Batch 1070/3125 | Loss: 10.8471 | Avg Loss: 10.8466 | LR: 6.20e-05
2025-11-18 15:20:35 | INFO | Epoch 2 | Batch 1080/3125 | Loss: 10.8468 | Avg Loss: 10.8466 | LR: 6.18e-05
2025-11-18 15:20:36 | INFO | Epoch 2 | Batch 1090/3125 | Loss: 10.8449 | Avg Loss: 10.8466 | LR: 6.17e-05
2025-11-18 15:20:37 | INFO | Epoch 2 | Batch 1100/3125 | Loss: 10.8465 | Avg Loss: 10.8466 | LR: 6.15e-05
2025-11-18 15:20:38 | INFO | Epoch 2 | Batch 1110/3125 | Loss: 10.8436 | Avg Loss: 10.8466 | LR: 6.14e-05
2025-11-18 15:20:39 | INFO | Epoch 2 | Batch 1120/3125 | Loss: 10.8460 | Avg Loss: 10.8466 | LR: 6.11e-05
2025-11-18 15:20:40 | INFO | Epoch 2 | Batch 1130/3125 | Loss: 10.8457 | Avg Loss: 10.8466 | LR: 6.10e-05
2025-11-18 15:20:41 | INFO | Epoch 2 | Batch 1140/3125 | Loss: 10.8444 | Avg Loss: 10.8466 | LR: 6.08e-05
2025-11-18 15:20:41 | INFO | Epoch 2 | Batch 1150/3125 | Loss: 10.8456 | Avg Loss: 10.8466 | LR: 6.07e-05
