2025-11-18 18:15:08 | INFO | ================================================================================
2025-11-18 18:15:08 | INFO | 🚀 STARTING 100M PARAMETER TRAINING
2025-11-18 18:15:08 | INFO | ================================================================================
2025-11-18 18:15:08 | INFO | Device: cuda:0
2025-11-18 18:15:08 | INFO | Distributed: Rank 0/1
2025-11-18 18:15:08 | INFO | Loaded config from /project/code/configs/moe/minimal_working.yaml
2025-11-18 18:15:08 | INFO | ✓ Loaded tokenizer from code/models/tokenizer/enhanced-50680
2025-11-18 18:15:08 | INFO | 
📊 Training Config:
2025-11-18 18:15:08 | INFO |    Epochs: 1
2025-11-18 18:15:08 | INFO |    Batch size: 512
2025-11-18 18:15:08 | INFO |    Learning rate: 1.00e-04
2025-11-18 18:15:08 | INFO |    Gradient accumulation: 1
2025-11-18 18:15:08 | INFO | 
🤖 Creating MoE model...
2025-11-18 18:15:08 | INFO |    Parameters: 62,403,588 (62.4M)
2025-11-18 18:15:08 | INFO | 
⚡ Setting up optimizer and scheduler...
2025-11-18 18:15:08 | INFO |    Optimizer: Lion (lr=1.00e-04, betas=[0.9, 0.99])
2025-11-18 18:15:08 | INFO | 
📊 Creating dataloaders...
2025-11-18 18:15:11 | INFO | 
================================================================================
2025-11-18 18:15:11 | INFO | 🏋️  STARTING TRAINING
2025-11-18 18:15:11 | INFO | ================================================================================
2025-11-18 18:15:11 | INFO | Epoch 1 | Batch 0/6394 | Loss: 10.9510 | Avg Loss: 10.9510 | LR: 1.09e-05
2025-11-18 18:15:13 | INFO | Epoch 1 | Batch 10/6394 | Loss: 10.5769 | Avg Loss: 10.7763 | LR: 1.99e-05
2025-11-18 18:15:15 | INFO | Epoch 1 | Batch 20/6394 | Loss: 9.9841 | Avg Loss: 10.5430 | LR: 2.89e-05
2025-11-18 18:15:16 | INFO | Epoch 1 | Batch 30/6394 | Loss: 9.5771 | Avg Loss: 10.2825 | LR: 3.79e-05
2025-11-18 18:15:18 | INFO | Epoch 1 | Batch 40/6394 | Loss: 9.1088 | Avg Loss: 10.0454 | LR: 4.69e-05
2025-11-18 18:15:19 | INFO | Epoch 1 | Batch 50/6394 | Loss: 8.8484 | Avg Loss: 9.8298 | LR: 5.59e-05
2025-11-18 18:15:21 | INFO | Epoch 1 | Batch 60/6394 | Loss: 8.3889 | Avg Loss: 9.6182 | LR: 6.49e-05
2025-11-18 18:15:23 | INFO | Epoch 1 | Batch 70/6394 | Loss: 7.9532 | Avg Loss: 9.4126 | LR: 7.39e-05
2025-11-18 18:15:24 | INFO | Epoch 1 | Batch 80/6394 | Loss: 7.6853 | Avg Loss: 9.2123 | LR: 8.29e-05
2025-11-18 18:15:26 | INFO | Epoch 1 | Batch 90/6394 | Loss: 7.3115 | Avg Loss: 9.0201 | LR: 9.19e-05
2025-11-18 18:15:27 | INFO | Epoch 1 | Batch 100/6394 | Loss: 7.1051 | Avg Loss: 8.8405 | LR: 1.00e-04
2025-11-18 18:15:29 | INFO | Epoch 1 | Batch 110/6394 | Loss: 6.7413 | Avg Loss: 8.6700 | LR: 1.00e-04
2025-11-18 18:15:31 | INFO | Epoch 1 | Batch 120/6394 | Loss: 6.8202 | Avg Loss: 8.5158 | LR: 1.00e-04
2025-11-18 18:15:32 | INFO | Epoch 1 | Batch 130/6394 | Loss: 6.7536 | Avg Loss: 8.3769 | LR: 1.00e-04
2025-11-18 18:15:34 | INFO | Epoch 1 | Batch 140/6394 | Loss: 6.5073 | Avg Loss: 8.2528 | LR: 1.00e-04
2025-11-18 18:15:35 | INFO | Epoch 1 | Batch 150/6394 | Loss: 6.5626 | Avg Loss: 8.1417 | LR: 1.00e-04
2025-11-18 18:15:37 | INFO | Epoch 1 | Batch 160/6394 | Loss: 6.4069 | Avg Loss: 8.0379 | LR: 1.00e-04
2025-11-18 18:15:39 | INFO | Epoch 1 | Batch 170/6394 | Loss: 6.2901 | Avg Loss: 7.9411 | LR: 1.00e-04
2025-11-18 18:15:40 | INFO | Epoch 1 | Batch 180/6394 | Loss: 6.2407 | Avg Loss: 7.8474 | LR: 1.00e-04
2025-11-18 18:15:42 | INFO | Epoch 1 | Batch 190/6394 | Loss: 6.1711 | Avg Loss: 7.7606 | LR: 9.99e-05
2025-11-18 18:15:43 | INFO | Epoch 1 | Batch 200/6394 | Loss: 6.0621 | Avg Loss: 7.6770 | LR: 9.99e-05
2025-11-18 18:15:45 | INFO | Epoch 1 | Batch 210/6394 | Loss: 5.9389 | Avg Loss: 7.5960 | LR: 9.99e-05
2025-11-18 18:15:46 | INFO | Epoch 1 | Batch 220/6394 | Loss: 5.8911 | Avg Loss: 7.5183 | LR: 9.99e-05
2025-11-18 18:15:48 | INFO | Epoch 1 | Batch 230/6394 | Loss: 5.7459 | Avg Loss: 7.4439 | LR: 9.99e-05
2025-11-18 18:15:50 | INFO | Epoch 1 | Batch 240/6394 | Loss: 5.6780 | Avg Loss: 7.3740 | LR: 9.99e-05
2025-11-18 18:15:51 | INFO | Epoch 1 | Batch 250/6394 | Loss: 5.6777 | Avg Loss: 7.3064 | LR: 9.99e-05
2025-11-18 18:15:53 | INFO | Epoch 1 | Batch 260/6394 | Loss: 5.6520 | Avg Loss: 7.2421 | LR: 9.98e-05
2025-11-18 18:15:54 | INFO | Epoch 1 | Batch 270/6394 | Loss: 5.4576 | Avg Loss: 7.1794 | LR: 9.98e-05
2025-11-18 18:15:56 | INFO | Epoch 1 | Batch 280/6394 | Loss: 5.4556 | Avg Loss: 7.1203 | LR: 9.98e-05
2025-11-18 18:15:58 | INFO | Epoch 1 | Batch 290/6394 | Loss: 5.4915 | Avg Loss: 7.0633 | LR: 9.98e-05
2025-11-18 18:15:59 | INFO | Epoch 1 | Batch 300/6394 | Loss: 5.3820 | Avg Loss: 7.0075 | LR: 9.97e-05
2025-11-18 18:16:01 | INFO | Epoch 1 | Batch 310/6394 | Loss: 5.2989 | Avg Loss: 6.9540 | LR: 9.97e-05
2025-11-18 18:16:02 | INFO | Epoch 1 | Batch 320/6394 | Loss: 5.2872 | Avg Loss: 6.9028 | LR: 9.97e-05
2025-11-18 18:16:04 | INFO | Epoch 1 | Batch 330/6394 | Loss: 5.1974 | Avg Loss: 6.8516 | LR: 9.97e-05
2025-11-18 18:16:06 | INFO | Epoch 1 | Batch 340/6394 | Loss: 5.2081 | Avg Loss: 6.8028 | LR: 9.96e-05
2025-11-18 18:16:07 | INFO | Epoch 1 | Batch 350/6394 | Loss: 5.1043 | Avg Loss: 6.7549 | LR: 9.96e-05
2025-11-18 18:16:09 | INFO | Epoch 1 | Batch 360/6394 | Loss: 5.0889 | Avg Loss: 6.7096 | LR: 9.96e-05
2025-11-18 18:16:10 | INFO | Epoch 1 | Batch 370/6394 | Loss: 4.9943 | Avg Loss: 6.6649 | LR: 9.95e-05
2025-11-18 18:16:12 | INFO | Epoch 1 | Batch 380/6394 | Loss: 4.9683 | Avg Loss: 6.6218 | LR: 9.95e-05
2025-11-18 18:16:14 | INFO | Epoch 1 | Batch 390/6394 | Loss: 5.0025 | Avg Loss: 6.5803 | LR: 9.95e-05
2025-11-18 18:16:15 | INFO | Epoch 1 | Batch 400/6394 | Loss: 4.9923 | Avg Loss: 6.5407 | LR: 9.94e-05
2025-11-18 18:16:17 | INFO | Epoch 1 | Batch 410/6394 | Loss: 4.9498 | Avg Loss: 6.5011 | LR: 9.94e-05
2025-11-18 18:16:18 | INFO | Epoch 1 | Batch 420/6394 | Loss: 4.8556 | Avg Loss: 6.4633 | LR: 9.94e-05
2025-11-18 18:16:20 | INFO | Epoch 1 | Batch 430/6394 | Loss: 4.8477 | Avg Loss: 6.4263 | LR: 9.93e-05
2025-11-18 18:16:22 | INFO | Epoch 1 | Batch 440/6394 | Loss: 4.8385 | Avg Loss: 6.3903 | LR: 9.93e-05
2025-11-18 18:16:23 | INFO | Epoch 1 | Batch 450/6394 | Loss: 4.7547 | Avg Loss: 6.3552 | LR: 9.92e-05
2025-11-18 18:16:25 | INFO | Epoch 1 | Batch 460/6394 | Loss: 4.7016 | Avg Loss: 6.3210 | LR: 9.92e-05
2025-11-18 18:16:26 | INFO | Epoch 1 | Batch 470/6394 | Loss: 4.6904 | Avg Loss: 6.2874 | LR: 9.91e-05
2025-11-18 18:16:28 | INFO | Epoch 1 | Batch 480/6394 | Loss: 4.7645 | Avg Loss: 6.2555 | LR: 9.91e-05
2025-11-18 18:16:30 | INFO | Epoch 1 | Batch 490/6394 | Loss: 4.7368 | Avg Loss: 6.2238 | LR: 9.91e-05
2025-11-18 18:16:31 | INFO | Epoch 1 | Batch 500/6394 | Loss: 4.6864 | Avg Loss: 6.1927 | LR: 9.90e-05
2025-11-18 18:16:33 | INFO | Epoch 1 | Batch 510/6394 | Loss: 4.6352 | Avg Loss: 6.1623 | LR: 9.90e-05
2025-11-18 18:16:34 | INFO | Epoch 1 | Batch 520/6394 | Loss: 4.7503 | Avg Loss: 6.1338 | LR: 9.89e-05
2025-11-18 18:16:36 | INFO | Epoch 1 | Batch 530/6394 | Loss: 4.5764 | Avg Loss: 6.1051 | LR: 9.88e-05
2025-11-18 18:16:38 | INFO | Epoch 1 | Batch 540/6394 | Loss: 4.6060 | Avg Loss: 6.0767 | LR: 9.88e-05
2025-11-18 18:16:39 | INFO | Epoch 1 | Batch 550/6394 | Loss: 4.5485 | Avg Loss: 6.0494 | LR: 9.87e-05
2025-11-18 18:16:41 | INFO | Epoch 1 | Batch 560/6394 | Loss: 4.5765 | Avg Loss: 6.0225 | LR: 9.87e-05
2025-11-18 18:16:42 | INFO | Epoch 1 | Batch 570/6394 | Loss: 4.4541 | Avg Loss: 5.9957 | LR: 9.86e-05
2025-11-18 18:16:44 | INFO | Epoch 1 | Batch 580/6394 | Loss: 4.4397 | Avg Loss: 5.9690 | LR: 9.86e-05
2025-11-18 18:16:45 | INFO | Epoch 1 | Batch 590/6394 | Loss: 4.5111 | Avg Loss: 5.9440 | LR: 9.85e-05
2025-11-18 18:16:47 | INFO | Epoch 1 | Batch 600/6394 | Loss: 4.5245 | Avg Loss: 5.9190 | LR: 9.84e-05
2025-11-18 18:16:49 | INFO | Epoch 1 | Batch 610/6394 | Loss: 4.3935 | Avg Loss: 5.8945 | LR: 9.84e-05
2025-11-18 18:16:50 | INFO | Epoch 1 | Batch 620/6394 | Loss: 4.4470 | Avg Loss: 5.8712 | LR: 9.83e-05
2025-11-18 18:16:52 | INFO | Epoch 1 | Batch 630/6394 | Loss: 4.4737 | Avg Loss: 5.8483 | LR: 9.83e-05
2025-11-18 18:16:53 | INFO | Epoch 1 | Batch 640/6394 | Loss: 4.2881 | Avg Loss: 5.8255 | LR: 9.82e-05
2025-11-18 18:16:55 | INFO | Epoch 1 | Batch 650/6394 | Loss: 4.3701 | Avg Loss: 5.8029 | LR: 9.81e-05
2025-11-18 18:16:56 | INFO | Epoch 1 | Batch 660/6394 | Loss: 4.3674 | Avg Loss: 5.7811 | LR: 9.81e-05
2025-11-18 18:16:58 | INFO | Epoch 1 | Batch 670/6394 | Loss: 4.3360 | Avg Loss: 5.7598 | LR: 9.80e-05
2025-11-18 18:17:00 | INFO | Epoch 1 | Batch 680/6394 | Loss: 4.2490 | Avg Loss: 5.7388 | LR: 9.79e-05
2025-11-18 18:17:01 | INFO | Epoch 1 | Batch 690/6394 | Loss: 4.3400 | Avg Loss: 5.7177 | LR: 9.78e-05
2025-11-18 18:17:03 | INFO | Epoch 1 | Batch 700/6394 | Loss: 4.2826 | Avg Loss: 5.6971 | LR: 9.78e-05
2025-11-18 18:17:04 | INFO | Epoch 1 | Batch 710/6394 | Loss: 4.2034 | Avg Loss: 5.6772 | LR: 9.77e-05
2025-11-18 18:17:06 | INFO | Epoch 1 | Batch 720/6394 | Loss: 4.1279 | Avg Loss: 5.6569 | LR: 9.76e-05
2025-11-18 18:17:07 | INFO | Epoch 1 | Batch 730/6394 | Loss: 4.2111 | Avg Loss: 5.6371 | LR: 9.75e-05
2025-11-18 18:17:09 | INFO | Epoch 1 | Batch 740/6394 | Loss: 4.2119 | Avg Loss: 5.6181 | LR: 9.75e-05
2025-11-18 18:17:11 | INFO | Epoch 1 | Batch 750/6394 | Loss: 4.2483 | Avg Loss: 5.5995 | LR: 9.74e-05
2025-11-18 18:17:12 | INFO | Epoch 1 | Batch 760/6394 | Loss: 4.2549 | Avg Loss: 5.5813 | LR: 9.73e-05
2025-11-18 18:17:14 | INFO | Epoch 1 | Batch 770/6394 | Loss: 4.1903 | Avg Loss: 5.5631 | LR: 9.72e-05
2025-11-18 18:17:15 | INFO | Epoch 1 | Batch 780/6394 | Loss: 4.1029 | Avg Loss: 5.5453 | LR: 9.71e-05
2025-11-18 18:17:17 | INFO | Epoch 1 | Batch 790/6394 | Loss: 4.0386 | Avg Loss: 5.5278 | LR: 9.71e-05
2025-11-18 18:17:18 | INFO | Epoch 1 | Batch 800/6394 | Loss: 4.1533 | Avg Loss: 5.5103 | LR: 9.70e-05
2025-11-18 18:17:20 | INFO | Epoch 1 | Batch 810/6394 | Loss: 4.0714 | Avg Loss: 5.4933 | LR: 9.69e-05
2025-11-18 18:17:22 | INFO | Epoch 1 | Batch 820/6394 | Loss: 4.1368 | Avg Loss: 5.4765 | LR: 9.68e-05
2025-11-18 18:17:23 | INFO | Epoch 1 | Batch 830/6394 | Loss: 4.1322 | Avg Loss: 5.4594 | LR: 9.67e-05
2025-11-18 18:17:25 | INFO | Epoch 1 | Batch 840/6394 | Loss: 4.2254 | Avg Loss: 5.4432 | LR: 9.66e-05
2025-11-18 18:17:26 | INFO | Epoch 1 | Batch 850/6394 | Loss: 4.1275 | Avg Loss: 5.4272 | LR: 9.65e-05
2025-11-18 18:17:28 | INFO | Epoch 1 | Batch 860/6394 | Loss: 4.0843 | Avg Loss: 5.4114 | LR: 9.64e-05
2025-11-18 18:17:29 | INFO | Epoch 1 | Batch 870/6394 | Loss: 4.1391 | Avg Loss: 5.3961 | LR: 9.63e-05
2025-11-18 18:17:31 | INFO | Epoch 1 | Batch 880/6394 | Loss: 4.0074 | Avg Loss: 5.3810 | LR: 9.62e-05
2025-11-18 18:17:33 | INFO | Epoch 1 | Batch 890/6394 | Loss: 3.9704 | Avg Loss: 5.3659 | LR: 9.62e-05
2025-11-18 18:17:34 | INFO | Epoch 1 | Batch 900/6394 | Loss: 3.9765 | Avg Loss: 5.3514 | LR: 9.61e-05
2025-11-18 18:17:36 | INFO | Epoch 1 | Batch 910/6394 | Loss: 3.9494 | Avg Loss: 5.3369 | LR: 9.60e-05
2025-11-18 18:17:37 | INFO | Epoch 1 | Batch 920/6394 | Loss: 4.0350 | Avg Loss: 5.3223 | LR: 9.59e-05
2025-11-18 18:17:39 | INFO | Epoch 1 | Batch 930/6394 | Loss: 3.9212 | Avg Loss: 5.3079 | LR: 9.58e-05
2025-11-18 18:17:40 | INFO | Epoch 1 | Batch 940/6394 | Loss: 4.0954 | Avg Loss: 5.2935 | LR: 9.57e-05
2025-11-18 18:17:42 | INFO | Epoch 1 | Batch 950/6394 | Loss: 3.8962 | Avg Loss: 5.2795 | LR: 9.56e-05
2025-11-18 18:17:44 | INFO | Epoch 1 | Batch 960/6394 | Loss: 3.9853 | Avg Loss: 5.2660 | LR: 9.55e-05
2025-11-18 18:17:45 | INFO | Epoch 1 | Batch 970/6394 | Loss: 3.9613 | Avg Loss: 5.2527 | LR: 9.53e-05
2025-11-18 18:17:47 | INFO | Epoch 1 | Batch 980/6394 | Loss: 3.9806 | Avg Loss: 5.2392 | LR: 9.52e-05
2025-11-18 18:17:48 | INFO | Epoch 1 | Batch 990/6394 | Loss: 3.9423 | Avg Loss: 5.2262 | LR: 9.51e-05
2025-11-18 18:17:50 | INFO | 
🎯 Testing generation at step 1000...
2025-11-18 18:17:50 | INFO | Prompt: Once upon a time
Generated text:
Once upon a time, there was a little girl named Lily. She loved to play outside in the park. One day, she went to the park to play with her mommy and her mom. She went to the park to play with her friends.


One day, Lily and she is waiting for her phone. She was cute and she was too small. She is walking in the park, which could be a big day. She was her friends, and he had a children in his friend. She saw her, and liked her. She had a day. She had to share, and got the big, and was a dress and he
2025-11-18 18:17:50 | INFO | ✓ Generation test complete

2025-11-18 18:17:50 | INFO | Epoch 1 | Batch 1000/6394 | Loss: 3.8420 | Avg Loss: 5.2132 | LR: 9.50e-05
2025-11-18 18:17:52 | INFO | Epoch 1 | Batch 1010/6394 | Loss: 3.9016 | Avg Loss: 5.2003 | LR: 9.49e-05
2025-11-18 18:17:53 | INFO | Epoch 1 | Batch 1020/6394 | Loss: 3.7468 | Avg Loss: 5.1871 | LR: 9.48e-05
2025-11-18 18:17:55 | INFO | Epoch 1 | Batch 1030/6394 | Loss: 3.9594 | Avg Loss: 5.1745 | LR: 9.47e-05
2025-11-18 18:17:57 | INFO | Epoch 1 | Batch 1040/6394 | Loss: 3.8590 | Avg Loss: 5.1622 | LR: 9.46e-05
2025-11-18 18:17:58 | INFO | Epoch 1 | Batch 1050/6394 | Loss: 3.8133 | Avg Loss: 5.1499 | LR: 9.45e-05
2025-11-18 18:18:00 | INFO | Epoch 1 | Batch 1060/6394 | Loss: 3.9430 | Avg Loss: 5.1378 | LR: 9.44e-05
2025-11-18 18:18:01 | INFO | Epoch 1 | Batch 1070/6394 | Loss: 3.7941 | Avg Loss: 5.1258 | LR: 9.42e-05
2025-11-18 18:18:03 | INFO | Epoch 1 | Batch 1080/6394 | Loss: 3.8470 | Avg Loss: 5.1137 | LR: 9.41e-05
2025-11-18 18:18:04 | INFO | Epoch 1 | Batch 1090/6394 | Loss: 3.8469 | Avg Loss: 5.1018 | LR: 9.40e-05
2025-11-18 18:18:06 | INFO | Epoch 1 | Batch 1100/6394 | Loss: 3.7591 | Avg Loss: 5.0898 | LR: 9.39e-05
2025-11-18 18:18:07 | INFO | Epoch 1 | Batch 1110/6394 | Loss: 3.8513 | Avg Loss: 5.0780 | LR: 9.38e-05
2025-11-18 18:18:09 | INFO | Epoch 1 | Batch 1120/6394 | Loss: 3.8579 | Avg Loss: 5.0671 | LR: 9.36e-05
2025-11-18 18:18:11 | INFO | Epoch 1 | Batch 1130/6394 | Loss: 3.8869 | Avg Loss: 5.0562 | LR: 9.35e-05
2025-11-18 18:18:12 | INFO | Epoch 1 | Batch 1140/6394 | Loss: 3.7599 | Avg Loss: 5.0452 | LR: 9.34e-05
2025-11-18 18:18:14 | INFO | Epoch 1 | Batch 1150/6394 | Loss: 3.7873 | Avg Loss: 5.0340 | LR: 9.33e-05
2025-11-18 18:18:15 | INFO | Epoch 1 | Batch 1160/6394 | Loss: 3.7537 | Avg Loss: 5.0231 | LR: 9.32e-05
2025-11-18 18:18:17 | INFO | Epoch 1 | Batch 1170/6394 | Loss: 3.7355 | Avg Loss: 5.0125 | LR: 9.30e-05
2025-11-18 18:18:18 | INFO | Epoch 1 | Batch 1180/6394 | Loss: 3.7606 | Avg Loss: 5.0019 | LR: 9.29e-05
2025-11-18 18:18:20 | INFO | Epoch 1 | Batch 1190/6394 | Loss: 3.7194 | Avg Loss: 4.9912 | LR: 9.28e-05
2025-11-18 18:18:22 | INFO | Epoch 1 | Batch 1200/6394 | Loss: 3.7423 | Avg Loss: 4.9808 | LR: 9.26e-05
2025-11-18 18:18:23 | INFO | Epoch 1 | Batch 1210/6394 | Loss: 3.7229 | Avg Loss: 4.9706 | LR: 9.25e-05
2025-11-18 18:18:25 | INFO | Epoch 1 | Batch 1220/6394 | Loss: 3.7255 | Avg Loss: 4.9602 | LR: 9.24e-05
2025-11-18 18:18:26 | INFO | Epoch 1 | Batch 1230/6394 | Loss: 3.6382 | Avg Loss: 4.9502 | LR: 9.22e-05
2025-11-18 18:18:28 | INFO | Epoch 1 | Batch 1240/6394 | Loss: 3.7317 | Avg Loss: 4.9402 | LR: 9.21e-05
2025-11-18 18:18:29 | INFO | Epoch 1 | Batch 1250/6394 | Loss: 3.7503 | Avg Loss: 4.9303 | LR: 9.20e-05
2025-11-18 18:18:31 | INFO | Epoch 1 | Batch 1260/6394 | Loss: 3.5975 | Avg Loss: 4.9205 | LR: 9.18e-05
2025-11-18 18:18:33 | INFO | Epoch 1 | Batch 1270/6394 | Loss: 3.7538 | Avg Loss: 4.9108 | LR: 9.17e-05
2025-11-18 18:18:34 | INFO | Epoch 1 | Batch 1280/6394 | Loss: 3.6154 | Avg Loss: 4.9014 | LR: 9.16e-05
2025-11-18 18:18:36 | INFO | Epoch 1 | Batch 1290/6394 | Loss: 3.6460 | Avg Loss: 4.8918 | LR: 9.14e-05
2025-11-18 18:18:37 | INFO | Epoch 1 | Batch 1300/6394 | Loss: 3.5812 | Avg Loss: 4.8824 | LR: 9.13e-05
2025-11-18 18:18:39 | INFO | Epoch 1 | Batch 1310/6394 | Loss: 3.7108 | Avg Loss: 4.8732 | LR: 9.11e-05
2025-11-18 18:18:40 | INFO | Epoch 1 | Batch 1320/6394 | Loss: 3.6491 | Avg Loss: 4.8641 | LR: 9.10e-05
2025-11-18 18:18:42 | INFO | Epoch 1 | Batch 1330/6394 | Loss: 3.5546 | Avg Loss: 4.8548 | LR: 9.09e-05
2025-11-18 18:18:44 | INFO | Epoch 1 | Batch 1340/6394 | Loss: 3.5608 | Avg Loss: 4.8458 | LR: 9.07e-05
2025-11-18 18:18:45 | INFO | Epoch 1 | Batch 1350/6394 | Loss: 3.5889 | Avg Loss: 4.8369 | LR: 9.06e-05
2025-11-18 18:18:47 | INFO | Epoch 1 | Batch 1360/6394 | Loss: 3.6546 | Avg Loss: 4.8282 | LR: 9.04e-05
2025-11-18 18:18:48 | INFO | Epoch 1 | Batch 1370/6394 | Loss: 3.7253 | Avg Loss: 4.8197 | LR: 9.03e-05
2025-11-18 18:18:50 | INFO | Epoch 1 | Batch 1380/6394 | Loss: 3.6999 | Avg Loss: 4.8111 | LR: 9.01e-05
2025-11-18 18:18:51 | INFO | Epoch 1 | Batch 1390/6394 | Loss: 3.6693 | Avg Loss: 4.8026 | LR: 9.00e-05
2025-11-18 18:18:53 | INFO | Epoch 1 | Batch 1400/6394 | Loss: 3.5951 | Avg Loss: 4.7942 | LR: 8.98e-05
2025-11-18 18:18:54 | INFO | Epoch 1 | Batch 1410/6394 | Loss: 3.4861 | Avg Loss: 4.7859 | LR: 8.97e-05
2025-11-18 18:18:56 | INFO | Epoch 1 | Batch 1420/6394 | Loss: 3.5351 | Avg Loss: 4.7775 | LR: 8.95e-05
2025-11-18 18:18:58 | INFO | Epoch 1 | Batch 1430/6394 | Loss: 3.5167 | Avg Loss: 4.7691 | LR: 8.94e-05
2025-11-18 18:18:59 | INFO | Epoch 1 | Batch 1440/6394 | Loss: 3.5785 | Avg Loss: 4.7612 | LR: 8.92e-05
2025-11-18 18:19:01 | INFO | Epoch 1 | Batch 1450/6394 | Loss: 3.6717 | Avg Loss: 4.7531 | LR: 8.91e-05
2025-11-18 18:19:02 | INFO | Epoch 1 | Batch 1460/6394 | Loss: 3.5904 | Avg Loss: 4.7451 | LR: 8.89e-05
2025-11-18 18:19:04 | INFO | Epoch 1 | Batch 1470/6394 | Loss: 3.6235 | Avg Loss: 4.7373 | LR: 8.87e-05
2025-11-18 18:19:05 | INFO | Epoch 1 | Batch 1480/6394 | Loss: 3.4329 | Avg Loss: 4.7292 | LR: 8.86e-05
2025-11-18 18:19:07 | INFO | Epoch 1 | Batch 1490/6394 | Loss: 3.6218 | Avg Loss: 4.7214 | LR: 8.84e-05
2025-11-18 18:19:08 | INFO | Epoch 1 | Batch 1500/6394 | Loss: 3.6444 | Avg Loss: 4.7138 | LR: 8.83e-05
2025-11-18 18:19:10 | INFO | Epoch 1 | Batch 1510/6394 | Loss: 3.6073 | Avg Loss: 4.7061 | LR: 8.81e-05
2025-11-18 18:19:11 | INFO | Epoch 1 | Batch 1520/6394 | Loss: 3.4414 | Avg Loss: 4.6984 | LR: 8.79e-05
2025-11-18 18:19:13 | INFO | Epoch 1 | Batch 1530/6394 | Loss: 3.5332 | Avg Loss: 4.6907 | LR: 8.78e-05
2025-11-18 18:19:15 | INFO | Epoch 1 | Batch 1540/6394 | Loss: 3.5094 | Avg Loss: 4.6833 | LR: 8.76e-05
2025-11-18 18:19:16 | INFO | Epoch 1 | Batch 1550/6394 | Loss: 3.5354 | Avg Loss: 4.6760 | LR: 8.74e-05
2025-11-18 18:19:18 | INFO | Epoch 1 | Batch 1560/6394 | Loss: 3.5264 | Avg Loss: 4.6688 | LR: 8.73e-05
2025-11-18 18:19:19 | INFO | Epoch 1 | Batch 1570/6394 | Loss: 3.4986 | Avg Loss: 4.6614 | LR: 8.71e-05
2025-11-18 18:19:21 | INFO | Epoch 1 | Batch 1580/6394 | Loss: 3.5824 | Avg Loss: 4.6544 | LR: 8.69e-05
2025-11-18 18:19:22 | INFO | Epoch 1 | Batch 1590/6394 | Loss: 3.5051 | Avg Loss: 4.6472 | LR: 8.68e-05
2025-11-18 18:19:24 | INFO | Epoch 1 | Batch 1600/6394 | Loss: 3.5320 | Avg Loss: 4.6403 | LR: 8.66e-05
2025-11-18 18:19:26 | INFO | Epoch 1 | Batch 1610/6394 | Loss: 3.5143 | Avg Loss: 4.6335 | LR: 8.64e-05
2025-11-18 18:19:27 | INFO | Epoch 1 | Batch 1620/6394 | Loss: 3.4507 | Avg Loss: 4.6266 | LR: 8.63e-05
2025-11-18 18:19:29 | INFO | Epoch 1 | Batch 1630/6394 | Loss: 3.4435 | Avg Loss: 4.6196 | LR: 8.61e-05
2025-11-18 18:19:30 | INFO | Epoch 1 | Batch 1640/6394 | Loss: 3.4423 | Avg Loss: 4.6129 | LR: 8.59e-05
2025-11-18 18:19:32 | INFO | Epoch 1 | Batch 1650/6394 | Loss: 3.4440 | Avg Loss: 4.6062 | LR: 8.58e-05
2025-11-18 18:19:33 | INFO | Epoch 1 | Batch 1660/6394 | Loss: 3.4879 | Avg Loss: 4.5994 | LR: 8.56e-05
2025-11-18 18:19:35 | INFO | Epoch 1 | Batch 1670/6394 | Loss: 3.3958 | Avg Loss: 4.5928 | LR: 8.54e-05
2025-11-18 18:19:36 | INFO | Epoch 1 | Batch 1680/6394 | Loss: 3.3333 | Avg Loss: 4.5863 | LR: 8.52e-05
2025-11-18 18:19:38 | INFO | Epoch 1 | Batch 1690/6394 | Loss: 3.5095 | Avg Loss: 4.5798 | LR: 8.50e-05
2025-11-18 18:19:40 | INFO | Epoch 1 | Batch 1700/6394 | Loss: 3.4511 | Avg Loss: 4.5734 | LR: 8.49e-05
2025-11-18 18:19:41 | INFO | Epoch 1 | Batch 1710/6394 | Loss: 3.5516 | Avg Loss: 4.5669 | LR: 8.47e-05
2025-11-18 18:19:43 | INFO | Epoch 1 | Batch 1720/6394 | Loss: 3.4427 | Avg Loss: 4.5605 | LR: 8.45e-05
2025-11-18 18:19:44 | INFO | Epoch 1 | Batch 1730/6394 | Loss: 3.5335 | Avg Loss: 4.5543 | LR: 8.43e-05
2025-11-18 18:19:46 | INFO | Epoch 1 | Batch 1740/6394 | Loss: 3.3851 | Avg Loss: 4.5479 | LR: 8.41e-05
2025-11-18 18:19:47 | INFO | Epoch 1 | Batch 1750/6394 | Loss: 3.4880 | Avg Loss: 4.5418 | LR: 8.40e-05
2025-11-18 18:19:49 | INFO | Epoch 1 | Batch 1760/6394 | Loss: 3.4383 | Avg Loss: 4.5355 | LR: 8.38e-05
2025-11-18 18:19:51 | INFO | Epoch 1 | Batch 1770/6394 | Loss: 3.4599 | Avg Loss: 4.5294 | LR: 8.36e-05
2025-11-18 18:19:52 | INFO | Epoch 1 | Batch 1780/6394 | Loss: 3.4968 | Avg Loss: 4.5233 | LR: 8.34e-05
2025-11-18 18:19:54 | INFO | Epoch 1 | Batch 1790/6394 | Loss: 3.5689 | Avg Loss: 4.5176 | LR: 8.32e-05
2025-11-18 18:19:55 | INFO | Epoch 1 | Batch 1800/6394 | Loss: 3.4784 | Avg Loss: 4.5117 | LR: 8.30e-05
2025-11-18 18:19:57 | INFO | Epoch 1 | Batch 1810/6394 | Loss: 3.4856 | Avg Loss: 4.5057 | LR: 8.28e-05
2025-11-18 18:19:58 | INFO | Epoch 1 | Batch 1820/6394 | Loss: 3.4740 | Avg Loss: 4.4999 | LR: 8.27e-05
2025-11-18 18:20:00 | INFO | Epoch 1 | Batch 1830/6394 | Loss: 3.5430 | Avg Loss: 4.4940 | LR: 8.25e-05
2025-11-18 18:20:01 | INFO | Epoch 1 | Batch 1840/6394 | Loss: 3.4262 | Avg Loss: 4.4882 | LR: 8.23e-05
2025-11-18 18:20:03 | INFO | Epoch 1 | Batch 1850/6394 | Loss: 3.4597 | Avg Loss: 4.4825 | LR: 8.21e-05
2025-11-18 18:20:05 | INFO | Epoch 1 | Batch 1860/6394 | Loss: 3.3679 | Avg Loss: 4.4768 | LR: 8.19e-05
2025-11-18 18:20:06 | INFO | Epoch 1 | Batch 1870/6394 | Loss: 3.4649 | Avg Loss: 4.4712 | LR: 8.17e-05
2025-11-18 18:20:08 | INFO | Epoch 1 | Batch 1880/6394 | Loss: 3.4213 | Avg Loss: 4.4656 | LR: 8.15e-05
2025-11-18 18:20:09 | INFO | Epoch 1 | Batch 1890/6394 | Loss: 3.4115 | Avg Loss: 4.4599 | LR: 8.13e-05
2025-11-18 18:20:11 | INFO | Epoch 1 | Batch 1900/6394 | Loss: 3.3697 | Avg Loss: 4.4543 | LR: 8.11e-05
2025-11-18 18:20:13 | INFO | Epoch 1 | Batch 1910/6394 | Loss: 3.4517 | Avg Loss: 4.4487 | LR: 8.09e-05
2025-11-18 18:20:14 | INFO | Epoch 1 | Batch 1920/6394 | Loss: 3.3053 | Avg Loss: 4.4432 | LR: 8.07e-05
2025-11-18 18:20:16 | INFO | Epoch 1 | Batch 1930/6394 | Loss: 3.4148 | Avg Loss: 4.4378 | LR: 8.05e-05
2025-11-18 18:20:17 | INFO | Epoch 1 | Batch 1940/6394 | Loss: 3.4359 | Avg Loss: 4.4325 | LR: 8.03e-05
2025-11-18 18:20:19 | INFO | Epoch 1 | Batch 1950/6394 | Loss: 3.4344 | Avg Loss: 4.4270 | LR: 8.01e-05
2025-11-18 18:20:20 | INFO | Epoch 1 | Batch 1960/6394 | Loss: 3.3774 | Avg Loss: 4.4218 | LR: 7.99e-05
2025-11-18 18:20:22 | INFO | Epoch 1 | Batch 1970/6394 | Loss: 3.3229 | Avg Loss: 4.4164 | LR: 7.97e-05
2025-11-18 18:20:23 | INFO | Epoch 1 | Batch 1980/6394 | Loss: 3.3348 | Avg Loss: 4.4113 | LR: 7.95e-05
2025-11-18 18:20:25 | INFO | Epoch 1 | Batch 1990/6394 | Loss: 3.4660 | Avg Loss: 4.4062 | LR: 7.93e-05
2025-11-18 18:20:26 | INFO | 
🎯 Testing generation at step 2000...
2025-11-18 18:20:27 | INFO | Prompt: Once upon a time
Generated text:
Once upon a time, there was a little girl named Lily. She loved to play outside in the park with her friends. One day, Lily and her friends were playing with her friends, Max, and Lily. She loved playing with her favorite toy was a blue dress. One day, Lily's family, and the cat, was a little girl who bought her a big yellow toy and. One day, they. She found the red cat, and then was to play.


B. She was playing with the girl. to the cat. She was 1., and green coat.. She was.

B-s.
2025-11-18 18:20:27 | INFO | ✓ Generation test complete

2025-11-18 18:20:27 | INFO | Epoch 1 | Batch 2000/6394 | Loss: 3.3895 | Avg Loss: 4.4011 | LR: 7.91e-05
2025-11-18 18:20:28 | INFO | Epoch 1 | Batch 2010/6394 | Loss: 3.3348 | Avg Loss: 4.3959 | LR: 7.89e-05
2025-11-18 18:20:30 | INFO | Epoch 1 | Batch 2020/6394 | Loss: 3.4022 | Avg Loss: 4.3909 | LR: 7.87e-05
2025-11-18 18:20:32 | INFO | Epoch 1 | Batch 2030/6394 | Loss: 3.3606 | Avg Loss: 4.3859 | LR: 7.85e-05
2025-11-18 18:20:33 | INFO | Epoch 1 | Batch 2040/6394 | Loss: 3.4827 | Avg Loss: 4.3809 | LR: 7.83e-05
2025-11-18 18:20:35 | INFO | Epoch 1 | Batch 2050/6394 | Loss: 3.3357 | Avg Loss: 4.3759 | LR: 7.81e-05
2025-11-18 18:20:36 | INFO | Epoch 1 | Batch 2060/6394 | Loss: 3.3894 | Avg Loss: 4.3710 | LR: 7.79e-05
2025-11-18 18:20:38 | INFO | Epoch 1 | Batch 2070/6394 | Loss: 3.3247 | Avg Loss: 4.3662 | LR: 7.77e-05
2025-11-18 18:20:39 | INFO | Epoch 1 | Batch 2080/6394 | Loss: 3.4006 | Avg Loss: 4.3614 | LR: 7.75e-05
2025-11-18 18:20:41 | INFO | Epoch 1 | Batch 2090/6394 | Loss: 3.2633 | Avg Loss: 4.3566 | LR: 7.73e-05
2025-11-18 18:20:42 | INFO | Epoch 1 | Batch 2100/6394 | Loss: 3.3776 | Avg Loss: 4.3519 | LR: 7.71e-05
2025-11-18 18:20:44 | INFO | Epoch 1 | Batch 2110/6394 | Loss: 3.3213 | Avg Loss: 4.3470 | LR: 7.69e-05
2025-11-18 18:20:46 | INFO | Epoch 1 | Batch 2120/6394 | Loss: 3.1514 | Avg Loss: 4.3422 | LR: 7.66e-05
2025-11-18 18:20:47 | INFO | Epoch 1 | Batch 2130/6394 | Loss: 3.3927 | Avg Loss: 4.3376 | LR: 7.64e-05
2025-11-18 18:20:49 | INFO | Epoch 1 | Batch 2140/6394 | Loss: 3.2671 | Avg Loss: 4.3328 | LR: 7.62e-05
2025-11-18 18:20:50 | INFO | Epoch 1 | Batch 2150/6394 | Loss: 3.3029 | Avg Loss: 4.3281 | LR: 7.60e-05
2025-11-18 18:20:52 | INFO | Epoch 1 | Batch 2160/6394 | Loss: 3.3812 | Avg Loss: 4.3235 | LR: 7.58e-05
2025-11-18 18:20:54 | INFO | Epoch 1 | Batch 2170/6394 | Loss: 3.3325 | Avg Loss: 4.3189 | LR: 7.56e-05
2025-11-18 18:20:55 | INFO | Epoch 1 | Batch 2180/6394 | Loss: 3.3480 | Avg Loss: 4.3143 | LR: 7.54e-05
2025-11-18 18:20:57 | INFO | Epoch 1 | Batch 2190/6394 | Loss: 3.2758 | Avg Loss: 4.3097 | LR: 7.52e-05
2025-11-18 18:20:58 | INFO | Epoch 1 | Batch 2200/6394 | Loss: 3.3673 | Avg Loss: 4.3053 | LR: 7.49e-05
2025-11-18 18:21:00 | INFO | Epoch 1 | Batch 2210/6394 | Loss: 3.3080 | Avg Loss: 4.3009 | LR: 7.47e-05
2025-11-18 18:21:01 | INFO | Epoch 1 | Batch 2220/6394 | Loss: 3.3382 | Avg Loss: 4.2964 | LR: 7.45e-05
2025-11-18 18:21:03 | INFO | Epoch 1 | Batch 2230/6394 | Loss: 3.2815 | Avg Loss: 4.2919 | LR: 7.43e-05
2025-11-18 18:21:05 | INFO | Epoch 1 | Batch 2240/6394 | Loss: 3.3368 | Avg Loss: 4.2875 | LR: 7.41e-05
2025-11-18 18:21:06 | INFO | Epoch 1 | Batch 2250/6394 | Loss: 3.2833 | Avg Loss: 4.2832 | LR: 7.38e-05
2025-11-18 18:21:08 | INFO | Epoch 1 | Batch 2260/6394 | Loss: 3.2771 | Avg Loss: 4.2788 | LR: 7.36e-05
2025-11-18 18:21:09 | INFO | Epoch 1 | Batch 2270/6394 | Loss: 3.3153 | Avg Loss: 4.2744 | LR: 7.34e-05
2025-11-18 18:21:11 | INFO | Epoch 1 | Batch 2280/6394 | Loss: 3.2473 | Avg Loss: 4.2703 | LR: 7.32e-05
2025-11-18 18:21:12 | INFO | Epoch 1 | Batch 2290/6394 | Loss: 3.2755 | Avg Loss: 4.2660 | LR: 7.30e-05
2025-11-18 18:21:14 | INFO | Epoch 1 | Batch 2300/6394 | Loss: 3.1368 | Avg Loss: 4.2616 | LR: 7.27e-05
2025-11-18 18:21:15 | INFO | Epoch 1 | Batch 2310/6394 | Loss: 3.2977 | Avg Loss: 4.2575 | LR: 7.25e-05
2025-11-18 18:21:17 | INFO | Epoch 1 | Batch 2320/6394 | Loss: 3.3508 | Avg Loss: 4.2533 | LR: 7.23e-05
2025-11-18 18:21:19 | INFO | Epoch 1 | Batch 2330/6394 | Loss: 3.2836 | Avg Loss: 4.2490 | LR: 7.21e-05
2025-11-18 18:21:20 | INFO | Epoch 1 | Batch 2340/6394 | Loss: 3.3426 | Avg Loss: 4.2450 | LR: 7.18e-05
2025-11-18 18:21:22 | INFO | Epoch 1 | Batch 2350/6394 | Loss: 3.2667 | Avg Loss: 4.2411 | LR: 7.16e-05
2025-11-18 18:21:23 | INFO | Epoch 1 | Batch 2360/6394 | Loss: 3.3477 | Avg Loss: 4.2370 | LR: 7.14e-05
2025-11-18 18:21:25 | INFO | Epoch 1 | Batch 2370/6394 | Loss: 3.1666 | Avg Loss: 4.2326 | LR: 7.12e-05
2025-11-18 18:21:26 | INFO | Epoch 1 | Batch 2380/6394 | Loss: 3.3547 | Avg Loss: 4.2285 | LR: 7.09e-05
2025-11-18 18:21:28 | INFO | Epoch 1 | Batch 2390/6394 | Loss: 3.3668 | Avg Loss: 4.2246 | LR: 7.07e-05
2025-11-18 18:21:30 | INFO | Epoch 1 | Batch 2400/6394 | Loss: 3.3195 | Avg Loss: 4.2206 | LR: 7.05e-05
2025-11-18 18:21:31 | INFO | Epoch 1 | Batch 2410/6394 | Loss: 3.2885 | Avg Loss: 4.2168 | LR: 7.03e-05
2025-11-18 18:21:33 | INFO | Epoch 1 | Batch 2420/6394 | Loss: 3.1885 | Avg Loss: 4.2127 | LR: 7.00e-05
2025-11-18 18:21:34 | INFO | Epoch 1 | Batch 2430/6394 | Loss: 3.2667 | Avg Loss: 4.2088 | LR: 6.98e-05
2025-11-18 18:21:36 | INFO | Epoch 1 | Batch 2440/6394 | Loss: 3.1776 | Avg Loss: 4.2050 | LR: 6.96e-05
2025-11-18 18:21:37 | INFO | Epoch 1 | Batch 2450/6394 | Loss: 3.2070 | Avg Loss: 4.2012 | LR: 6.93e-05
2025-11-18 18:21:39 | INFO | Epoch 1 | Batch 2460/6394 | Loss: 3.2492 | Avg Loss: 4.1974 | LR: 6.91e-05
2025-11-18 18:21:41 | INFO | Epoch 1 | Batch 2470/6394 | Loss: 3.2059 | Avg Loss: 4.1935 | LR: 6.89e-05
2025-11-18 18:21:42 | INFO | Epoch 1 | Batch 2480/6394 | Loss: 3.1755 | Avg Loss: 4.1896 | LR: 6.87e-05
2025-11-18 18:21:44 | INFO | Epoch 1 | Batch 2490/6394 | Loss: 3.2390 | Avg Loss: 4.1858 | LR: 6.84e-05
2025-11-18 18:21:45 | INFO | Epoch 1 | Batch 2500/6394 | Loss: 3.2169 | Avg Loss: 4.1820 | LR: 6.82e-05
2025-11-18 18:21:47 | INFO | Epoch 1 | Batch 2510/6394 | Loss: 3.2610 | Avg Loss: 4.1784 | LR: 6.80e-05
2025-11-18 18:21:48 | INFO | Epoch 1 | Batch 2520/6394 | Loss: 3.1824 | Avg Loss: 4.1749 | LR: 6.77e-05
2025-11-18 18:21:50 | INFO | Epoch 1 | Batch 2530/6394 | Loss: 3.1983 | Avg Loss: 4.1711 | LR: 6.75e-05
2025-11-18 18:21:51 | INFO | Epoch 1 | Batch 2540/6394 | Loss: 3.1954 | Avg Loss: 4.1674 | LR: 6.73e-05
2025-11-18 18:21:53 | INFO | Epoch 1 | Batch 2550/6394 | Loss: 3.3072 | Avg Loss: 4.1638 | LR: 6.70e-05
2025-11-18 18:21:55 | INFO | Epoch 1 | Batch 2560/6394 | Loss: 3.1350 | Avg Loss: 4.1601 | LR: 6.68e-05
2025-11-18 18:21:56 | INFO | Epoch 1 | Batch 2570/6394 | Loss: 3.2537 | Avg Loss: 4.1565 | LR: 6.66e-05
2025-11-18 18:21:58 | INFO | Epoch 1 | Batch 2580/6394 | Loss: 3.2433 | Avg Loss: 4.1530 | LR: 6.63e-05
2025-11-18 18:21:59 | INFO | Epoch 1 | Batch 2590/6394 | Loss: 3.1959 | Avg Loss: 4.1494 | LR: 6.61e-05
2025-11-18 18:22:01 | INFO | Epoch 1 | Batch 2600/6394 | Loss: 3.2406 | Avg Loss: 4.1460 | LR: 6.58e-05
2025-11-18 18:22:03 | INFO | Epoch 1 | Batch 2610/6394 | Loss: 3.2313 | Avg Loss: 4.1424 | LR: 6.56e-05
2025-11-18 18:22:04 | INFO | Epoch 1 | Batch 2620/6394 | Loss: 3.2480 | Avg Loss: 4.1388 | LR: 6.54e-05
2025-11-18 18:22:06 | INFO | Epoch 1 | Batch 2630/6394 | Loss: 3.1869 | Avg Loss: 4.1354 | LR: 6.51e-05
2025-11-18 18:22:07 | INFO | Epoch 1 | Batch 2640/6394 | Loss: 3.2390 | Avg Loss: 4.1320 | LR: 6.49e-05
2025-11-18 18:22:09 | INFO | Epoch 1 | Batch 2650/6394 | Loss: 3.1453 | Avg Loss: 4.1286 | LR: 6.47e-05
2025-11-18 18:22:10 | INFO | Epoch 1 | Batch 2660/6394 | Loss: 3.1958 | Avg Loss: 4.1251 | LR: 6.44e-05
2025-11-18 18:22:12 | INFO | Epoch 1 | Batch 2670/6394 | Loss: 3.1685 | Avg Loss: 4.1216 | LR: 6.42e-05
2025-11-18 18:22:14 | INFO | Epoch 1 | Batch 2680/6394 | Loss: 3.2049 | Avg Loss: 4.1181 | LR: 6.39e-05
2025-11-18 18:22:15 | INFO | Epoch 1 | Batch 2690/6394 | Loss: 3.2377 | Avg Loss: 4.1147 | LR: 6.37e-05
2025-11-18 18:22:17 | INFO | Epoch 1 | Batch 2700/6394 | Loss: 3.2215 | Avg Loss: 4.1114 | LR: 6.35e-05
2025-11-18 18:22:18 | INFO | Epoch 1 | Batch 2710/6394 | Loss: 3.2632 | Avg Loss: 4.1082 | LR: 6.32e-05
2025-11-18 18:22:20 | INFO | Epoch 1 | Batch 2720/6394 | Loss: 3.1486 | Avg Loss: 4.1047 | LR: 6.30e-05
2025-11-18 18:22:21 | INFO | Epoch 1 | Batch 2730/6394 | Loss: 3.1830 | Avg Loss: 4.1014 | LR: 6.27e-05
2025-11-18 18:22:23 | INFO | Epoch 1 | Batch 2740/6394 | Loss: 3.2870 | Avg Loss: 4.0981 | LR: 6.25e-05
2025-11-18 18:22:25 | INFO | Epoch 1 | Batch 2750/6394 | Loss: 3.1572 | Avg Loss: 4.0948 | LR: 6.23e-05
2025-11-18 18:22:26 | INFO | Epoch 1 | Batch 2760/6394 | Loss: 3.3049 | Avg Loss: 4.0916 | LR: 6.20e-05
2025-11-18 18:22:28 | INFO | Epoch 1 | Batch 2770/6394 | Loss: 3.2674 | Avg Loss: 4.0884 | LR: 6.18e-05
2025-11-18 18:22:29 | INFO | Epoch 1 | Batch 2780/6394 | Loss: 3.2863 | Avg Loss: 4.0853 | LR: 6.15e-05
2025-11-18 18:22:31 | INFO | Epoch 1 | Batch 2790/6394 | Loss: 3.2880 | Avg Loss: 4.0821 | LR: 6.13e-05
2025-11-18 18:22:32 | INFO | Epoch 1 | Batch 2800/6394 | Loss: 3.1046 | Avg Loss: 4.0789 | LR: 6.10e-05
2025-11-18 18:22:34 | INFO | Epoch 1 | Batch 2810/6394 | Loss: 3.2138 | Avg Loss: 4.0758 | LR: 6.08e-05
2025-11-18 18:22:36 | INFO | Epoch 1 | Batch 2820/6394 | Loss: 3.2934 | Avg Loss: 4.0726 | LR: 6.06e-05
2025-11-18 18:22:37 | INFO | Epoch 1 | Batch 2830/6394 | Loss: 3.1227 | Avg Loss: 4.0695 | LR: 6.03e-05
2025-11-18 18:22:39 | INFO | Epoch 1 | Batch 2840/6394 | Loss: 3.1542 | Avg Loss: 4.0663 | LR: 6.01e-05
2025-11-18 18:22:40 | INFO | Epoch 1 | Batch 2850/6394 | Loss: 3.1885 | Avg Loss: 4.0632 | LR: 5.98e-05
2025-11-18 18:22:42 | INFO | Epoch 1 | Batch 2860/6394 | Loss: 3.0688 | Avg Loss: 4.0602 | LR: 5.96e-05
2025-11-18 18:22:43 | INFO | Epoch 1 | Batch 2870/6394 | Loss: 3.1920 | Avg Loss: 4.0571 | LR: 5.93e-05
2025-11-18 18:22:45 | INFO | Epoch 1 | Batch 2880/6394 | Loss: 3.1444 | Avg Loss: 4.0540 | LR: 5.91e-05
2025-11-18 18:22:47 | INFO | Epoch 1 | Batch 2890/6394 | Loss: 3.2485 | Avg Loss: 4.0510 | LR: 5.88e-05
2025-11-18 18:22:48 | INFO | Epoch 1 | Batch 2900/6394 | Loss: 3.1889 | Avg Loss: 4.0479 | LR: 5.86e-05
2025-11-18 18:22:50 | INFO | Epoch 1 | Batch 2910/6394 | Loss: 3.0717 | Avg Loss: 4.0448 | LR: 5.83e-05
2025-11-18 18:22:51 | INFO | Epoch 1 | Batch 2920/6394 | Loss: 3.0978 | Avg Loss: 4.0418 | LR: 5.81e-05
2025-11-18 18:22:53 | INFO | Epoch 1 | Batch 2930/6394 | Loss: 3.1543 | Avg Loss: 4.0388 | LR: 5.79e-05
2025-11-18 18:22:54 | INFO | Epoch 1 | Batch 2940/6394 | Loss: 3.0981 | Avg Loss: 4.0357 | LR: 5.76e-05
2025-11-18 18:22:56 | INFO | Epoch 1 | Batch 2950/6394 | Loss: 3.1189 | Avg Loss: 4.0327 | LR: 5.74e-05
2025-11-18 18:22:58 | INFO | Epoch 1 | Batch 2960/6394 | Loss: 3.1180 | Avg Loss: 4.0297 | LR: 5.71e-05
2025-11-18 18:22:59 | INFO | Epoch 1 | Batch 2970/6394 | Loss: 3.1836 | Avg Loss: 4.0268 | LR: 5.69e-05
2025-11-18 18:23:01 | INFO | Epoch 1 | Batch 2980/6394 | Loss: 3.1951 | Avg Loss: 4.0239 | LR: 5.66e-05
2025-11-18 18:23:02 | INFO | Epoch 1 | Batch 2990/6394 | Loss: 3.0494 | Avg Loss: 4.0210 | LR: 5.64e-05
2025-11-18 18:23:04 | INFO | 
🎯 Testing generation at step 3000...
2025-11-18 18:23:04 | INFO | Prompt: Once upon a time
Generated text:
Once upon a time, there was a little girl named Lily. She loved to play with her toys and her favorite toy was a red box. One day, she went to the store with her mommy. She saw a red crayon. She looked up to a little girl. She loved very much. She went to the store with a special day. The nice day. Lily was on the watch was a special toy car. The teddy bear was that when the store in the dress. She said to the tree. She was a hat. She went and that was left. Sheie, a and to a boy. on it. The smile on
2025-11-18 18:23:04 | INFO | ✓ Generation test complete

2025-11-18 18:23:04 | INFO | Epoch 1 | Batch 3000/6394 | Loss: 3.1990 | Avg Loss: 4.0180 | LR: 5.61e-05
2025-11-18 18:23:06 | INFO | Epoch 1 | Batch 3010/6394 | Loss: 3.1545 | Avg Loss: 4.0150 | LR: 5.59e-05
2025-11-18 18:23:07 | INFO | Epoch 1 | Batch 3020/6394 | Loss: 3.1490 | Avg Loss: 4.0121 | LR: 5.56e-05
2025-11-18 18:23:09 | INFO | Epoch 1 | Batch 3030/6394 | Loss: 3.0947 | Avg Loss: 4.0092 | LR: 5.54e-05
2025-11-18 18:23:10 | INFO | Epoch 1 | Batch 3040/6394 | Loss: 3.0766 | Avg Loss: 4.0064 | LR: 5.51e-05
2025-11-18 18:23:12 | INFO | Epoch 1 | Batch 3050/6394 | Loss: 3.0920 | Avg Loss: 4.0035 | LR: 5.49e-05
2025-11-18 18:23:14 | INFO | Epoch 1 | Batch 3060/6394 | Loss: 3.1952 | Avg Loss: 4.0007 | LR: 5.46e-05
2025-11-18 18:23:15 | INFO | Epoch 1 | Batch 3070/6394 | Loss: 3.1769 | Avg Loss: 3.9980 | LR: 5.44e-05
2025-11-18 18:23:17 | INFO | Epoch 1 | Batch 3080/6394 | Loss: 3.1178 | Avg Loss: 3.9952 | LR: 5.41e-05
2025-11-18 18:23:18 | INFO | Epoch 1 | Batch 3090/6394 | Loss: 3.1547 | Avg Loss: 3.9924 | LR: 5.39e-05
2025-11-18 18:23:20 | INFO | Epoch 1 | Batch 3100/6394 | Loss: 3.0739 | Avg Loss: 3.9896 | LR: 5.36e-05
2025-11-18 18:23:21 | INFO | Epoch 1 | Batch 3110/6394 | Loss: 3.1110 | Avg Loss: 3.9868 | LR: 5.34e-05
2025-11-18 18:23:23 | INFO | Epoch 1 | Batch 3120/6394 | Loss: 3.1537 | Avg Loss: 3.9840 | LR: 5.31e-05
2025-11-18 18:23:25 | INFO | Epoch 1 | Batch 3130/6394 | Loss: 3.2314 | Avg Loss: 3.9812 | LR: 5.29e-05
2025-11-18 18:23:26 | INFO | Epoch 1 | Batch 3140/6394 | Loss: 3.1396 | Avg Loss: 3.9785 | LR: 5.26e-05
2025-11-18 18:23:28 | INFO | Epoch 1 | Batch 3150/6394 | Loss: 3.0283 | Avg Loss: 3.9757 | LR: 5.24e-05
2025-11-18 18:23:29 | INFO | Epoch 1 | Batch 3160/6394 | Loss: 3.0423 | Avg Loss: 3.9730 | LR: 5.21e-05
2025-11-18 18:23:31 | INFO | Epoch 1 | Batch 3170/6394 | Loss: 3.1436 | Avg Loss: 3.9703 | LR: 5.19e-05
2025-11-18 18:23:32 | INFO | Epoch 1 | Batch 3180/6394 | Loss: 3.1492 | Avg Loss: 3.9676 | LR: 5.16e-05
2025-11-18 18:23:34 | INFO | Epoch 1 | Batch 3190/6394 | Loss: 3.2032 | Avg Loss: 3.9650 | LR: 5.14e-05
2025-11-18 18:23:36 | INFO | Epoch 1 | Batch 3200/6394 | Loss: 3.1447 | Avg Loss: 3.9624 | LR: 5.11e-05
2025-11-18 18:23:37 | INFO | Epoch 1 | Batch 3210/6394 | Loss: 3.0438 | Avg Loss: 3.9597 | LR: 5.09e-05
2025-11-18 18:23:39 | INFO | Epoch 1 | Batch 3220/6394 | Loss: 3.0832 | Avg Loss: 3.9571 | LR: 5.06e-05
2025-11-18 18:23:40 | INFO | Epoch 1 | Batch 3230/6394 | Loss: 3.0650 | Avg Loss: 3.9545 | LR: 5.04e-05
2025-11-18 18:23:42 | INFO | Epoch 1 | Batch 3240/6394 | Loss: 3.1977 | Avg Loss: 3.9520 | LR: 5.01e-05
2025-11-18 18:23:43 | INFO | Epoch 1 | Batch 3250/6394 | Loss: 3.1159 | Avg Loss: 3.9493 | LR: 4.99e-05
2025-11-18 18:23:45 | INFO | Epoch 1 | Batch 3260/6394 | Loss: 3.2247 | Avg Loss: 3.9468 | LR: 4.97e-05
2025-11-18 18:23:47 | INFO | Epoch 1 | Batch 3270/6394 | Loss: 3.0153 | Avg Loss: 3.9442 | LR: 4.94e-05
2025-11-18 18:23:48 | INFO | Epoch 1 | Batch 3280/6394 | Loss: 3.0207 | Avg Loss: 3.9416 | LR: 4.92e-05
2025-11-18 18:23:50 | INFO | Epoch 1 | Batch 3290/6394 | Loss: 3.0054 | Avg Loss: 3.9391 | LR: 4.89e-05
2025-11-18 18:23:51 | INFO | Epoch 1 | Batch 3300/6394 | Loss: 3.1836 | Avg Loss: 3.9365 | LR: 4.87e-05
2025-11-18 18:23:53 | INFO | Epoch 1 | Batch 3310/6394 | Loss: 3.1413 | Avg Loss: 3.9341 | LR: 4.84e-05
2025-11-18 18:23:54 | INFO | Epoch 1 | Batch 3320/6394 | Loss: 3.0806 | Avg Loss: 3.9315 | LR: 4.82e-05
2025-11-18 18:23:56 | INFO | Epoch 1 | Batch 3330/6394 | Loss: 3.1755 | Avg Loss: 3.9290 | LR: 4.79e-05
2025-11-18 18:23:58 | INFO | Epoch 1 | Batch 3340/6394 | Loss: 3.0492 | Avg Loss: 3.9265 | LR: 4.77e-05
2025-11-18 18:23:59 | INFO | Epoch 1 | Batch 3350/6394 | Loss: 3.0423 | Avg Loss: 3.9239 | LR: 4.74e-05
2025-11-18 18:24:01 | INFO | Epoch 1 | Batch 3360/6394 | Loss: 3.0620 | Avg Loss: 3.9214 | LR: 4.72e-05
2025-11-18 18:24:02 | INFO | Epoch 1 | Batch 3370/6394 | Loss: 3.0012 | Avg Loss: 3.9190 | LR: 4.69e-05
2025-11-18 18:24:04 | INFO | Epoch 1 | Batch 3380/6394 | Loss: 3.0868 | Avg Loss: 3.9165 | LR: 4.67e-05
2025-11-18 18:24:05 | INFO | Epoch 1 | Batch 3390/6394 | Loss: 3.0810 | Avg Loss: 3.9141 | LR: 4.64e-05
2025-11-18 18:24:07 | INFO | Epoch 1 | Batch 3400/6394 | Loss: 3.0739 | Avg Loss: 3.9117 | LR: 4.62e-05
2025-11-18 18:24:08 | INFO | Epoch 1 | Batch 3410/6394 | Loss: 3.0385 | Avg Loss: 3.9093 | LR: 4.59e-05
2025-11-18 18:24:10 | INFO | Epoch 1 | Batch 3420/6394 | Loss: 3.1202 | Avg Loss: 3.9068 | LR: 4.57e-05
2025-11-18 18:24:12 | INFO | Epoch 1 | Batch 3430/6394 | Loss: 3.0359 | Avg Loss: 3.9044 | LR: 4.54e-05
2025-11-18 18:24:13 | INFO | Epoch 1 | Batch 3440/6394 | Loss: 3.1261 | Avg Loss: 3.9020 | LR: 4.52e-05
2025-11-18 18:24:15 | INFO | Epoch 1 | Batch 3450/6394 | Loss: 3.1289 | Avg Loss: 3.8996 | LR: 4.49e-05
2025-11-18 18:24:16 | INFO | Epoch 1 | Batch 3460/6394 | Loss: 3.0650 | Avg Loss: 3.8973 | LR: 4.47e-05
2025-11-18 18:24:18 | INFO | Epoch 1 | Batch 3470/6394 | Loss: 3.1576 | Avg Loss: 3.8949 | LR: 4.44e-05
2025-11-18 18:24:19 | INFO | Epoch 1 | Batch 3480/6394 | Loss: 2.9868 | Avg Loss: 3.8925 | LR: 4.42e-05
2025-11-18 18:24:21 | INFO | Epoch 1 | Batch 3490/6394 | Loss: 3.0865 | Avg Loss: 3.8901 | LR: 4.39e-05
2025-11-18 18:24:23 | INFO | Epoch 1 | Batch 3500/6394 | Loss: 3.1092 | Avg Loss: 3.8878 | LR: 4.37e-05
2025-11-18 18:24:24 | INFO | Epoch 1 | Batch 3510/6394 | Loss: 3.0355 | Avg Loss: 3.8856 | LR: 4.34e-05
2025-11-18 18:24:26 | INFO | Epoch 1 | Batch 3520/6394 | Loss: 3.0782 | Avg Loss: 3.8832 | LR: 4.32e-05
2025-11-18 18:24:27 | INFO | Epoch 1 | Batch 3530/6394 | Loss: 3.0890 | Avg Loss: 3.8809 | LR: 4.29e-05
2025-11-18 18:24:29 | INFO | Epoch 1 | Batch 3540/6394 | Loss: 3.0724 | Avg Loss: 3.8788 | LR: 4.27e-05
2025-11-18 18:24:30 | INFO | Epoch 1 | Batch 3550/6394 | Loss: 3.0171 | Avg Loss: 3.8766 | LR: 4.24e-05
2025-11-18 18:24:32 | INFO | Epoch 1 | Batch 3560/6394 | Loss: 3.1574 | Avg Loss: 3.8743 | LR: 4.22e-05
2025-11-18 18:24:34 | INFO | Epoch 1 | Batch 3570/6394 | Loss: 3.1432 | Avg Loss: 3.8720 | LR: 4.19e-05
2025-11-18 18:24:35 | INFO | Epoch 1 | Batch 3580/6394 | Loss: 3.1370 | Avg Loss: 3.8698 | LR: 4.17e-05
2025-11-18 18:24:37 | INFO | Epoch 1 | Batch 3590/6394 | Loss: 3.1022 | Avg Loss: 3.8675 | LR: 4.15e-05
2025-11-18 18:24:38 | INFO | Epoch 1 | Batch 3600/6394 | Loss: 3.0629 | Avg Loss: 3.8654 | LR: 4.12e-05
2025-11-18 18:24:40 | INFO | Epoch 1 | Batch 3610/6394 | Loss: 3.0018 | Avg Loss: 3.8631 | LR: 4.10e-05
2025-11-18 18:24:41 | INFO | Epoch 1 | Batch 3620/6394 | Loss: 3.0607 | Avg Loss: 3.8609 | LR: 4.07e-05
2025-11-18 18:24:43 | INFO | Epoch 1 | Batch 3630/6394 | Loss: 3.1519 | Avg Loss: 3.8587 | LR: 4.05e-05
2025-11-18 18:24:45 | INFO | Epoch 1 | Batch 3640/6394 | Loss: 3.0256 | Avg Loss: 3.8565 | LR: 4.02e-05
2025-11-18 18:24:46 | INFO | Epoch 1 | Batch 3650/6394 | Loss: 3.0852 | Avg Loss: 3.8543 | LR: 4.00e-05
2025-11-18 18:24:48 | INFO | Epoch 1 | Batch 3660/6394 | Loss: 3.0131 | Avg Loss: 3.8520 | LR: 3.97e-05
2025-11-18 18:24:49 | INFO | Epoch 1 | Batch 3670/6394 | Loss: 3.0784 | Avg Loss: 3.8499 | LR: 3.95e-05
2025-11-18 18:24:51 | INFO | Epoch 1 | Batch 3680/6394 | Loss: 2.9909 | Avg Loss: 3.8478 | LR: 3.93e-05
2025-11-18 18:24:52 | INFO | Epoch 1 | Batch 3690/6394 | Loss: 3.1531 | Avg Loss: 3.8457 | LR: 3.90e-05
2025-11-18 18:24:54 | INFO | Epoch 1 | Batch 3700/6394 | Loss: 2.9585 | Avg Loss: 3.8435 | LR: 3.88e-05
2025-11-18 18:24:56 | INFO | Epoch 1 | Batch 3710/6394 | Loss: 2.9476 | Avg Loss: 3.8413 | LR: 3.85e-05
2025-11-18 18:24:57 | INFO | Epoch 1 | Batch 3720/6394 | Loss: 2.9606 | Avg Loss: 3.8392 | LR: 3.83e-05
2025-11-18 18:24:59 | INFO | Epoch 1 | Batch 3730/6394 | Loss: 3.0501 | Avg Loss: 3.8371 | LR: 3.80e-05
2025-11-18 18:25:00 | INFO | Epoch 1 | Batch 3740/6394 | Loss: 3.0726 | Avg Loss: 3.8349 | LR: 3.78e-05
2025-11-18 18:25:02 | INFO | Epoch 1 | Batch 3750/6394 | Loss: 3.0167 | Avg Loss: 3.8329 | LR: 3.76e-05
2025-11-18 18:25:03 | INFO | Epoch 1 | Batch 3760/6394 | Loss: 3.1252 | Avg Loss: 3.8308 | LR: 3.73e-05
2025-11-18 18:25:05 | INFO | Epoch 1 | Batch 3770/6394 | Loss: 3.0757 | Avg Loss: 3.8287 | LR: 3.71e-05
2025-11-18 18:25:06 | INFO | Epoch 1 | Batch 3780/6394 | Loss: 2.9927 | Avg Loss: 3.8266 | LR: 3.68e-05
2025-11-18 18:25:08 | INFO | Epoch 1 | Batch 3790/6394 | Loss: 2.9950 | Avg Loss: 3.8245 | LR: 3.66e-05
2025-11-18 18:25:10 | INFO | Epoch 1 | Batch 3800/6394 | Loss: 3.1143 | Avg Loss: 3.8225 | LR: 3.63e-05
2025-11-18 18:25:11 | INFO | Epoch 1 | Batch 3810/6394 | Loss: 3.0841 | Avg Loss: 3.8205 | LR: 3.61e-05
2025-11-18 18:25:13 | INFO | Epoch 1 | Batch 3820/6394 | Loss: 2.9977 | Avg Loss: 3.8184 | LR: 3.59e-05
2025-11-18 18:25:14 | INFO | Epoch 1 | Batch 3830/6394 | Loss: 3.0453 | Avg Loss: 3.8164 | LR: 3.56e-05
2025-11-18 18:25:16 | INFO | Epoch 1 | Batch 3840/6394 | Loss: 3.1697 | Avg Loss: 3.8145 | LR: 3.54e-05
2025-11-18 18:25:17 | INFO | Epoch 1 | Batch 3850/6394 | Loss: 3.0488 | Avg Loss: 3.8125 | LR: 3.52e-05
2025-11-18 18:25:19 | INFO | Epoch 1 | Batch 3860/6394 | Loss: 3.0492 | Avg Loss: 3.8105 | LR: 3.49e-05
2025-11-18 18:25:21 | INFO | Epoch 1 | Batch 3870/6394 | Loss: 3.0674 | Avg Loss: 3.8084 | LR: 3.47e-05
2025-11-18 18:25:22 | INFO | Epoch 1 | Batch 3880/6394 | Loss: 2.8814 | Avg Loss: 3.8063 | LR: 3.44e-05
2025-11-18 18:25:24 | INFO | Epoch 1 | Batch 3890/6394 | Loss: 3.0112 | Avg Loss: 3.8042 | LR: 3.42e-05
2025-11-18 18:25:25 | INFO | Epoch 1 | Batch 3900/6394 | Loss: 3.0677 | Avg Loss: 3.8022 | LR: 3.40e-05
2025-11-18 18:25:27 | INFO | Epoch 1 | Batch 3910/6394 | Loss: 2.9850 | Avg Loss: 3.8002 | LR: 3.37e-05
2025-11-18 18:25:28 | INFO | Epoch 1 | Batch 3920/6394 | Loss: 2.9594 | Avg Loss: 3.7983 | LR: 3.35e-05
2025-11-18 18:25:30 | INFO | Epoch 1 | Batch 3930/6394 | Loss: 2.9748 | Avg Loss: 3.7963 | LR: 3.33e-05
2025-11-18 18:25:32 | INFO | Epoch 1 | Batch 3940/6394 | Loss: 3.0462 | Avg Loss: 3.7944 | LR: 3.30e-05
2025-11-18 18:25:33 | INFO | Epoch 1 | Batch 3950/6394 | Loss: 2.9156 | Avg Loss: 3.7923 | LR: 3.28e-05
2025-11-18 18:25:35 | INFO | Epoch 1 | Batch 3960/6394 | Loss: 3.0357 | Avg Loss: 3.7903 | LR: 3.26e-05
2025-11-18 18:25:36 | INFO | Epoch 1 | Batch 3970/6394 | Loss: 3.0570 | Avg Loss: 3.7884 | LR: 3.23e-05
2025-11-18 18:25:38 | INFO | Epoch 1 | Batch 3980/6394 | Loss: 2.9690 | Avg Loss: 3.7865 | LR: 3.21e-05
2025-11-18 18:25:39 | INFO | Epoch 1 | Batch 3990/6394 | Loss: 2.9799 | Avg Loss: 3.7845 | LR: 3.19e-05
2025-11-18 18:25:41 | INFO | 
🎯 Testing generation at step 4000...
2025-11-18 18:25:41 | INFO | Prompt: Once upon a time
Generated text:
Once upon a time, there was a little girl named Lily. She loved to play outside in the park with her friends. One day, Lily's mom asked her to play with her friends. They were They were playing together when they were playing a ball. The slide was playing with a ball. with a big slide and a ball. The ball was a ball.

B: with her friend, and a big ball with a play with the ball. with a ball. with a ball. with the and the and a boy. and the ball. Suddenly. a ball. on the ball. and the on by the ball.
B
2025-11-18 18:25:41 | INFO | ✓ Generation test complete

2025-11-18 18:25:41 | INFO | Epoch 1 | Batch 4000/6394 | Loss: 3.0562 | Avg Loss: 3.7826 | LR: 3.16e-05
2025-11-18 18:25:43 | INFO | Epoch 1 | Batch 4010/6394 | Loss: 2.9445 | Avg Loss: 3.7807 | LR: 3.14e-05
2025-11-18 18:25:44 | INFO | Epoch 1 | Batch 4020/6394 | Loss: 2.9808 | Avg Loss: 3.7788 | LR: 3.12e-05
2025-11-18 18:25:46 | INFO | Epoch 1 | Batch 4030/6394 | Loss: 2.9989 | Avg Loss: 3.7769 | LR: 3.09e-05
2025-11-18 18:25:48 | INFO | Epoch 1 | Batch 4040/6394 | Loss: 3.0219 | Avg Loss: 3.7750 | LR: 3.07e-05
2025-11-18 18:25:49 | INFO | Epoch 1 | Batch 4050/6394 | Loss: 3.0770 | Avg Loss: 3.7732 | LR: 3.05e-05
2025-11-18 18:25:51 | INFO | Epoch 1 | Batch 4060/6394 | Loss: 3.0454 | Avg Loss: 3.7713 | LR: 3.02e-05
2025-11-18 18:25:52 | INFO | Epoch 1 | Batch 4070/6394 | Loss: 3.1110 | Avg Loss: 3.7695 | LR: 3.00e-05
2025-11-18 18:25:54 | INFO | Epoch 1 | Batch 4080/6394 | Loss: 2.9351 | Avg Loss: 3.7675 | LR: 2.98e-05
2025-11-18 18:25:56 | INFO | Epoch 1 | Batch 4090/6394 | Loss: 2.9763 | Avg Loss: 3.7656 | LR: 2.96e-05
2025-11-18 18:25:57 | INFO | Epoch 1 | Batch 4100/6394 | Loss: 2.9843 | Avg Loss: 3.7638 | LR: 2.93e-05
2025-11-18 18:25:59 | INFO | Epoch 1 | Batch 4110/6394 | Loss: 2.9331 | Avg Loss: 3.7619 | LR: 2.91e-05
2025-11-18 18:26:00 | INFO | Epoch 1 | Batch 4120/6394 | Loss: 3.0204 | Avg Loss: 3.7600 | LR: 2.89e-05
2025-11-18 18:26:02 | INFO | Epoch 1 | Batch 4130/6394 | Loss: 2.9959 | Avg Loss: 3.7581 | LR: 2.86e-05
2025-11-18 18:26:03 | INFO | Epoch 1 | Batch 4140/6394 | Loss: 3.0167 | Avg Loss: 3.7563 | LR: 2.84e-05
2025-11-18 18:26:05 | INFO | Epoch 1 | Batch 4150/6394 | Loss: 3.0194 | Avg Loss: 3.7545 | LR: 2.82e-05
2025-11-18 18:26:07 | INFO | Epoch 1 | Batch 4160/6394 | Loss: 3.0484 | Avg Loss: 3.7527 | LR: 2.80e-05
2025-11-18 18:26:08 | INFO | Epoch 1 | Batch 4170/6394 | Loss: 2.9483 | Avg Loss: 3.7508 | LR: 2.77e-05
2025-11-18 18:26:10 | INFO | Epoch 1 | Batch 4180/6394 | Loss: 3.0170 | Avg Loss: 3.7490 | LR: 2.75e-05
2025-11-18 18:26:11 | INFO | Epoch 1 | Batch 4190/6394 | Loss: 2.9900 | Avg Loss: 3.7472 | LR: 2.73e-05
2025-11-18 18:26:13 | INFO | Epoch 1 | Batch 4200/6394 | Loss: 2.9530 | Avg Loss: 3.7454 | LR: 2.71e-05
2025-11-18 18:26:14 | INFO | Epoch 1 | Batch 4210/6394 | Loss: 2.8947 | Avg Loss: 3.7436 | LR: 2.69e-05
2025-11-18 18:26:16 | INFO | Epoch 1 | Batch 4220/6394 | Loss: 3.0012 | Avg Loss: 3.7418 | LR: 2.66e-05
2025-11-18 18:26:17 | INFO | Epoch 1 | Batch 4230/6394 | Loss: 2.9910 | Avg Loss: 3.7400 | LR: 2.64e-05
2025-11-18 18:26:19 | INFO | Epoch 1 | Batch 4240/6394 | Loss: 2.9966 | Avg Loss: 3.7382 | LR: 2.62e-05
2025-11-18 18:26:21 | INFO | Epoch 1 | Batch 4250/6394 | Loss: 2.9895 | Avg Loss: 3.7365 | LR: 2.60e-05
2025-11-18 18:26:22 | INFO | Epoch 1 | Batch 4260/6394 | Loss: 2.9642 | Avg Loss: 3.7347 | LR: 2.58e-05
2025-11-18 18:26:24 | INFO | Epoch 1 | Batch 4270/6394 | Loss: 2.9296 | Avg Loss: 3.7329 | LR: 2.55e-05
2025-11-18 18:26:25 | INFO | Epoch 1 | Batch 4280/6394 | Loss: 3.0435 | Avg Loss: 3.7311 | LR: 2.53e-05
2025-11-18 18:26:27 | INFO | Epoch 1 | Batch 4290/6394 | Loss: 3.0017 | Avg Loss: 3.7293 | LR: 2.51e-05
2025-11-18 18:26:29 | INFO | Epoch 1 | Batch 4300/6394 | Loss: 2.9683 | Avg Loss: 3.7276 | LR: 2.49e-05
2025-11-18 18:26:30 | INFO | Epoch 1 | Batch 4310/6394 | Loss: 2.9419 | Avg Loss: 3.7259 | LR: 2.47e-05
2025-11-18 18:26:32 | INFO | Epoch 1 | Batch 4320/6394 | Loss: 3.1211 | Avg Loss: 3.7242 | LR: 2.45e-05
2025-11-18 18:26:33 | INFO | Epoch 1 | Batch 4330/6394 | Loss: 2.9754 | Avg Loss: 3.7224 | LR: 2.42e-05
2025-11-18 18:26:35 | INFO | Epoch 1 | Batch 4340/6394 | Loss: 2.9510 | Avg Loss: 3.7208 | LR: 2.40e-05
2025-11-18 18:26:37 | INFO | Epoch 1 | Batch 4350/6394 | Loss: 2.9315 | Avg Loss: 3.7190 | LR: 2.38e-05
2025-11-18 18:26:38 | INFO | Epoch 1 | Batch 4360/6394 | Loss: 3.1198 | Avg Loss: 3.7174 | LR: 2.36e-05
2025-11-18 18:26:40 | INFO | Epoch 1 | Batch 4370/6394 | Loss: 3.0158 | Avg Loss: 3.7156 | LR: 2.34e-05
2025-11-18 18:26:41 | INFO | Epoch 1 | Batch 4380/6394 | Loss: 3.0086 | Avg Loss: 3.7140 | LR: 2.32e-05
2025-11-18 18:26:43 | INFO | Epoch 1 | Batch 4390/6394 | Loss: 2.8943 | Avg Loss: 3.7123 | LR: 2.30e-05
2025-11-18 18:26:44 | INFO | Epoch 1 | Batch 4400/6394 | Loss: 2.8566 | Avg Loss: 3.7106 | LR: 2.28e-05
2025-11-18 18:26:46 | INFO | Epoch 1 | Batch 4410/6394 | Loss: 3.0424 | Avg Loss: 3.7091 | LR: 2.26e-05
2025-11-18 18:26:48 | INFO | Epoch 1 | Batch 4420/6394 | Loss: 2.9266 | Avg Loss: 3.7074 | LR: 2.23e-05
2025-11-18 18:26:49 | INFO | Epoch 1 | Batch 4430/6394 | Loss: 3.0246 | Avg Loss: 3.7057 | LR: 2.21e-05
2025-11-18 18:26:51 | INFO | Epoch 1 | Batch 4440/6394 | Loss: 2.9838 | Avg Loss: 3.7040 | LR: 2.19e-05
2025-11-18 18:26:52 | INFO | Epoch 1 | Batch 4450/6394 | Loss: 2.9088 | Avg Loss: 3.7024 | LR: 2.17e-05
2025-11-18 18:26:54 | INFO | Epoch 1 | Batch 4460/6394 | Loss: 2.8531 | Avg Loss: 3.7008 | LR: 2.15e-05
2025-11-18 18:26:55 | INFO | Epoch 1 | Batch 4470/6394 | Loss: 2.9923 | Avg Loss: 3.6991 | LR: 2.13e-05
2025-11-18 18:26:57 | INFO | Epoch 1 | Batch 4480/6394 | Loss: 2.9806 | Avg Loss: 3.6975 | LR: 2.11e-05
2025-11-18 18:26:59 | INFO | Epoch 1 | Batch 4490/6394 | Loss: 3.0341 | Avg Loss: 3.6959 | LR: 2.09e-05
2025-11-18 18:27:00 | INFO | Epoch 1 | Batch 4500/6394 | Loss: 3.0043 | Avg Loss: 3.6943 | LR: 2.07e-05
2025-11-18 18:27:02 | INFO | Epoch 1 | Batch 4510/6394 | Loss: 2.9499 | Avg Loss: 3.6926 | LR: 2.05e-05
2025-11-18 18:27:03 | INFO | Epoch 1 | Batch 4520/6394 | Loss: 2.9533 | Avg Loss: 3.6910 | LR: 2.03e-05
2025-11-18 18:27:05 | INFO | Epoch 1 | Batch 4530/6394 | Loss: 2.9637 | Avg Loss: 3.6894 | LR: 2.01e-05
2025-11-18 18:27:06 | INFO | Epoch 1 | Batch 4540/6394 | Loss: 3.0335 | Avg Loss: 3.6878 | LR: 1.99e-05
2025-11-18 18:27:08 | INFO | Epoch 1 | Batch 4550/6394 | Loss: 2.9802 | Avg Loss: 3.6863 | LR: 1.97e-05
2025-11-18 18:27:10 | INFO | Epoch 1 | Batch 4560/6394 | Loss: 2.9588 | Avg Loss: 3.6847 | LR: 1.95e-05
2025-11-18 18:27:11 | INFO | Epoch 1 | Batch 4570/6394 | Loss: 2.9647 | Avg Loss: 3.6831 | LR: 1.93e-05
2025-11-18 18:27:13 | INFO | Epoch 1 | Batch 4580/6394 | Loss: 2.9523 | Avg Loss: 3.6816 | LR: 1.91e-05
2025-11-18 18:27:14 | INFO | Epoch 1 | Batch 4590/6394 | Loss: 2.9055 | Avg Loss: 3.6800 | LR: 1.89e-05
2025-11-18 18:27:16 | INFO | Epoch 1 | Batch 4600/6394 | Loss: 2.9506 | Avg Loss: 3.6784 | LR: 1.87e-05
2025-11-18 18:27:17 | INFO | Epoch 1 | Batch 4610/6394 | Loss: 3.0051 | Avg Loss: 3.6768 | LR: 1.85e-05
2025-11-18 18:27:19 | INFO | Epoch 1 | Batch 4620/6394 | Loss: 2.9303 | Avg Loss: 3.6753 | LR: 1.83e-05
2025-11-18 18:27:20 | INFO | Epoch 1 | Batch 4630/6394 | Loss: 3.0044 | Avg Loss: 3.6737 | LR: 1.81e-05
2025-11-18 18:27:22 | INFO | Epoch 1 | Batch 4640/6394 | Loss: 2.9225 | Avg Loss: 3.6721 | LR: 1.79e-05
2025-11-18 18:27:24 | INFO | Epoch 1 | Batch 4650/6394 | Loss: 2.9594 | Avg Loss: 3.6706 | LR: 1.78e-05
2025-11-18 18:27:25 | INFO | Epoch 1 | Batch 4660/6394 | Loss: 3.0170 | Avg Loss: 3.6690 | LR: 1.76e-05
2025-11-18 18:27:27 | INFO | Epoch 1 | Batch 4670/6394 | Loss: 2.9543 | Avg Loss: 3.6675 | LR: 1.74e-05
2025-11-18 18:27:28 | INFO | Epoch 1 | Batch 4680/6394 | Loss: 2.8321 | Avg Loss: 3.6659 | LR: 1.72e-05
2025-11-18 18:27:30 | INFO | Epoch 1 | Batch 4690/6394 | Loss: 2.9444 | Avg Loss: 3.6644 | LR: 1.70e-05
2025-11-18 18:27:32 | INFO | Epoch 1 | Batch 4700/6394 | Loss: 3.0898 | Avg Loss: 3.6630 | LR: 1.68e-05
2025-11-18 18:27:33 | INFO | Epoch 1 | Batch 4710/6394 | Loss: 3.0651 | Avg Loss: 3.6615 | LR: 1.66e-05
2025-11-18 18:27:35 | INFO | Epoch 1 | Batch 4720/6394 | Loss: 2.8584 | Avg Loss: 3.6600 | LR: 1.64e-05
2025-11-18 18:27:36 | INFO | Epoch 1 | Batch 4730/6394 | Loss: 2.8824 | Avg Loss: 3.6585 | LR: 1.63e-05
2025-11-18 18:27:38 | INFO | Epoch 1 | Batch 4740/6394 | Loss: 2.9417 | Avg Loss: 3.6569 | LR: 1.61e-05
2025-11-18 18:27:39 | INFO | Epoch 1 | Batch 4750/6394 | Loss: 2.9919 | Avg Loss: 3.6554 | LR: 1.59e-05
2025-11-18 18:27:41 | INFO | Epoch 1 | Batch 4760/6394 | Loss: 3.0517 | Avg Loss: 3.6540 | LR: 1.57e-05
2025-11-18 18:27:43 | INFO | Epoch 1 | Batch 4770/6394 | Loss: 3.0058 | Avg Loss: 3.6526 | LR: 1.55e-05
2025-11-18 18:27:44 | INFO | Epoch 1 | Batch 4780/6394 | Loss: 2.9989 | Avg Loss: 3.6511 | LR: 1.53e-05
2025-11-18 18:27:46 | INFO | Epoch 1 | Batch 4790/6394 | Loss: 2.9574 | Avg Loss: 3.6496 | LR: 1.52e-05
2025-11-18 18:27:47 | INFO | Epoch 1 | Batch 4800/6394 | Loss: 2.9150 | Avg Loss: 3.6481 | LR: 1.50e-05
2025-11-18 18:27:49 | INFO | Epoch 1 | Batch 4810/6394 | Loss: 2.9408 | Avg Loss: 3.6467 | LR: 1.48e-05
2025-11-18 18:27:50 | INFO | Epoch 1 | Batch 4820/6394 | Loss: 2.8724 | Avg Loss: 3.6452 | LR: 1.46e-05
2025-11-18 18:27:52 | INFO | Epoch 1 | Batch 4830/6394 | Loss: 2.9618 | Avg Loss: 3.6437 | LR: 1.45e-05
2025-11-18 18:27:54 | INFO | Epoch 1 | Batch 4840/6394 | Loss: 2.9942 | Avg Loss: 3.6422 | LR: 1.43e-05
2025-11-18 18:27:55 | INFO | Epoch 1 | Batch 4850/6394 | Loss: 2.9654 | Avg Loss: 3.6408 | LR: 1.41e-05
2025-11-18 18:27:57 | INFO | Epoch 1 | Batch 4860/6394 | Loss: 2.8749 | Avg Loss: 3.6394 | LR: 1.39e-05
2025-11-18 18:27:58 | INFO | Epoch 1 | Batch 4870/6394 | Loss: 2.8287 | Avg Loss: 3.6379 | LR: 1.38e-05
2025-11-18 18:28:00 | INFO | Epoch 1 | Batch 4880/6394 | Loss: 2.9864 | Avg Loss: 3.6365 | LR: 1.36e-05
2025-11-18 18:28:01 | INFO | Epoch 1 | Batch 4890/6394 | Loss: 2.9166 | Avg Loss: 3.6350 | LR: 1.34e-05
2025-11-18 18:28:03 | INFO | Epoch 1 | Batch 4900/6394 | Loss: 2.8911 | Avg Loss: 3.6335 | LR: 1.33e-05
2025-11-18 18:28:05 | INFO | Epoch 1 | Batch 4910/6394 | Loss: 2.9758 | Avg Loss: 3.6322 | LR: 1.31e-05
2025-11-18 18:28:06 | INFO | Epoch 1 | Batch 4920/6394 | Loss: 2.9557 | Avg Loss: 3.6308 | LR: 1.29e-05
2025-11-18 18:28:08 | INFO | Epoch 1 | Batch 4930/6394 | Loss: 2.9330 | Avg Loss: 3.6294 | LR: 1.27e-05
2025-11-18 18:28:10 | INFO | Epoch 1 | Batch 4940/6394 | Loss: 2.9432 | Avg Loss: 3.6280 | LR: 1.26e-05
2025-11-18 18:28:11 | INFO | Epoch 1 | Batch 4950/6394 | Loss: 2.8947 | Avg Loss: 3.6266 | LR: 1.24e-05
2025-11-18 18:28:13 | INFO | Epoch 1 | Batch 4960/6394 | Loss: 2.9437 | Avg Loss: 3.6252 | LR: 1.23e-05
2025-11-18 18:28:14 | INFO | Epoch 1 | Batch 4970/6394 | Loss: 2.8578 | Avg Loss: 3.6238 | LR: 1.21e-05
2025-11-18 18:28:16 | INFO | Epoch 1 | Batch 4980/6394 | Loss: 2.9296 | Avg Loss: 3.6224 | LR: 1.19e-05
2025-11-18 18:28:18 | INFO | Epoch 1 | Batch 4990/6394 | Loss: 2.9194 | Avg Loss: 3.6210 | LR: 1.18e-05
