2025-11-18 15:23:34 | INFO | ================================================================================
2025-11-18 15:23:34 | INFO | 🚀 STARTING 100M PARAMETER TRAINING
2025-11-18 15:23:34 | INFO | ================================================================================
2025-11-18 15:23:34 | INFO | Device: cuda:0
2025-11-18 15:23:34 | INFO | Distributed: Rank 0/1
2025-11-18 15:23:34 | INFO | Loaded config from /project/code/configs/moe/minimal_working.yaml
2025-11-18 15:23:34 | INFO | 
📊 Training Config:
2025-11-18 15:23:34 | INFO |    Epochs: 3
2025-11-18 15:23:34 | INFO |    Batch size: 96
2025-11-18 15:23:34 | INFO |    Learning rate: 1.00e-04
2025-11-18 15:23:34 | INFO |    Gradient accumulation: 1
2025-11-18 15:23:34 | INFO | 
🤖 Creating model...
2025-11-18 15:23:34 | INFO |    Parameters: 58,252,792 (58.3M)
2025-11-18 15:23:34 | INFO | 
⚡ Setting up optimizer and scheduler...
2025-11-18 15:23:34 | INFO | 
📊 Creating dataloaders...
2025-11-18 15:23:35 | INFO | 
================================================================================
2025-11-18 15:23:35 | INFO | 🏋️  STARTING TRAINING
2025-11-18 15:23:35 | INFO | ================================================================================
2025-11-18 15:23:35 | INFO | Epoch 1 | Batch 0/2083 | Loss: 11.0091 | Avg Loss: 11.0091 | LR: 1.09e-05
2025-11-18 15:23:36 | INFO | Epoch 1 | Batch 10/2083 | Loss: 10.9970 | Avg Loss: 11.0010 | LR: 1.99e-05
2025-11-18 15:23:38 | INFO | Epoch 1 | Batch 20/2083 | Loss: 11.0038 | Avg Loss: 10.9999 | LR: 2.89e-05
2025-11-18 15:23:39 | INFO | Epoch 1 | Batch 30/2083 | Loss: 10.9981 | Avg Loss: 10.9995 | LR: 3.79e-05
2025-11-18 15:23:40 | INFO | Epoch 1 | Batch 40/2083 | Loss: 10.9984 | Avg Loss: 10.9996 | LR: 4.69e-05
2025-11-18 15:23:41 | INFO | 
🎯 Testing generation at step 50...
2025-11-18 15:23:42 | INFO | Generated sequence (token IDs): [45087, 12110, 44810, 49454, 43156, 15973, 1456, 6850, 27239, 40724, 33467, 47696, 46829, 9057, 17112, 12947, 14730, 1021, 23740, 2652, 30411, 26866, 24157, 31387, 2776, 45765, 18306, 8162, 16133, 12262, 23652, 2338, 30494, 11724, 12202, 43682, 21238, 26715, 28223, 37683, 27070, 45386, 43052, 16032, 32016, 22450, 47619, 27160, 35243, 7236]
2025-11-18 15:23:42 | INFO | ✓ Generation test complete

2025-11-18 15:23:42 | INFO | Epoch 1 | Batch 50/2083 | Loss: 10.9977 | Avg Loss: 10.9994 | LR: 5.59e-05
2025-11-18 15:23:43 | INFO | Epoch 1 | Batch 60/2083 | Loss: 10.9972 | Avg Loss: 10.9993 | LR: 6.49e-05
2025-11-18 15:23:44 | INFO | Epoch 1 | Batch 70/2083 | Loss: 11.0030 | Avg Loss: 10.9991 | LR: 7.39e-05
2025-11-18 15:23:46 | INFO | Epoch 1 | Batch 80/2083 | Loss: 11.0045 | Avg Loss: 10.9991 | LR: 8.29e-05
2025-11-18 15:23:47 | INFO | Epoch 1 | Batch 90/2083 | Loss: 11.0009 | Avg Loss: 10.9991 | LR: 9.19e-05
2025-11-18 15:23:48 | INFO | 
🎯 Testing generation at step 100...
2025-11-18 15:23:48 | INFO | Generated sequence (token IDs): [1775, 28191, 46444, 8542, 36673, 48686, 26894, 9305, 44413, 5626, 42222, 47064, 12832, 32893, 20117, 10488, 41992, 30772, 30148, 43358, 17601, 43750, 30748, 41093, 44797, 38421, 33467, 26274, 4213, 15820, 15037, 23320, 29108, 8159, 28441, 10913, 889, 32151, 35622, 23931, 26565, 16271, 41716, 19971, 17897, 47484, 43900, 43524, 32946, 37895]
2025-11-18 15:23:48 | INFO | ✓ Generation test complete

2025-11-18 15:23:48 | INFO | Epoch 1 | Batch 100/2083 | Loss: 10.9968 | Avg Loss: 10.9987 | LR: 1.00e-04
2025-11-18 15:23:50 | INFO | Epoch 1 | Batch 110/2083 | Loss: 10.9912 | Avg Loss: 10.9987 | LR: 1.00e-04
2025-11-18 15:23:51 | INFO | Epoch 1 | Batch 120/2083 | Loss: 10.9898 | Avg Loss: 10.9984 | LR: 1.00e-04
2025-11-18 15:23:52 | INFO | Epoch 1 | Batch 130/2083 | Loss: 10.9944 | Avg Loss: 10.9980 | LR: 1.00e-04
2025-11-18 15:23:54 | INFO | Epoch 1 | Batch 140/2083 | Loss: 10.9836 | Avg Loss: 10.9974 | LR: 1.00e-04
2025-11-18 15:23:55 | INFO | 
🎯 Testing generation at step 150...
2025-11-18 15:23:55 | INFO | Generated sequence (token IDs): [34804, 4004, 23529, 20238, 852, 23551, 2700, 50370, 16553, 27299, 35697, 39318, 23992, 36953, 44187, 45039, 33888, 42234, 49553, 10164, 36656, 24754, 10832, 36806, 28955, 23626, 17661, 25001, 13387, 46045, 3354, 7085, 24474, 4522, 45997, 30296, 43116, 26236, 49537, 26852, 4424, 16493, 47979, 19432, 46384, 48045, 14744, 1489, 12958, 1193]
2025-11-18 15:23:55 | INFO | ✓ Generation test complete

2025-11-18 15:23:55 | INFO | Epoch 1 | Batch 150/2083 | Loss: 10.9822 | Avg Loss: 10.9966 | LR: 1.00e-04
2025-11-18 15:23:56 | INFO | Epoch 1 | Batch 160/2083 | Loss: 10.9561 | Avg Loss: 10.9951 | LR: 1.00e-04
2025-11-18 15:23:58 | INFO | Epoch 1 | Batch 170/2083 | Loss: 10.9188 | Avg Loss: 10.9917 | LR: 1.00e-04
2025-11-18 15:23:59 | INFO | Epoch 1 | Batch 180/2083 | Loss: 10.8910 | Avg Loss: 10.9867 | LR: 1.00e-04
2025-11-18 15:24:00 | INFO | Epoch 1 | Batch 190/2083 | Loss: 10.8700 | Avg Loss: 10.9809 | LR: 9.99e-05
2025-11-18 15:24:02 | INFO | 
🎯 Testing generation at step 200...
2025-11-18 15:24:02 | INFO | Generated sequence (token IDs): [2255, 42630, 42630, 42630, 42630, 42630, 42630, 42630, 42630, 42630, 42630, 42630, 42630, 42630, 42630, 42630, 42630, 42630, 42630, 42630, 42630, 42630, 42630, 42630, 42630, 42630, 42630, 42630, 42630, 42630, 42630, 42630, 42630, 42630, 42630, 42630, 42630, 42630, 42630, 42630, 42630, 42630, 42630, 42630, 42630, 42630, 42630, 42630, 42630, 42630]
2025-11-18 15:24:02 | INFO | ✓ Generation test complete

2025-11-18 15:24:02 | INFO | Epoch 1 | Batch 200/2083 | Loss: 10.8612 | Avg Loss: 10.9752 | LR: 9.99e-05
2025-11-18 15:24:03 | INFO | Epoch 1 | Batch 210/2083 | Loss: 10.8560 | Avg Loss: 10.9696 | LR: 9.99e-05
2025-11-18 15:24:04 | INFO | Epoch 1 | Batch 220/2083 | Loss: 10.8537 | Avg Loss: 10.9644 | LR: 9.99e-05
2025-11-18 15:24:06 | INFO | Epoch 1 | Batch 230/2083 | Loss: 10.8500 | Avg Loss: 10.9596 | LR: 9.99e-05
2025-11-18 15:24:07 | INFO | Epoch 1 | Batch 240/2083 | Loss: 10.8519 | Avg Loss: 10.9551 | LR: 9.99e-05
2025-11-18 15:24:08 | INFO | 
🎯 Testing generation at step 250...
2025-11-18 15:24:08 | INFO | Generated sequence (token IDs): [3647, 5795, 7609, 49496, 20235, 48153, 5795, 7609, 48707, 21383, 48153, 5795, 7609, 48707, 21383, 48153, 5795, 7609, 48707, 21383, 48153, 5795, 7609, 48707, 21383, 48153, 5795, 7609, 48707, 21383, 48153, 5795, 7609, 48707, 21383, 48153, 5795, 7609, 48707, 21383, 48153, 5795, 7609, 48707, 21383, 48153, 5795, 7609, 48707, 21383]
2025-11-18 15:24:08 | INFO | ✓ Generation test complete

2025-11-18 15:24:08 | INFO | Epoch 1 | Batch 250/2083 | Loss: 10.8487 | Avg Loss: 10.9509 | LR: 9.99e-05
2025-11-18 15:24:10 | INFO | Epoch 1 | Batch 260/2083 | Loss: 10.8499 | Avg Loss: 10.9471 | LR: 9.98e-05
2025-11-18 15:24:11 | INFO | Epoch 1 | Batch 270/2083 | Loss: 10.8499 | Avg Loss: 10.9435 | LR: 9.98e-05
2025-11-18 15:24:12 | INFO | Epoch 1 | Batch 280/2083 | Loss: 10.8483 | Avg Loss: 10.9401 | LR: 9.98e-05
2025-11-18 15:24:14 | INFO | Epoch 1 | Batch 290/2083 | Loss: 10.8507 | Avg Loss: 10.9370 | LR: 9.98e-05
2025-11-18 15:24:15 | INFO | 
🎯 Testing generation at step 300...
2025-11-18 15:24:15 | INFO | Generated sequence (token IDs): [17000, 48337, 39484, 39484, 39484, 39484, 39484, 39484, 39484, 39484, 39484, 39484, 39484, 39484, 39484, 39484, 39484, 39484, 39484, 39484, 39484, 39484, 39484, 39484, 39484, 39484, 39484, 39484, 39484, 39484, 39484, 39484, 39484, 39484, 39484, 39484, 39484, 39484, 39484, 39484, 39484, 39484, 39484, 39484, 39484, 39484, 39484, 39484, 39484, 39484]
2025-11-18 15:24:15 | INFO | ✓ Generation test complete

2025-11-18 15:24:15 | INFO | Epoch 1 | Batch 300/2083 | Loss: 10.8491 | Avg Loss: 10.9341 | LR: 9.97e-05
2025-11-18 15:24:16 | INFO | Epoch 1 | Batch 310/2083 | Loss: 10.8513 | Avg Loss: 10.9314 | LR: 9.97e-05
2025-11-18 15:24:18 | INFO | Epoch 1 | Batch 320/2083 | Loss: 10.8473 | Avg Loss: 10.9288 | LR: 9.97e-05
2025-11-18 15:24:19 | INFO | Epoch 1 | Batch 330/2083 | Loss: 10.8509 | Avg Loss: 10.9264 | LR: 9.97e-05
2025-11-18 15:24:20 | INFO | Epoch 1 | Batch 340/2083 | Loss: 10.8504 | Avg Loss: 10.9241 | LR: 9.96e-05
2025-11-18 15:24:22 | INFO | 
🎯 Testing generation at step 350...
2025-11-18 15:24:22 | INFO | Generated sequence (token IDs): [38895, 40529, 43345, 40529, 48650, 15594, 40529, 48650, 40529, 48650, 40529, 48650, 40529, 48650, 40529, 48650, 40529, 48650, 40529, 48650, 40529, 48650, 40529, 48650, 40529, 48650, 40529, 48650, 40529, 48650, 40529, 48650, 40529, 48650, 40529, 48650, 40529, 48650, 40529, 48650, 40529, 48650, 40529, 48650, 40529, 48650, 40529, 48650, 40529, 48650]
2025-11-18 15:24:22 | INFO | ✓ Generation test complete

2025-11-18 15:24:22 | INFO | Epoch 1 | Batch 350/2083 | Loss: 10.8480 | Avg Loss: 10.9220 | LR: 9.96e-05
2025-11-18 15:24:23 | INFO | Epoch 1 | Batch 360/2083 | Loss: 10.8496 | Avg Loss: 10.9199 | LR: 9.96e-05
2025-11-18 15:24:24 | INFO | Epoch 1 | Batch 370/2083 | Loss: 10.8478 | Avg Loss: 10.9180 | LR: 9.95e-05
2025-11-18 15:24:26 | INFO | Epoch 1 | Batch 380/2083 | Loss: 10.8490 | Avg Loss: 10.9162 | LR: 9.95e-05
