2025-11-17 23:52:34 | INFO | ================================================================================
2025-11-17 23:52:34 | INFO | 🚀 STARTING 100M PARAMETER TRAINING
2025-11-17 23:52:34 | INFO | ================================================================================
2025-11-17 23:52:34 | INFO | Device: cuda:0
2025-11-17 23:52:34 | INFO | Distributed: Rank 0/1
2025-11-17 23:52:34 | INFO | Loaded config from code/configs/moe/minimal_working.yaml
2025-11-17 23:52:34 | INFO | 
📊 Training Config:
2025-11-17 23:52:34 | INFO |    Epochs: 3
2025-11-17 23:52:34 | INFO |    Batch size: 2
2025-11-17 23:52:34 | INFO |    Learning rate: 1.00e-04
2025-11-17 23:52:34 | INFO |    Gradient accumulation: 4
2025-11-17 23:52:34 | INFO | 
🤖 Creating model...
2025-11-17 23:52:34 | INFO |    Parameters: 58,252,792 (58.3M)
2025-11-17 23:52:34 | INFO | 
⚡ Setting up optimizer and scheduler...
2025-11-17 23:52:34 | INFO | 
📊 Creating dataloaders...
2025-11-17 23:52:34 | INFO | 
================================================================================
2025-11-17 23:52:34 | INFO | 🏋️  STARTING TRAINING
2025-11-17 23:52:34 | INFO | ================================================================================
2025-11-17 23:52:34 | INFO | Epoch 1 | Batch 0/5000 | Loss: 11.0031 | Avg Loss: 11.0031 | LR: 1.00e-05
2025-11-17 23:52:39 | INFO | Epoch 1 | Batch 200/5000 | Loss: 10.9761 | Avg Loss: 11.0016 | LR: 5.50e-05
