2025-11-18 00:35:30 | INFO | ================================================================================
2025-11-18 00:35:30 | INFO | 🚀 STARTING 100M PARAMETER TRAINING
2025-11-18 00:35:30 | INFO | ================================================================================
2025-11-18 00:35:30 | INFO | Device: cuda:0
2025-11-18 00:35:30 | INFO | Distributed: Rank 0/1
2025-11-18 00:35:30 | INFO | Loaded config from /project/code/configs/moe/small_moe.yaml
2025-11-18 00:35:30 | INFO | 
📊 Training Config:
2025-11-18 00:35:30 | INFO |    Epochs: 3
2025-11-18 00:35:30 | INFO |    Batch size: 4
2025-11-18 00:35:30 | INFO |    Learning rate: 2.00e-03
2025-11-18 00:35:30 | INFO |    Gradient accumulation: 80
2025-11-18 00:35:30 | INFO | 
🤖 Creating model...
2025-11-18 00:35:31 | INFO |    Parameters: 325,731,832 (325.7M)
2025-11-18 00:35:31 | INFO | 
⚡ Setting up optimizer and scheduler...
2025-11-18 00:35:32 | INFO | 
📊 Creating dataloaders...
2025-11-18 00:35:32 | INFO | 
================================================================================
2025-11-18 00:35:32 | INFO | 🏋️  STARTING TRAINING
2025-11-18 00:35:32 | INFO | ================================================================================
2025-11-18 00:35:32 | INFO | Epoch 1 | Batch 0/2500 | Loss: 11.0076 | Avg Loss: 11.0076 | LR: 2.00e-04
2025-11-18 00:35:33 | INFO | Epoch 1 | Batch 10/2500 | Loss: 11.0091 | Avg Loss: 11.0139 | LR: 2.00e-04
2025-11-18 00:35:33 | INFO | Epoch 1 | Batch 20/2500 | Loss: 11.0151 | Avg Loss: 11.0043 | LR: 2.00e-04
2025-11-18 00:35:33 | INFO | Epoch 1 | Batch 30/2500 | Loss: 10.9857 | Avg Loss: 11.0054 | LR: 2.00e-04
2025-11-18 00:35:34 | INFO | Epoch 1 | Batch 40/2500 | Loss: 11.0239 | Avg Loss: 11.0045 | LR: 2.00e-04
2025-11-18 00:35:34 | INFO | Epoch 1 | Batch 50/2500 | Loss: 11.0147 | Avg Loss: 11.0033 | LR: 2.00e-04
2025-11-18 00:35:35 | INFO | Epoch 1 | Batch 60/2500 | Loss: 10.9574 | Avg Loss: 11.0026 | LR: 2.00e-04
2025-11-18 00:35:35 | INFO | Epoch 1 | Batch 70/2500 | Loss: 10.9609 | Avg Loss: 11.0024 | LR: 2.00e-04
2025-11-18 00:35:35 | INFO | Epoch 1 | Batch 80/2500 | Loss: 11.0325 | Avg Loss: 11.0008 | LR: 2.02e-04
2025-11-18 00:35:36 | INFO | Epoch 1 | Batch 90/2500 | Loss: 11.0455 | Avg Loss: 11.0019 | LR: 2.02e-04
2025-11-18 00:35:36 | INFO | Epoch 1 | Batch 100/2500 | Loss: 11.0007 | Avg Loss: 11.0024 | LR: 2.02e-04
2025-11-18 00:35:37 | INFO | Epoch 1 | Batch 110/2500 | Loss: 10.9960 | Avg Loss: 11.0025 | LR: 2.02e-04
2025-11-18 00:35:37 | INFO | Epoch 1 | Batch 120/2500 | Loss: 10.9644 | Avg Loss: 11.0018 | LR: 2.02e-04
2025-11-18 00:35:37 | INFO | Epoch 1 | Batch 130/2500 | Loss: 11.0207 | Avg Loss: 11.0017 | LR: 2.02e-04
2025-11-18 00:35:38 | INFO | Epoch 1 | Batch 140/2500 | Loss: 11.0054 | Avg Loss: 11.0025 | LR: 2.02e-04
2025-11-18 00:35:38 | INFO | Epoch 1 | Batch 150/2500 | Loss: 11.0006 | Avg Loss: 11.0025 | LR: 2.02e-04
2025-11-18 00:35:39 | INFO | Epoch 1 | Batch 160/2500 | Loss: 10.9852 | Avg Loss: 11.0020 | LR: 2.04e-04
2025-11-18 00:35:39 | INFO | Epoch 1 | Batch 170/2500 | Loss: 10.9717 | Avg Loss: 11.0016 | LR: 2.04e-04
2025-11-18 00:35:40 | INFO | Epoch 1 | Batch 180/2500 | Loss: 11.0200 | Avg Loss: 11.0014 | LR: 2.04e-04
2025-11-18 00:35:40 | INFO | Epoch 1 | Batch 190/2500 | Loss: 10.9732 | Avg Loss: 11.0005 | LR: 2.04e-04
2025-11-18 00:35:40 | INFO | Epoch 1 | Batch 200/2500 | Loss: 10.9418 | Avg Loss: 11.0002 | LR: 2.04e-04
2025-11-18 00:35:41 | INFO | Epoch 1 | Batch 210/2500 | Loss: 11.0154 | Avg Loss: 11.0003 | LR: 2.04e-04
2025-11-18 00:35:41 | INFO | Epoch 1 | Batch 220/2500 | Loss: 11.0104 | Avg Loss: 11.0002 | LR: 2.04e-04
2025-11-18 00:35:42 | INFO | Epoch 1 | Batch 230/2500 | Loss: 10.9884 | Avg Loss: 11.0002 | LR: 2.04e-04
2025-11-18 00:35:42 | INFO | Epoch 1 | Batch 240/2500 | Loss: 10.9681 | Avg Loss: 10.9998 | LR: 2.05e-04
2025-11-18 00:35:42 | INFO | Epoch 1 | Batch 250/2500 | Loss: 10.9734 | Avg Loss: 10.9994 | LR: 2.05e-04
2025-11-18 00:35:43 | INFO | Epoch 1 | Batch 260/2500 | Loss: 10.9940 | Avg Loss: 10.9988 | LR: 2.05e-04
2025-11-18 00:35:43 | INFO | Epoch 1 | Batch 270/2500 | Loss: 10.9602 | Avg Loss: 10.9981 | LR: 2.05e-04
2025-11-18 00:35:44 | INFO | Epoch 1 | Batch 280/2500 | Loss: 10.9951 | Avg Loss: 10.9978 | LR: 2.05e-04
2025-11-18 00:35:44 | INFO | Epoch 1 | Batch 290/2500 | Loss: 10.9918 | Avg Loss: 10.9970 | LR: 2.05e-04
2025-11-18 00:35:44 | INFO | Epoch 1 | Batch 300/2500 | Loss: 11.0092 | Avg Loss: 10.9966 | LR: 2.05e-04
2025-11-18 00:35:45 | INFO | Epoch 1 | Batch 310/2500 | Loss: 11.0214 | Avg Loss: 10.9962 | LR: 2.05e-04
2025-11-18 00:35:45 | INFO | Epoch 1 | Batch 320/2500 | Loss: 10.9636 | Avg Loss: 10.9958 | LR: 2.07e-04
2025-11-18 00:35:46 | INFO | Epoch 1 | Batch 330/2500 | Loss: 10.9811 | Avg Loss: 10.9949 | LR: 2.07e-04
2025-11-18 00:35:46 | INFO | Epoch 1 | Batch 340/2500 | Loss: 10.9689 | Avg Loss: 10.9939 | LR: 2.07e-04
2025-11-18 00:35:47 | INFO | Epoch 1 | Batch 350/2500 | Loss: 10.9742 | Avg Loss: 10.9932 | LR: 2.07e-04
2025-11-18 00:35:47 | INFO | Epoch 1 | Batch 360/2500 | Loss: 10.9390 | Avg Loss: 10.9924 | LR: 2.07e-04
2025-11-18 00:35:47 | INFO | Epoch 1 | Batch 370/2500 | Loss: 10.9905 | Avg Loss: 10.9915 | LR: 2.07e-04
2025-11-18 00:35:48 | INFO | Epoch 1 | Batch 380/2500 | Loss: 10.9758 | Avg Loss: 10.9909 | LR: 2.07e-04
2025-11-18 00:35:48 | INFO | Epoch 1 | Batch 390/2500 | Loss: 10.9451 | Avg Loss: 10.9901 | LR: 2.07e-04
2025-11-18 00:35:49 | INFO | Epoch 1 | Batch 400/2500 | Loss: 10.9307 | Avg Loss: 10.9893 | LR: 2.09e-04
2025-11-18 00:35:49 | INFO | Epoch 1 | Batch 410/2500 | Loss: 10.9368 | Avg Loss: 10.9882 | LR: 2.09e-04
2025-11-18 00:35:49 | INFO | Epoch 1 | Batch 420/2500 | Loss: 10.9484 | Avg Loss: 10.9872 | LR: 2.09e-04
2025-11-18 00:35:50 | INFO | Epoch 1 | Batch 430/2500 | Loss: 10.9620 | Avg Loss: 10.9862 | LR: 2.09e-04
2025-11-18 00:35:50 | INFO | Epoch 1 | Batch 440/2500 | Loss: 10.9364 | Avg Loss: 10.9853 | LR: 2.09e-04
2025-11-18 00:35:51 | INFO | Epoch 1 | Batch 450/2500 | Loss: 10.9438 | Avg Loss: 10.9844 | LR: 2.09e-04
2025-11-18 00:35:51 | INFO | Epoch 1 | Batch 460/2500 | Loss: 10.9443 | Avg Loss: 10.9838 | LR: 2.09e-04
2025-11-18 00:35:51 | INFO | Epoch 1 | Batch 470/2500 | Loss: 10.9482 | Avg Loss: 10.9830 | LR: 2.09e-04
2025-11-18 00:35:52 | INFO | Epoch 1 | Batch 480/2500 | Loss: 10.9365 | Avg Loss: 10.9822 | LR: 2.11e-04
2025-11-18 00:35:52 | INFO | Epoch 1 | Batch 490/2500 | Loss: 10.9162 | Avg Loss: 10.9811 | LR: 2.11e-04
2025-11-18 00:35:53 | INFO | Epoch 1 | Batch 500/2500 | Loss: 10.9206 | Avg Loss: 10.9801 | LR: 2.11e-04
2025-11-18 00:35:53 | INFO | Epoch 1 | Batch 510/2500 | Loss: 10.9114 | Avg Loss: 10.9793 | LR: 2.11e-04
2025-11-18 00:35:54 | INFO | Epoch 1 | Batch 520/2500 | Loss: 10.9537 | Avg Loss: 10.9786 | LR: 2.11e-04
2025-11-18 00:35:54 | INFO | Epoch 1 | Batch 530/2500 | Loss: 10.9081 | Avg Loss: 10.9776 | LR: 2.11e-04
2025-11-18 00:35:54 | INFO | Epoch 1 | Batch 540/2500 | Loss: 10.9393 | Avg Loss: 10.9766 | LR: 2.11e-04
2025-11-18 00:35:55 | INFO | Epoch 1 | Batch 550/2500 | Loss: 10.9235 | Avg Loss: 10.9758 | LR: 2.11e-04
2025-11-18 00:35:55 | INFO | Epoch 1 | Batch 560/2500 | Loss: 10.8561 | Avg Loss: 10.9747 | LR: 2.13e-04
2025-11-18 00:35:56 | INFO | Epoch 1 | Batch 570/2500 | Loss: 10.9276 | Avg Loss: 10.9737 | LR: 2.13e-04
2025-11-18 00:35:56 | INFO | Epoch 1 | Batch 580/2500 | Loss: 10.9128 | Avg Loss: 10.9727 | LR: 2.13e-04
2025-11-18 00:35:56 | INFO | Epoch 1 | Batch 590/2500 | Loss: 10.9016 | Avg Loss: 10.9716 | LR: 2.13e-04
2025-11-18 00:35:57 | INFO | Epoch 1 | Batch 600/2500 | Loss: 10.9042 | Avg Loss: 10.9708 | LR: 2.13e-04
2025-11-18 00:35:57 | INFO | Epoch 1 | Batch 610/2500 | Loss: 10.9041 | Avg Loss: 10.9699 | LR: 2.13e-04
2025-11-18 00:35:58 | INFO | Epoch 1 | Batch 620/2500 | Loss: 10.8985 | Avg Loss: 10.9690 | LR: 2.13e-04
2025-11-18 00:35:58 | INFO | Epoch 1 | Batch 630/2500 | Loss: 10.9121 | Avg Loss: 10.9681 | LR: 2.13e-04
2025-11-18 00:35:58 | INFO | Epoch 1 | Batch 640/2500 | Loss: 10.9059 | Avg Loss: 10.9673 | LR: 2.14e-04
2025-11-18 00:35:59 | INFO | Epoch 1 | Batch 650/2500 | Loss: 10.9292 | Avg Loss: 10.9665 | LR: 2.14e-04
2025-11-18 00:35:59 | INFO | Epoch 1 | Batch 660/2500 | Loss: 10.9000 | Avg Loss: 10.9656 | LR: 2.14e-04
2025-11-18 00:36:00 | INFO | Epoch 1 | Batch 670/2500 | Loss: 10.9003 | Avg Loss: 10.9647 | LR: 2.14e-04
2025-11-18 00:36:00 | INFO | Epoch 1 | Batch 680/2500 | Loss: 10.9083 | Avg Loss: 10.9639 | LR: 2.14e-04
2025-11-18 00:36:01 | INFO | Epoch 1 | Batch 690/2500 | Loss: 10.9031 | Avg Loss: 10.9631 | LR: 2.14e-04
2025-11-18 00:36:01 | INFO | Epoch 1 | Batch 700/2500 | Loss: 10.9258 | Avg Loss: 10.9623 | LR: 2.14e-04
2025-11-18 00:36:01 | INFO | Epoch 1 | Batch 710/2500 | Loss: 10.9389 | Avg Loss: 10.9615 | LR: 2.14e-04
2025-11-18 00:36:02 | INFO | Epoch 1 | Batch 720/2500 | Loss: 10.8964 | Avg Loss: 10.9607 | LR: 2.16e-04
2025-11-18 00:36:02 | INFO | Epoch 1 | Batch 730/2500 | Loss: 10.9176 | Avg Loss: 10.9601 | LR: 2.16e-04
2025-11-18 00:36:03 | INFO | Epoch 1 | Batch 740/2500 | Loss: 10.9161 | Avg Loss: 10.9592 | LR: 2.16e-04
2025-11-18 00:36:03 | INFO | Epoch 1 | Batch 750/2500 | Loss: 10.9122 | Avg Loss: 10.9585 | LR: 2.16e-04
2025-11-18 00:36:03 | INFO | Epoch 1 | Batch 760/2500 | Loss: 10.9034 | Avg Loss: 10.9579 | LR: 2.16e-04
2025-11-18 00:36:04 | INFO | Epoch 1 | Batch 770/2500 | Loss: 10.8985 | Avg Loss: 10.9571 | LR: 2.16e-04
2025-11-18 00:36:04 | INFO | Epoch 1 | Batch 780/2500 | Loss: 10.9169 | Avg Loss: 10.9564 | LR: 2.16e-04
2025-11-18 00:36:05 | INFO | Epoch 1 | Batch 790/2500 | Loss: 10.8898 | Avg Loss: 10.9558 | LR: 2.16e-04
2025-11-18 00:36:05 | INFO | Epoch 1 | Batch 800/2500 | Loss: 10.9090 | Avg Loss: 10.9552 | LR: 2.18e-04
2025-11-18 00:36:05 | INFO | Epoch 1 | Batch 810/2500 | Loss: 10.9191 | Avg Loss: 10.9545 | LR: 2.18e-04
2025-11-18 00:36:06 | INFO | Epoch 1 | Batch 820/2500 | Loss: 10.9067 | Avg Loss: 10.9539 | LR: 2.18e-04
2025-11-18 00:36:06 | INFO | Epoch 1 | Batch 830/2500 | Loss: 10.8860 | Avg Loss: 10.9532 | LR: 2.18e-04
2025-11-18 00:36:07 | INFO | Epoch 1 | Batch 840/2500 | Loss: 10.9098 | Avg Loss: 10.9527 | LR: 2.18e-04
2025-11-18 00:36:07 | INFO | Epoch 1 | Batch 850/2500 | Loss: 10.9113 | Avg Loss: 10.9521 | LR: 2.18e-04
2025-11-18 00:36:08 | INFO | Epoch 1 | Batch 860/2500 | Loss: 10.8937 | Avg Loss: 10.9515 | LR: 2.18e-04
2025-11-18 00:36:08 | INFO | Epoch 1 | Batch 870/2500 | Loss: 10.8857 | Avg Loss: 10.9509 | LR: 2.18e-04
2025-11-18 00:36:08 | INFO | Epoch 1 | Batch 880/2500 | Loss: 10.8828 | Avg Loss: 10.9503 | LR: 2.20e-04
2025-11-18 00:36:09 | INFO | Epoch 1 | Batch 890/2500 | Loss: 10.9017 | Avg Loss: 10.9497 | LR: 2.20e-04
2025-11-18 00:36:09 | INFO | Epoch 1 | Batch 900/2500 | Loss: 10.8990 | Avg Loss: 10.9492 | LR: 2.20e-04
2025-11-18 00:36:10 | INFO | Epoch 1 | Batch 910/2500 | Loss: 10.8942 | Avg Loss: 10.9486 | LR: 2.20e-04
2025-11-18 00:36:10 | INFO | Epoch 1 | Batch 920/2500 | Loss: 10.8993 | Avg Loss: 10.9481 | LR: 2.20e-04
2025-11-18 00:36:10 | INFO | Epoch 1 | Batch 930/2500 | Loss: 10.9052 | Avg Loss: 10.9475 | LR: 2.20e-04
2025-11-18 00:36:11 | INFO | Epoch 1 | Batch 940/2500 | Loss: 10.9234 | Avg Loss: 10.9470 | LR: 2.20e-04
2025-11-18 00:36:11 | INFO | Epoch 1 | Batch 950/2500 | Loss: 10.8912 | Avg Loss: 10.9465 | LR: 2.20e-04
2025-11-18 00:36:12 | INFO | Epoch 1 | Batch 960/2500 | Loss: 10.9061 | Avg Loss: 10.9460 | LR: 2.22e-04
2025-11-18 00:36:12 | INFO | Epoch 1 | Batch 970/2500 | Loss: 10.8971 | Avg Loss: 10.9455 | LR: 2.22e-04
2025-11-18 00:36:12 | INFO | Epoch 1 | Batch 980/2500 | Loss: 10.9285 | Avg Loss: 10.9451 | LR: 2.22e-04
2025-11-18 00:36:13 | INFO | Epoch 1 | Batch 990/2500 | Loss: 10.8843 | Avg Loss: 10.9446 | LR: 2.22e-04
2025-11-18 00:36:13 | INFO | Epoch 1 | Batch 1000/2500 | Loss: 10.8577 | Avg Loss: 10.9442 | LR: 2.22e-04
2025-11-18 00:36:14 | INFO | Epoch 1 | Batch 1010/2500 | Loss: 10.9036 | Avg Loss: 10.9437 | LR: 2.22e-04
2025-11-18 00:36:14 | INFO | Epoch 1 | Batch 1020/2500 | Loss: 10.8894 | Avg Loss: 10.9433 | LR: 2.22e-04
2025-11-18 00:36:15 | INFO | Epoch 1 | Batch 1030/2500 | Loss: 10.8953 | Avg Loss: 10.9428 | LR: 2.22e-04
2025-11-18 00:36:15 | INFO | Epoch 1 | Batch 1040/2500 | Loss: 10.9026 | Avg Loss: 10.9424 | LR: 2.23e-04
2025-11-18 00:36:15 | INFO | Epoch 1 | Batch 1050/2500 | Loss: 10.9073 | Avg Loss: 10.9420 | LR: 2.23e-04
2025-11-18 00:36:16 | INFO | Epoch 1 | Batch 1060/2500 | Loss: 10.8806 | Avg Loss: 10.9417 | LR: 2.23e-04
2025-11-18 00:36:16 | INFO | Epoch 1 | Batch 1070/2500 | Loss: 10.8969 | Avg Loss: 10.9412 | LR: 2.23e-04
2025-11-18 00:36:17 | INFO | Epoch 1 | Batch 1080/2500 | Loss: 10.8939 | Avg Loss: 10.9408 | LR: 2.23e-04
2025-11-18 00:36:17 | INFO | Epoch 1 | Batch 1090/2500 | Loss: 10.8834 | Avg Loss: 10.9405 | LR: 2.23e-04
2025-11-18 00:36:17 | INFO | Epoch 1 | Batch 1100/2500 | Loss: 10.9016 | Avg Loss: 10.9402 | LR: 2.23e-04
2025-11-18 00:36:18 | INFO | Epoch 1 | Batch 1110/2500 | Loss: 10.8908 | Avg Loss: 10.9399 | LR: 2.23e-04
2025-11-18 00:36:18 | INFO | Epoch 1 | Batch 1120/2500 | Loss: 10.9137 | Avg Loss: 10.9395 | LR: 2.25e-04
2025-11-18 00:36:19 | INFO | Epoch 1 | Batch 1130/2500 | Loss: 10.9049 | Avg Loss: 10.9391 | LR: 2.25e-04
2025-11-18 00:36:19 | INFO | Epoch 1 | Batch 1140/2500 | Loss: 10.9054 | Avg Loss: 10.9389 | LR: 2.25e-04
2025-11-18 00:36:19 | INFO | Epoch 1 | Batch 1150/2500 | Loss: 10.8984 | Avg Loss: 10.9385 | LR: 2.25e-04
2025-11-18 00:36:20 | INFO | Epoch 1 | Batch 1160/2500 | Loss: 10.9166 | Avg Loss: 10.9382 | LR: 2.25e-04
2025-11-18 00:36:20 | INFO | Epoch 1 | Batch 1170/2500 | Loss: 10.8918 | Avg Loss: 10.9379 | LR: 2.25e-04
2025-11-18 00:36:21 | INFO | Epoch 1 | Batch 1180/2500 | Loss: 10.8946 | Avg Loss: 10.9377 | LR: 2.25e-04
2025-11-18 00:36:21 | INFO | Epoch 1 | Batch 1190/2500 | Loss: 10.8928 | Avg Loss: 10.9374 | LR: 2.25e-04
2025-11-18 00:36:22 | INFO | Epoch 1 | Batch 1200/2500 | Loss: 10.9120 | Avg Loss: 10.9371 | LR: 2.27e-04
2025-11-18 00:36:22 | INFO | Epoch 1 | Batch 1210/2500 | Loss: 10.8891 | Avg Loss: 10.9368 | LR: 2.27e-04
2025-11-18 00:36:22 | INFO | Epoch 1 | Batch 1220/2500 | Loss: 10.8878 | Avg Loss: 10.9364 | LR: 2.27e-04
2025-11-18 00:36:23 | INFO | Epoch 1 | Batch 1230/2500 | Loss: 10.9037 | Avg Loss: 10.9362 | LR: 2.27e-04
2025-11-18 00:36:23 | INFO | Epoch 1 | Batch 1240/2500 | Loss: 10.9260 | Avg Loss: 10.9360 | LR: 2.27e-04
2025-11-18 00:36:24 | INFO | Epoch 1 | Batch 1250/2500 | Loss: 10.9071 | Avg Loss: 10.9357 | LR: 2.27e-04
2025-11-18 00:36:24 | INFO | Epoch 1 | Batch 1260/2500 | Loss: 10.8941 | Avg Loss: 10.9354 | LR: 2.27e-04
2025-11-18 00:36:24 | INFO | Epoch 1 | Batch 1270/2500 | Loss: 10.8961 | Avg Loss: 10.9351 | LR: 2.27e-04
2025-11-18 00:36:25 | INFO | Epoch 1 | Batch 1280/2500 | Loss: 10.8984 | Avg Loss: 10.9349 | LR: 2.29e-04
2025-11-18 00:36:25 | INFO | Epoch 1 | Batch 1290/2500 | Loss: 10.8972 | Avg Loss: 10.9346 | LR: 2.29e-04
2025-11-18 00:36:26 | INFO | Epoch 1 | Batch 1300/2500 | Loss: 10.9146 | Avg Loss: 10.9344 | LR: 2.29e-04
2025-11-18 00:36:26 | INFO | Epoch 1 | Batch 1310/2500 | Loss: 10.8962 | Avg Loss: 10.9341 | LR: 2.29e-04
2025-11-18 00:36:26 | INFO | Epoch 1 | Batch 1320/2500 | Loss: 10.9031 | Avg Loss: 10.9338 | LR: 2.29e-04
2025-11-18 00:36:27 | INFO | Epoch 1 | Batch 1330/2500 | Loss: 10.8887 | Avg Loss: 10.9336 | LR: 2.29e-04
2025-11-18 00:36:27 | INFO | Epoch 1 | Batch 1340/2500 | Loss: 10.8943 | Avg Loss: 10.9333 | LR: 2.29e-04
2025-11-18 00:36:28 | INFO | Epoch 1 | Batch 1350/2500 | Loss: 10.9109 | Avg Loss: 10.9331 | LR: 2.29e-04
2025-11-18 00:36:28 | INFO | Epoch 1 | Batch 1360/2500 | Loss: 10.8791 | Avg Loss: 10.9329 | LR: 2.31e-04
2025-11-18 00:36:29 | INFO | Epoch 1 | Batch 1370/2500 | Loss: 10.9078 | Avg Loss: 10.9326 | LR: 2.31e-04
2025-11-18 00:36:29 | INFO | Epoch 1 | Batch 1380/2500 | Loss: 10.9003 | Avg Loss: 10.9323 | LR: 2.31e-04
2025-11-18 00:36:29 | INFO | Epoch 1 | Batch 1390/2500 | Loss: 10.8970 | Avg Loss: 10.9321 | LR: 2.31e-04
2025-11-18 00:36:30 | INFO | Epoch 1 | Batch 1400/2500 | Loss: 10.8956 | Avg Loss: 10.9319 | LR: 2.31e-04
2025-11-18 00:36:30 | INFO | Epoch 1 | Batch 1410/2500 | Loss: 10.9189 | Avg Loss: 10.9317 | LR: 2.31e-04
2025-11-18 00:36:31 | INFO | Epoch 1 | Batch 1420/2500 | Loss: 10.9039 | Avg Loss: 10.9315 | LR: 2.31e-04
2025-11-18 00:36:31 | INFO | Epoch 1 | Batch 1430/2500 | Loss: 10.8920 | Avg Loss: 10.9313 | LR: 2.31e-04
2025-11-18 00:36:31 | INFO | Epoch 1 | Batch 1440/2500 | Loss: 10.8957 | Avg Loss: 10.9310 | LR: 2.32e-04
2025-11-18 00:36:32 | INFO | Epoch 1 | Batch 1450/2500 | Loss: 10.9019 | Avg Loss: 10.9308 | LR: 2.32e-04
2025-11-18 00:36:32 | INFO | Epoch 1 | Batch 1460/2500 | Loss: 10.8976 | Avg Loss: 10.9306 | LR: 2.32e-04
2025-11-18 00:36:33 | INFO | Epoch 1 | Batch 1470/2500 | Loss: 10.8968 | Avg Loss: 10.9304 | LR: 2.32e-04
2025-11-18 00:36:33 | INFO | Epoch 1 | Batch 1480/2500 | Loss: 10.8889 | Avg Loss: 10.9301 | LR: 2.32e-04
2025-11-18 00:36:34 | INFO | Epoch 1 | Batch 1490/2500 | Loss: 10.8911 | Avg Loss: 10.9299 | LR: 2.32e-04
2025-11-18 00:36:34 | INFO | Epoch 1 | Batch 1500/2500 | Loss: 10.9138 | Avg Loss: 10.9297 | LR: 2.32e-04
2025-11-18 00:36:34 | INFO | Epoch 1 | Batch 1510/2500 | Loss: 10.9055 | Avg Loss: 10.9295 | LR: 2.32e-04
2025-11-18 00:36:35 | INFO | Epoch 1 | Batch 1520/2500 | Loss: 10.9132 | Avg Loss: 10.9293 | LR: 2.34e-04
2025-11-18 00:36:35 | INFO | Epoch 1 | Batch 1530/2500 | Loss: 10.8765 | Avg Loss: 10.9291 | LR: 2.34e-04
2025-11-18 00:36:36 | INFO | Epoch 1 | Batch 1540/2500 | Loss: 10.8979 | Avg Loss: 10.9289 | LR: 2.34e-04
2025-11-18 00:36:36 | INFO | Epoch 1 | Batch 1550/2500 | Loss: 10.8831 | Avg Loss: 10.9286 | LR: 2.34e-04
2025-11-18 00:36:36 | INFO | Epoch 1 | Batch 1560/2500 | Loss: 10.9099 | Avg Loss: 10.9284 | LR: 2.34e-04
2025-11-18 00:36:37 | INFO | Epoch 1 | Batch 1570/2500 | Loss: 10.8991 | Avg Loss: 10.9282 | LR: 2.34e-04
2025-11-18 00:36:37 | INFO | Epoch 1 | Batch 1580/2500 | Loss: 10.8976 | Avg Loss: 10.9280 | LR: 2.34e-04
2025-11-18 00:36:38 | INFO | Epoch 1 | Batch 1590/2500 | Loss: 10.8852 | Avg Loss: 10.9278 | LR: 2.34e-04
2025-11-18 00:36:38 | INFO | Epoch 1 | Batch 1600/2500 | Loss: 10.8954 | Avg Loss: 10.9277 | LR: 2.36e-04
2025-11-18 00:36:38 | INFO | Epoch 1 | Batch 1610/2500 | Loss: 10.9110 | Avg Loss: 10.9274 | LR: 2.36e-04
2025-11-18 00:36:39 | INFO | Epoch 1 | Batch 1620/2500 | Loss: 10.8843 | Avg Loss: 10.9273 | LR: 2.36e-04
2025-11-18 00:36:39 | INFO | Epoch 1 | Batch 1630/2500 | Loss: 10.8860 | Avg Loss: 10.9271 | LR: 2.36e-04
2025-11-18 00:36:40 | INFO | Epoch 1 | Batch 1640/2500 | Loss: 10.8913 | Avg Loss: 10.9269 | LR: 2.36e-04
2025-11-18 00:36:40 | INFO | Epoch 1 | Batch 1650/2500 | Loss: 10.9016 | Avg Loss: 10.9267 | LR: 2.36e-04
2025-11-18 00:36:41 | INFO | Epoch 1 | Batch 1660/2500 | Loss: 10.8965 | Avg Loss: 10.9265 | LR: 2.36e-04
2025-11-18 00:36:41 | INFO | Epoch 1 | Batch 1670/2500 | Loss: 10.9023 | Avg Loss: 10.9263 | LR: 2.36e-04
2025-11-18 00:36:41 | INFO | Epoch 1 | Batch 1680/2500 | Loss: 10.8973 | Avg Loss: 10.9261 | LR: 2.38e-04
2025-11-18 00:36:42 | INFO | Epoch 1 | Batch 1690/2500 | Loss: 10.9100 | Avg Loss: 10.9259 | LR: 2.38e-04
2025-11-18 00:36:42 | INFO | Epoch 1 | Batch 1700/2500 | Loss: 10.9019 | Avg Loss: 10.9258 | LR: 2.38e-04
2025-11-18 00:36:43 | INFO | Epoch 1 | Batch 1710/2500 | Loss: 10.9054 | Avg Loss: 10.9256 | LR: 2.38e-04
2025-11-18 00:36:43 | INFO | Epoch 1 | Batch 1720/2500 | Loss: 10.8999 | Avg Loss: 10.9254 | LR: 2.38e-04
2025-11-18 00:36:43 | INFO | Epoch 1 | Batch 1730/2500 | Loss: 10.9137 | Avg Loss: 10.9252 | LR: 2.38e-04
2025-11-18 00:36:44 | INFO | Epoch 1 | Batch 1740/2500 | Loss: 10.8757 | Avg Loss: 10.9250 | LR: 2.38e-04
2025-11-18 00:36:44 | INFO | Epoch 1 | Batch 1750/2500 | Loss: 10.8914 | Avg Loss: 10.9248 | LR: 2.38e-04
2025-11-18 00:36:45 | INFO | Epoch 1 | Batch 1760/2500 | Loss: 10.8901 | Avg Loss: 10.9246 | LR: 2.40e-04
2025-11-18 00:36:45 | INFO | Epoch 1 | Batch 1770/2500 | Loss: 10.8668 | Avg Loss: 10.9244 | LR: 2.40e-04
2025-11-18 00:36:45 | INFO | Epoch 1 | Batch 1780/2500 | Loss: 10.8890 | Avg Loss: 10.9243 | LR: 2.40e-04
2025-11-18 00:36:46 | INFO | Epoch 1 | Batch 1790/2500 | Loss: 10.8931 | Avg Loss: 10.9240 | LR: 2.40e-04
2025-11-18 00:36:46 | INFO | Epoch 1 | Batch 1800/2500 | Loss: 10.8908 | Avg Loss: 10.9239 | LR: 2.40e-04
2025-11-18 00:36:47 | INFO | Epoch 1 | Batch 1810/2500 | Loss: 10.8793 | Avg Loss: 10.9237 | LR: 2.40e-04
2025-11-18 00:36:47 | INFO | Epoch 1 | Batch 1820/2500 | Loss: 10.8969 | Avg Loss: 10.9235 | LR: 2.40e-04
2025-11-18 00:36:48 | INFO | Epoch 1 | Batch 1830/2500 | Loss: 10.8779 | Avg Loss: 10.9233 | LR: 2.40e-04
2025-11-18 00:36:48 | INFO | Epoch 1 | Batch 1840/2500 | Loss: 10.9084 | Avg Loss: 10.9232 | LR: 2.41e-04
2025-11-18 00:36:48 | INFO | Epoch 1 | Batch 1850/2500 | Loss: 10.8959 | Avg Loss: 10.9230 | LR: 2.41e-04
2025-11-18 00:36:49 | INFO | Epoch 1 | Batch 1860/2500 | Loss: 10.8895 | Avg Loss: 10.9228 | LR: 2.41e-04
2025-11-18 00:36:49 | INFO | Epoch 1 | Batch 1870/2500 | Loss: 10.8831 | Avg Loss: 10.9227 | LR: 2.41e-04
2025-11-18 00:36:50 | INFO | Epoch 1 | Batch 1880/2500 | Loss: 10.9099 | Avg Loss: 10.9225 | LR: 2.41e-04
2025-11-18 00:36:50 | INFO | Epoch 1 | Batch 1890/2500 | Loss: 10.8967 | Avg Loss: 10.9224 | LR: 2.41e-04
2025-11-18 00:36:50 | INFO | Epoch 1 | Batch 1900/2500 | Loss: 10.8760 | Avg Loss: 10.9222 | LR: 2.41e-04
2025-11-18 00:36:51 | INFO | Epoch 1 | Batch 1910/2500 | Loss: 10.8692 | Avg Loss: 10.9220 | LR: 2.41e-04
2025-11-18 00:36:51 | INFO | Epoch 1 | Batch 1920/2500 | Loss: 10.9072 | Avg Loss: 10.9219 | LR: 2.43e-04
2025-11-18 00:36:52 | INFO | Epoch 1 | Batch 1930/2500 | Loss: 10.8871 | Avg Loss: 10.9217 | LR: 2.43e-04
2025-11-18 00:36:52 | INFO | Epoch 1 | Batch 1940/2500 | Loss: 10.8797 | Avg Loss: 10.9215 | LR: 2.43e-04
2025-11-18 00:36:53 | INFO | Epoch 1 | Batch 1950/2500 | Loss: 10.8722 | Avg Loss: 10.9213 | LR: 2.43e-04
2025-11-18 00:36:53 | INFO | Epoch 1 | Batch 1960/2500 | Loss: 10.9059 | Avg Loss: 10.9212 | LR: 2.43e-04
2025-11-18 00:36:53 | INFO | Epoch 1 | Batch 1970/2500 | Loss: 10.8864 | Avg Loss: 10.9211 | LR: 2.43e-04
2025-11-18 00:36:54 | INFO | Epoch 1 | Batch 1980/2500 | Loss: 10.8776 | Avg Loss: 10.9209 | LR: 2.43e-04
2025-11-18 00:36:54 | INFO | Epoch 1 | Batch 1990/2500 | Loss: 10.8853 | Avg Loss: 10.9208 | LR: 2.43e-04
2025-11-18 00:36:55 | INFO | Epoch 1 | Batch 2000/2500 | Loss: 10.8878 | Avg Loss: 10.9206 | LR: 2.45e-04
2025-11-18 00:36:55 | INFO | Epoch 1 | Batch 2010/2500 | Loss: 10.8768 | Avg Loss: 10.9204 | LR: 2.45e-04
2025-11-18 00:36:55 | INFO | Epoch 1 | Batch 2020/2500 | Loss: 10.9006 | Avg Loss: 10.9203 | LR: 2.45e-04
2025-11-18 00:36:56 | INFO | Epoch 1 | Batch 2030/2500 | Loss: 10.8891 | Avg Loss: 10.9201 | LR: 2.45e-04
2025-11-18 00:36:56 | INFO | Epoch 1 | Batch 2040/2500 | Loss: 10.8768 | Avg Loss: 10.9199 | LR: 2.45e-04
2025-11-18 00:36:57 | INFO | Epoch 1 | Batch 2050/2500 | Loss: 10.8986 | Avg Loss: 10.9198 | LR: 2.45e-04
2025-11-18 00:36:57 | INFO | Epoch 1 | Batch 2060/2500 | Loss: 10.8926 | Avg Loss: 10.9196 | LR: 2.45e-04
2025-11-18 00:36:57 | INFO | Epoch 1 | Batch 2070/2500 | Loss: 10.8807 | Avg Loss: 10.9195 | LR: 2.45e-04
2025-11-18 00:36:58 | INFO | Epoch 1 | Batch 2080/2500 | Loss: 10.8946 | Avg Loss: 10.9193 | LR: 2.47e-04
2025-11-18 00:36:58 | INFO | Epoch 1 | Batch 2090/2500 | Loss: 10.8806 | Avg Loss: 10.9191 | LR: 2.47e-04
2025-11-18 00:36:59 | INFO | Epoch 1 | Batch 2100/2500 | Loss: 10.8778 | Avg Loss: 10.9190 | LR: 2.47e-04
2025-11-18 00:36:59 | INFO | Epoch 1 | Batch 2110/2500 | Loss: 10.8902 | Avg Loss: 10.9188 | LR: 2.47e-04
2025-11-18 00:37:00 | INFO | Epoch 1 | Batch 2120/2500 | Loss: 10.8777 | Avg Loss: 10.9187 | LR: 2.47e-04
2025-11-18 00:37:00 | INFO | Epoch 1 | Batch 2130/2500 | Loss: 10.9045 | Avg Loss: 10.9185 | LR: 2.47e-04
2025-11-18 00:37:00 | INFO | Epoch 1 | Batch 2140/2500 | Loss: 10.9052 | Avg Loss: 10.9184 | LR: 2.47e-04
2025-11-18 00:37:01 | INFO | Epoch 1 | Batch 2150/2500 | Loss: 10.8969 | Avg Loss: 10.9183 | LR: 2.47e-04
2025-11-18 00:37:01 | INFO | Epoch 1 | Batch 2160/2500 | Loss: 10.8803 | Avg Loss: 10.9181 | LR: 2.49e-04
2025-11-18 00:37:02 | INFO | Epoch 1 | Batch 2170/2500 | Loss: 10.9022 | Avg Loss: 10.9180 | LR: 2.49e-04
2025-11-18 00:37:02 | INFO | Epoch 1 | Batch 2180/2500 | Loss: 10.8946 | Avg Loss: 10.9178 | LR: 2.49e-04
2025-11-18 00:37:02 | INFO | Epoch 1 | Batch 2190/2500 | Loss: 10.8800 | Avg Loss: 10.9177 | LR: 2.49e-04
2025-11-18 00:37:03 | INFO | Epoch 1 | Batch 2200/2500 | Loss: 10.8748 | Avg Loss: 10.9175 | LR: 2.49e-04
2025-11-18 00:37:03 | INFO | Epoch 1 | Batch 2210/2500 | Loss: 10.8875 | Avg Loss: 10.9174 | LR: 2.49e-04
2025-11-18 00:37:04 | INFO | Epoch 1 | Batch 2220/2500 | Loss: 10.8861 | Avg Loss: 10.9173 | LR: 2.49e-04
2025-11-18 00:37:04 | INFO | Epoch 1 | Batch 2230/2500 | Loss: 10.8942 | Avg Loss: 10.9171 | LR: 2.49e-04
2025-11-18 00:37:04 | INFO | Epoch 1 | Batch 2240/2500 | Loss: 10.8644 | Avg Loss: 10.9170 | LR: 2.50e-04
2025-11-18 00:37:05 | INFO | Epoch 1 | Batch 2250/2500 | Loss: 10.9036 | Avg Loss: 10.9169 | LR: 2.50e-04
2025-11-18 00:37:05 | INFO | Epoch 1 | Batch 2260/2500 | Loss: 10.8990 | Avg Loss: 10.9167 | LR: 2.50e-04
2025-11-18 00:37:06 | INFO | Epoch 1 | Batch 2270/2500 | Loss: 10.8952 | Avg Loss: 10.9166 | LR: 2.50e-04
2025-11-18 00:37:06 | INFO | Epoch 1 | Batch 2280/2500 | Loss: 10.8700 | Avg Loss: 10.9164 | LR: 2.50e-04
2025-11-18 00:37:07 | INFO | Epoch 1 | Batch 2290/2500 | Loss: 10.8906 | Avg Loss: 10.9163 | LR: 2.50e-04
2025-11-18 00:37:07 | INFO | Epoch 1 | Batch 2300/2500 | Loss: 10.8886 | Avg Loss: 10.9162 | LR: 2.50e-04
2025-11-18 00:37:07 | INFO | Epoch 1 | Batch 2310/2500 | Loss: 10.8824 | Avg Loss: 10.9161 | LR: 2.50e-04
2025-11-18 00:37:08 | INFO | Epoch 1 | Batch 2320/2500 | Loss: 10.8809 | Avg Loss: 10.9159 | LR: 2.52e-04
2025-11-18 00:37:08 | INFO | Epoch 1 | Batch 2330/2500 | Loss: 10.8928 | Avg Loss: 10.9158 | LR: 2.52e-04
2025-11-18 00:37:09 | INFO | Epoch 1 | Batch 2340/2500 | Loss: 10.8884 | Avg Loss: 10.9156 | LR: 2.52e-04
2025-11-18 00:37:09 | INFO | Epoch 1 | Batch 2350/2500 | Loss: 10.8842 | Avg Loss: 10.9155 | LR: 2.52e-04
2025-11-18 00:37:09 | INFO | Epoch 1 | Batch 2360/2500 | Loss: 10.8828 | Avg Loss: 10.9154 | LR: 2.52e-04
2025-11-18 00:37:10 | INFO | Epoch 1 | Batch 2370/2500 | Loss: 10.8848 | Avg Loss: 10.9153 | LR: 2.52e-04
2025-11-18 00:37:10 | INFO | Epoch 1 | Batch 2380/2500 | Loss: 10.9033 | Avg Loss: 10.9151 | LR: 2.52e-04
2025-11-18 00:37:11 | INFO | Epoch 1 | Batch 2390/2500 | Loss: 10.8929 | Avg Loss: 10.9150 | LR: 2.52e-04
2025-11-18 00:37:11 | INFO | Epoch 1 | Batch 2400/2500 | Loss: 10.8745 | Avg Loss: 10.9149 | LR: 2.54e-04
2025-11-18 00:37:11 | INFO | Epoch 1 | Batch 2410/2500 | Loss: 10.8618 | Avg Loss: 10.9148 | LR: 2.54e-04
2025-11-18 00:37:12 | INFO | Epoch 1 | Batch 2420/2500 | Loss: 10.8871 | Avg Loss: 10.9146 | LR: 2.54e-04
2025-11-18 00:37:12 | INFO | Epoch 1 | Batch 2430/2500 | Loss: 10.8849 | Avg Loss: 10.9145 | LR: 2.54e-04
2025-11-18 00:37:13 | INFO | Epoch 1 | Batch 2440/2500 | Loss: 10.8865 | Avg Loss: 10.9144 | LR: 2.54e-04
2025-11-18 00:37:13 | INFO | Epoch 1 | Batch 2450/2500 | Loss: 10.8830 | Avg Loss: 10.9142 | LR: 2.54e-04
2025-11-18 00:37:14 | INFO | Epoch 1 | Batch 2460/2500 | Loss: 10.8700 | Avg Loss: 10.9141 | LR: 2.54e-04
2025-11-18 00:37:14 | INFO | Epoch 1 | Batch 2470/2500 | Loss: 10.8916 | Avg Loss: 10.9140 | LR: 2.54e-04
2025-11-18 00:37:14 | INFO | Epoch 1 | Batch 2480/2500 | Loss: 10.8658 | Avg Loss: 10.9139 | LR: 2.56e-04
2025-11-18 00:37:15 | INFO | Epoch 1 | Batch 2490/2500 | Loss: 10.8972 | Avg Loss: 10.9138 | LR: 2.56e-04
2025-11-18 00:37:15 | INFO | ✅ Epoch 1 - Train Loss: 10.9137
2025-11-18 00:37:31 | INFO | 📈 Validation Loss: 10.8816
2025-11-18 00:37:36 | INFO | 💾 Saved checkpoint (val_loss: 10.8816)
2025-11-18 00:37:36 | INFO | Epoch 2 | Batch 0/2500 | Loss: 10.9047 | Avg Loss: 10.9047 | LR: 2.56e-04
2025-11-18 00:37:36 | INFO | Epoch 2 | Batch 10/2500 | Loss: 10.8852 | Avg Loss: 10.8901 | LR: 2.56e-04
2025-11-18 00:37:37 | INFO | Epoch 2 | Batch 20/2500 | Loss: 10.8829 | Avg Loss: 10.8878 | LR: 2.56e-04
2025-11-18 00:37:37 | INFO | Epoch 2 | Batch 30/2500 | Loss: 10.8629 | Avg Loss: 10.8856 | LR: 2.56e-04
2025-11-18 00:37:37 | INFO | Epoch 2 | Batch 40/2500 | Loss: 10.8890 | Avg Loss: 10.8852 | LR: 2.56e-04
2025-11-18 00:37:38 | INFO | Epoch 2 | Batch 50/2500 | Loss: 10.8820 | Avg Loss: 10.8860 | LR: 2.56e-04
2025-11-18 00:37:38 | INFO | Epoch 2 | Batch 60/2500 | Loss: 10.8779 | Avg Loss: 10.8854 | LR: 2.56e-04
2025-11-18 00:37:39 | INFO | Epoch 2 | Batch 70/2500 | Loss: 10.8729 | Avg Loss: 10.8853 | LR: 2.56e-04
2025-11-18 00:37:39 | INFO | Epoch 2 | Batch 80/2500 | Loss: 10.8794 | Avg Loss: 10.8855 | LR: 2.58e-04
2025-11-18 00:37:40 | INFO | Epoch 2 | Batch 90/2500 | Loss: 10.8855 | Avg Loss: 10.8858 | LR: 2.58e-04
2025-11-18 00:37:40 | INFO | Epoch 2 | Batch 100/2500 | Loss: 10.9059 | Avg Loss: 10.8860 | LR: 2.58e-04
2025-11-18 00:37:40 | INFO | Epoch 2 | Batch 110/2500 | Loss: 10.9007 | Avg Loss: 10.8862 | LR: 2.58e-04
2025-11-18 00:37:41 | INFO | Epoch 2 | Batch 120/2500 | Loss: 10.8874 | Avg Loss: 10.8860 | LR: 2.58e-04
2025-11-18 00:37:41 | INFO | Epoch 2 | Batch 130/2500 | Loss: 10.8804 | Avg Loss: 10.8862 | LR: 2.58e-04
2025-11-18 00:37:42 | INFO | Epoch 2 | Batch 140/2500 | Loss: 10.8857 | Avg Loss: 10.8864 | LR: 2.58e-04
2025-11-18 00:37:42 | INFO | Epoch 2 | Batch 150/2500 | Loss: 10.8875 | Avg Loss: 10.8864 | LR: 2.58e-04
2025-11-18 00:37:42 | INFO | Epoch 2 | Batch 160/2500 | Loss: 10.8897 | Avg Loss: 10.8862 | LR: 2.59e-04
2025-11-18 00:37:43 | INFO | Epoch 2 | Batch 170/2500 | Loss: 10.8892 | Avg Loss: 10.8863 | LR: 2.59e-04
2025-11-18 00:37:43 | INFO | Epoch 2 | Batch 180/2500 | Loss: 10.8944 | Avg Loss: 10.8866 | LR: 2.59e-04
2025-11-18 00:37:44 | INFO | Epoch 2 | Batch 190/2500 | Loss: 10.8715 | Avg Loss: 10.8865 | LR: 2.59e-04
2025-11-18 00:37:44 | INFO | Epoch 2 | Batch 200/2500 | Loss: 10.8803 | Avg Loss: 10.8862 | LR: 2.59e-04
2025-11-18 00:37:44 | INFO | Epoch 2 | Batch 210/2500 | Loss: 10.8868 | Avg Loss: 10.8860 | LR: 2.59e-04
2025-11-18 00:37:45 | INFO | Epoch 2 | Batch 220/2500 | Loss: 10.8809 | Avg Loss: 10.8861 | LR: 2.59e-04
2025-11-18 00:37:45 | INFO | Epoch 2 | Batch 230/2500 | Loss: 10.8749 | Avg Loss: 10.8860 | LR: 2.59e-04
2025-11-18 00:37:46 | INFO | Epoch 2 | Batch 240/2500 | Loss: 10.8942 | Avg Loss: 10.8858 | LR: 2.61e-04
2025-11-18 00:37:46 | INFO | Epoch 2 | Batch 250/2500 | Loss: 10.8874 | Avg Loss: 10.8857 | LR: 2.61e-04
2025-11-18 00:37:47 | INFO | Epoch 2 | Batch 260/2500 | Loss: 10.8770 | Avg Loss: 10.8856 | LR: 2.61e-04
2025-11-18 00:37:47 | INFO | Epoch 2 | Batch 270/2500 | Loss: 10.8932 | Avg Loss: 10.8856 | LR: 2.61e-04
2025-11-18 00:37:47 | INFO | Epoch 2 | Batch 280/2500 | Loss: 10.8759 | Avg Loss: 10.8853 | LR: 2.61e-04
2025-11-18 00:37:48 | INFO | Epoch 2 | Batch 290/2500 | Loss: 10.9108 | Avg Loss: 10.8852 | LR: 2.61e-04
2025-11-18 00:37:48 | INFO | Epoch 2 | Batch 300/2500 | Loss: 10.8785 | Avg Loss: 10.8851 | LR: 2.61e-04
2025-11-18 00:37:49 | INFO | Epoch 2 | Batch 310/2500 | Loss: 10.8817 | Avg Loss: 10.8850 | LR: 2.61e-04
2025-11-18 00:37:49 | INFO | Epoch 2 | Batch 320/2500 | Loss: 10.8807 | Avg Loss: 10.8849 | LR: 2.63e-04
2025-11-18 00:37:49 | INFO | Epoch 2 | Batch 330/2500 | Loss: 10.8852 | Avg Loss: 10.8849 | LR: 2.63e-04
2025-11-18 00:37:50 | INFO | Epoch 2 | Batch 340/2500 | Loss: 10.8633 | Avg Loss: 10.8850 | LR: 2.63e-04
2025-11-18 00:37:50 | INFO | Epoch 2 | Batch 350/2500 | Loss: 10.8742 | Avg Loss: 10.8849 | LR: 2.63e-04
2025-11-18 00:37:51 | INFO | Epoch 2 | Batch 360/2500 | Loss: 10.8865 | Avg Loss: 10.8848 | LR: 2.63e-04
2025-11-18 00:37:51 | INFO | Epoch 2 | Batch 370/2500 | Loss: 10.8867 | Avg Loss: 10.8849 | LR: 2.63e-04
2025-11-18 00:37:51 | INFO | Epoch 2 | Batch 380/2500 | Loss: 10.8776 | Avg Loss: 10.8848 | LR: 2.63e-04
2025-11-18 00:37:52 | INFO | Epoch 2 | Batch 390/2500 | Loss: 10.8766 | Avg Loss: 10.8848 | LR: 2.63e-04
2025-11-18 00:37:52 | INFO | Epoch 2 | Batch 400/2500 | Loss: 10.8857 | Avg Loss: 10.8848 | LR: 2.65e-04
2025-11-18 00:37:53 | INFO | Epoch 2 | Batch 410/2500 | Loss: 10.8865 | Avg Loss: 10.8848 | LR: 2.65e-04
2025-11-18 00:37:53 | INFO | Epoch 2 | Batch 420/2500 | Loss: 10.8750 | Avg Loss: 10.8845 | LR: 2.65e-04
2025-11-18 00:37:54 | INFO | Epoch 2 | Batch 430/2500 | Loss: 10.8807 | Avg Loss: 10.8846 | LR: 2.65e-04
2025-11-18 00:37:54 | INFO | Epoch 2 | Batch 440/2500 | Loss: 10.8826 | Avg Loss: 10.8844 | LR: 2.65e-04
2025-11-18 00:37:54 | INFO | Epoch 2 | Batch 450/2500 | Loss: 10.8729 | Avg Loss: 10.8845 | LR: 2.65e-04
2025-11-18 00:37:55 | INFO | Epoch 2 | Batch 460/2500 | Loss: 10.8703 | Avg Loss: 10.8844 | LR: 2.65e-04
2025-11-18 00:37:55 | INFO | Epoch 2 | Batch 470/2500 | Loss: 10.8942 | Avg Loss: 10.8844 | LR: 2.65e-04
2025-11-18 00:37:56 | INFO | Epoch 2 | Batch 480/2500 | Loss: 10.8796 | Avg Loss: 10.8845 | LR: 2.67e-04
2025-11-18 00:37:56 | INFO | Epoch 2 | Batch 490/2500 | Loss: 10.8876 | Avg Loss: 10.8844 | LR: 2.67e-04
2025-11-18 00:37:56 | INFO | Epoch 2 | Batch 500/2500 | Loss: 10.8879 | Avg Loss: 10.8842 | LR: 2.67e-04
2025-11-18 00:37:57 | INFO | Epoch 2 | Batch 510/2500 | Loss: 10.8822 | Avg Loss: 10.8842 | LR: 2.67e-04
2025-11-18 00:37:57 | INFO | Epoch 2 | Batch 520/2500 | Loss: 10.8936 | Avg Loss: 10.8841 | LR: 2.67e-04
2025-11-18 00:37:58 | INFO | Epoch 2 | Batch 530/2500 | Loss: 10.8868 | Avg Loss: 10.8840 | LR: 2.67e-04
2025-11-18 00:37:58 | INFO | Epoch 2 | Batch 540/2500 | Loss: 10.8791 | Avg Loss: 10.8839 | LR: 2.67e-04
2025-11-18 00:37:58 | INFO | Epoch 2 | Batch 550/2500 | Loss: 10.8817 | Avg Loss: 10.8839 | LR: 2.67e-04
2025-11-18 00:37:59 | INFO | Epoch 2 | Batch 560/2500 | Loss: 10.8912 | Avg Loss: 10.8840 | LR: 2.68e-04
2025-11-18 00:37:59 | INFO | Epoch 2 | Batch 570/2500 | Loss: 10.8782 | Avg Loss: 10.8838 | LR: 2.68e-04
2025-11-18 00:38:00 | INFO | Epoch 2 | Batch 580/2500 | Loss: 10.8792 | Avg Loss: 10.8837 | LR: 2.68e-04
2025-11-18 00:38:00 | INFO | Epoch 2 | Batch 590/2500 | Loss: 10.8821 | Avg Loss: 10.8838 | LR: 2.68e-04
2025-11-18 00:38:01 | INFO | Epoch 2 | Batch 600/2500 | Loss: 10.8807 | Avg Loss: 10.8838 | LR: 2.68e-04
2025-11-18 00:38:01 | INFO | Epoch 2 | Batch 610/2500 | Loss: 10.8962 | Avg Loss: 10.8838 | LR: 2.68e-04
2025-11-18 00:38:01 | INFO | Epoch 2 | Batch 620/2500 | Loss: 10.8748 | Avg Loss: 10.8838 | LR: 2.68e-04
2025-11-18 00:38:02 | INFO | Epoch 2 | Batch 630/2500 | Loss: 10.8719 | Avg Loss: 10.8837 | LR: 2.68e-04
2025-11-18 00:38:02 | INFO | Epoch 2 | Batch 640/2500 | Loss: 10.8780 | Avg Loss: 10.8836 | LR: 2.70e-04
2025-11-18 00:38:03 | INFO | Epoch 2 | Batch 650/2500 | Loss: 10.8768 | Avg Loss: 10.8836 | LR: 2.70e-04
2025-11-18 00:38:03 | INFO | Epoch 2 | Batch 660/2500 | Loss: 10.8864 | Avg Loss: 10.8837 | LR: 2.70e-04
2025-11-18 00:38:03 | INFO | Epoch 2 | Batch 670/2500 | Loss: 10.8743 | Avg Loss: 10.8836 | LR: 2.70e-04
2025-11-18 00:38:04 | INFO | Epoch 2 | Batch 680/2500 | Loss: 10.8660 | Avg Loss: 10.8835 | LR: 2.70e-04
2025-11-18 00:38:04 | INFO | Epoch 2 | Batch 690/2500 | Loss: 10.8798 | Avg Loss: 10.8835 | LR: 2.70e-04
2025-11-18 00:38:05 | INFO | Epoch 2 | Batch 700/2500 | Loss: 10.8959 | Avg Loss: 10.8835 | LR: 2.70e-04
2025-11-18 00:38:05 | INFO | Epoch 2 | Batch 710/2500 | Loss: 10.8726 | Avg Loss: 10.8835 | LR: 2.70e-04
2025-11-18 00:38:05 | INFO | Epoch 2 | Batch 720/2500 | Loss: 10.8961 | Avg Loss: 10.8835 | LR: 2.72e-04
2025-11-18 00:38:06 | INFO | Epoch 2 | Batch 730/2500 | Loss: 10.8784 | Avg Loss: 10.8834 | LR: 2.72e-04
2025-11-18 00:38:06 | INFO | Epoch 2 | Batch 740/2500 | Loss: 10.8815 | Avg Loss: 10.8834 | LR: 2.72e-04
2025-11-18 00:38:07 | INFO | Epoch 2 | Batch 750/2500 | Loss: 10.8836 | Avg Loss: 10.8833 | LR: 2.72e-04
2025-11-18 00:38:07 | INFO | Epoch 2 | Batch 760/2500 | Loss: 10.8941 | Avg Loss: 10.8833 | LR: 2.72e-04
2025-11-18 00:38:07 | INFO | Epoch 2 | Batch 770/2500 | Loss: 10.8896 | Avg Loss: 10.8833 | LR: 2.72e-04
2025-11-18 00:38:08 | INFO | Epoch 2 | Batch 780/2500 | Loss: 10.8983 | Avg Loss: 10.8832 | LR: 2.72e-04
2025-11-18 00:38:08 | INFO | Epoch 2 | Batch 790/2500 | Loss: 10.9058 | Avg Loss: 10.8833 | LR: 2.72e-04
2025-11-18 00:38:09 | INFO | Epoch 2 | Batch 800/2500 | Loss: 10.8635 | Avg Loss: 10.8832 | LR: 2.74e-04
2025-11-18 00:38:09 | INFO | Epoch 2 | Batch 810/2500 | Loss: 10.8937 | Avg Loss: 10.8832 | LR: 2.74e-04
2025-11-18 00:38:10 | INFO | Epoch 2 | Batch 820/2500 | Loss: 10.8809 | Avg Loss: 10.8832 | LR: 2.74e-04
2025-11-18 00:38:10 | INFO | Epoch 2 | Batch 830/2500 | Loss: 10.8833 | Avg Loss: 10.8832 | LR: 2.74e-04
2025-11-18 00:38:10 | INFO | Epoch 2 | Batch 840/2500 | Loss: 10.8795 | Avg Loss: 10.8832 | LR: 2.74e-04
2025-11-18 00:38:11 | INFO | Epoch 2 | Batch 850/2500 | Loss: 10.8806 | Avg Loss: 10.8831 | LR: 2.74e-04
2025-11-18 00:38:11 | INFO | Epoch 2 | Batch 860/2500 | Loss: 10.8727 | Avg Loss: 10.8831 | LR: 2.74e-04
2025-11-18 00:38:12 | INFO | Epoch 2 | Batch 870/2500 | Loss: 10.8947 | Avg Loss: 10.8830 | LR: 2.74e-04
2025-11-18 00:38:12 | INFO | Epoch 2 | Batch 880/2500 | Loss: 10.8897 | Avg Loss: 10.8831 | LR: 2.76e-04
2025-11-18 00:38:12 | INFO | Epoch 2 | Batch 890/2500 | Loss: 10.8823 | Avg Loss: 10.8830 | LR: 2.76e-04
2025-11-18 00:38:13 | INFO | Epoch 2 | Batch 900/2500 | Loss: 10.8848 | Avg Loss: 10.8831 | LR: 2.76e-04
2025-11-18 00:38:13 | INFO | Epoch 2 | Batch 910/2500 | Loss: 10.8716 | Avg Loss: 10.8830 | LR: 2.76e-04
2025-11-18 00:38:14 | INFO | Epoch 2 | Batch 920/2500 | Loss: 10.8835 | Avg Loss: 10.8830 | LR: 2.76e-04
2025-11-18 00:38:14 | INFO | Epoch 2 | Batch 930/2500 | Loss: 10.8618 | Avg Loss: 10.8830 | LR: 2.76e-04
2025-11-18 00:38:14 | INFO | Epoch 2 | Batch 940/2500 | Loss: 10.8789 | Avg Loss: 10.8829 | LR: 2.76e-04
2025-11-18 00:38:15 | INFO | Epoch 2 | Batch 950/2500 | Loss: 10.8823 | Avg Loss: 10.8829 | LR: 2.76e-04
2025-11-18 00:38:15 | INFO | Epoch 2 | Batch 960/2500 | Loss: 10.9007 | Avg Loss: 10.8829 | LR: 2.77e-04
2025-11-18 00:38:16 | INFO | Epoch 2 | Batch 970/2500 | Loss: 10.8900 | Avg Loss: 10.8828 | LR: 2.77e-04
2025-11-18 00:38:16 | INFO | Epoch 2 | Batch 980/2500 | Loss: 10.8651 | Avg Loss: 10.8828 | LR: 2.77e-04
2025-11-18 00:38:17 | INFO | Epoch 2 | Batch 990/2500 | Loss: 10.8900 | Avg Loss: 10.8827 | LR: 2.77e-04
2025-11-18 00:38:17 | INFO | Epoch 2 | Batch 1000/2500 | Loss: 10.8987 | Avg Loss: 10.8827 | LR: 2.77e-04
2025-11-18 00:38:17 | INFO | Epoch 2 | Batch 1010/2500 | Loss: 10.8774 | Avg Loss: 10.8827 | LR: 2.77e-04
2025-11-18 00:38:18 | INFO | Epoch 2 | Batch 1020/2500 | Loss: 10.8816 | Avg Loss: 10.8826 | LR: 2.77e-04
2025-11-18 00:38:18 | INFO | Epoch 2 | Batch 1030/2500 | Loss: 10.8882 | Avg Loss: 10.8826 | LR: 2.77e-04
2025-11-18 00:38:19 | INFO | Epoch 2 | Batch 1040/2500 | Loss: 10.8811 | Avg Loss: 10.8826 | LR: 2.79e-04
2025-11-18 00:38:19 | INFO | Epoch 2 | Batch 1050/2500 | Loss: 10.8618 | Avg Loss: 10.8826 | LR: 2.79e-04
2025-11-18 00:38:19 | INFO | Epoch 2 | Batch 1060/2500 | Loss: 10.8862 | Avg Loss: 10.8826 | LR: 2.79e-04
2025-11-18 00:38:20 | INFO | Epoch 2 | Batch 1070/2500 | Loss: 10.8698 | Avg Loss: 10.8825 | LR: 2.79e-04
2025-11-18 00:38:20 | INFO | Epoch 2 | Batch 1080/2500 | Loss: 10.8905 | Avg Loss: 10.8825 | LR: 2.79e-04
2025-11-18 00:38:21 | INFO | Epoch 2 | Batch 1090/2500 | Loss: 10.8771 | Avg Loss: 10.8824 | LR: 2.79e-04
2025-11-18 00:38:21 | INFO | Epoch 2 | Batch 1100/2500 | Loss: 10.8785 | Avg Loss: 10.8824 | LR: 2.79e-04
2025-11-18 00:38:21 | INFO | Epoch 2 | Batch 1110/2500 | Loss: 10.8528 | Avg Loss: 10.8823 | LR: 2.79e-04
2025-11-18 00:38:22 | INFO | Epoch 2 | Batch 1120/2500 | Loss: 10.8821 | Avg Loss: 10.8824 | LR: 2.81e-04
2025-11-18 00:38:22 | INFO | Epoch 2 | Batch 1130/2500 | Loss: 10.8734 | Avg Loss: 10.8823 | LR: 2.81e-04
2025-11-18 00:38:23 | INFO | Epoch 2 | Batch 1140/2500 | Loss: 10.8835 | Avg Loss: 10.8823 | LR: 2.81e-04
2025-11-18 00:38:23 | INFO | Epoch 2 | Batch 1150/2500 | Loss: 10.8841 | Avg Loss: 10.8823 | LR: 2.81e-04
2025-11-18 00:38:24 | INFO | Epoch 2 | Batch 1160/2500 | Loss: 10.8712 | Avg Loss: 10.8822 | LR: 2.81e-04
2025-11-18 00:38:24 | INFO | Epoch 2 | Batch 1170/2500 | Loss: 10.8831 | Avg Loss: 10.8822 | LR: 2.81e-04
2025-11-18 00:38:24 | INFO | Epoch 2 | Batch 1180/2500 | Loss: 10.8744 | Avg Loss: 10.8822 | LR: 2.81e-04
2025-11-18 00:38:25 | INFO | Epoch 2 | Batch 1190/2500 | Loss: 10.8699 | Avg Loss: 10.8821 | LR: 2.81e-04
2025-11-18 00:38:25 | INFO | Epoch 2 | Batch 1200/2500 | Loss: 10.8882 | Avg Loss: 10.8821 | LR: 2.83e-04
2025-11-18 00:38:26 | INFO | Epoch 2 | Batch 1210/2500 | Loss: 10.8828 | Avg Loss: 10.8821 | LR: 2.83e-04
2025-11-18 00:38:26 | INFO | Epoch 2 | Batch 1220/2500 | Loss: 10.8879 | Avg Loss: 10.8820 | LR: 2.83e-04
2025-11-18 00:38:26 | INFO | Epoch 2 | Batch 1230/2500 | Loss: 10.9039 | Avg Loss: 10.8821 | LR: 2.83e-04
2025-11-18 00:38:27 | INFO | Epoch 2 | Batch 1240/2500 | Loss: 10.8906 | Avg Loss: 10.8821 | LR: 2.83e-04
2025-11-18 00:38:27 | INFO | Epoch 2 | Batch 1250/2500 | Loss: 10.8724 | Avg Loss: 10.8820 | LR: 2.83e-04
2025-11-18 00:38:28 | INFO | Epoch 2 | Batch 1260/2500 | Loss: 10.8927 | Avg Loss: 10.8820 | LR: 2.83e-04
2025-11-18 00:38:28 | INFO | Epoch 2 | Batch 1270/2500 | Loss: 10.8878 | Avg Loss: 10.8820 | LR: 2.83e-04
2025-11-18 00:38:29 | INFO | Epoch 2 | Batch 1280/2500 | Loss: 10.8839 | Avg Loss: 10.8820 | LR: 2.85e-04
2025-11-18 00:38:29 | INFO | Epoch 2 | Batch 1290/2500 | Loss: 10.8740 | Avg Loss: 10.8820 | LR: 2.85e-04
2025-11-18 00:38:29 | INFO | Epoch 2 | Batch 1300/2500 | Loss: 10.8808 | Avg Loss: 10.8820 | LR: 2.85e-04
2025-11-18 00:38:30 | INFO | Epoch 2 | Batch 1310/2500 | Loss: 10.8862 | Avg Loss: 10.8820 | LR: 2.85e-04
2025-11-18 00:38:30 | INFO | Epoch 2 | Batch 1320/2500 | Loss: 10.8553 | Avg Loss: 10.8820 | LR: 2.85e-04
2025-11-18 00:38:31 | INFO | Epoch 2 | Batch 1330/2500 | Loss: 10.8929 | Avg Loss: 10.8820 | LR: 2.85e-04
2025-11-18 00:38:31 | INFO | Epoch 2 | Batch 1340/2500 | Loss: 10.8998 | Avg Loss: 10.8820 | LR: 2.85e-04
2025-11-18 00:38:31 | INFO | Epoch 2 | Batch 1350/2500 | Loss: 10.8941 | Avg Loss: 10.8820 | LR: 2.85e-04
2025-11-18 00:38:32 | INFO | Epoch 2 | Batch 1360/2500 | Loss: 10.8802 | Avg Loss: 10.8820 | LR: 2.86e-04
2025-11-18 00:38:32 | INFO | Epoch 2 | Batch 1370/2500 | Loss: 10.8792 | Avg Loss: 10.8819 | LR: 2.86e-04
2025-11-18 00:38:33 | INFO | Epoch 2 | Batch 1380/2500 | Loss: 10.8832 | Avg Loss: 10.8819 | LR: 2.86e-04
2025-11-18 00:38:33 | INFO | Epoch 2 | Batch 1390/2500 | Loss: 10.8813 | Avg Loss: 10.8819 | LR: 2.86e-04
2025-11-18 00:38:33 | INFO | Epoch 2 | Batch 1400/2500 | Loss: 10.8566 | Avg Loss: 10.8818 | LR: 2.86e-04
2025-11-18 00:38:34 | INFO | Epoch 2 | Batch 1410/2500 | Loss: 10.8943 | Avg Loss: 10.8818 | LR: 2.86e-04
2025-11-18 00:38:34 | INFO | Epoch 2 | Batch 1420/2500 | Loss: 10.8650 | Avg Loss: 10.8818 | LR: 2.86e-04
2025-11-18 00:38:35 | INFO | Epoch 2 | Batch 1430/2500 | Loss: 10.8662 | Avg Loss: 10.8818 | LR: 2.86e-04
2025-11-18 00:38:35 | INFO | Epoch 2 | Batch 1440/2500 | Loss: 10.8716 | Avg Loss: 10.8817 | LR: 2.88e-04
2025-11-18 00:38:35 | INFO | Epoch 2 | Batch 1450/2500 | Loss: 10.8815 | Avg Loss: 10.8817 | LR: 2.88e-04
2025-11-18 00:38:36 | INFO | Epoch 2 | Batch 1460/2500 | Loss: 10.8806 | Avg Loss: 10.8817 | LR: 2.88e-04
2025-11-18 00:38:36 | INFO | Epoch 2 | Batch 1470/2500 | Loss: 10.8785 | Avg Loss: 10.8817 | LR: 2.88e-04
2025-11-18 00:38:37 | INFO | Epoch 2 | Batch 1480/2500 | Loss: 10.8873 | Avg Loss: 10.8817 | LR: 2.88e-04
2025-11-18 00:38:37 | INFO | Epoch 2 | Batch 1490/2500 | Loss: 10.8762 | Avg Loss: 10.8817 | LR: 2.88e-04
2025-11-18 00:38:38 | INFO | Epoch 2 | Batch 1500/2500 | Loss: 10.8766 | Avg Loss: 10.8817 | LR: 2.88e-04
2025-11-18 00:38:38 | INFO | Epoch 2 | Batch 1510/2500 | Loss: 10.8674 | Avg Loss: 10.8816 | LR: 2.88e-04
2025-11-18 00:38:38 | INFO | Epoch 2 | Batch 1520/2500 | Loss: 10.8836 | Avg Loss: 10.8816 | LR: 2.90e-04
2025-11-18 00:38:39 | INFO | Epoch 2 | Batch 1530/2500 | Loss: 10.8661 | Avg Loss: 10.8815 | LR: 2.90e-04
2025-11-18 00:38:39 | INFO | Epoch 2 | Batch 1540/2500 | Loss: 10.8863 | Avg Loss: 10.8815 | LR: 2.90e-04
2025-11-18 00:38:40 | INFO | Epoch 2 | Batch 1550/2500 | Loss: 10.8844 | Avg Loss: 10.8815 | LR: 2.90e-04
2025-11-18 00:38:40 | INFO | Epoch 2 | Batch 1560/2500 | Loss: 10.8867 | Avg Loss: 10.8815 | LR: 2.90e-04
2025-11-18 00:38:40 | INFO | Epoch 2 | Batch 1570/2500 | Loss: 10.9004 | Avg Loss: 10.8815 | LR: 2.90e-04
2025-11-18 00:38:41 | INFO | Epoch 2 | Batch 1580/2500 | Loss: 10.8801 | Avg Loss: 10.8814 | LR: 2.90e-04
2025-11-18 00:38:41 | INFO | Epoch 2 | Batch 1590/2500 | Loss: 10.8688 | Avg Loss: 10.8814 | LR: 2.90e-04
2025-11-18 00:38:42 | INFO | Epoch 2 | Batch 1600/2500 | Loss: 10.8754 | Avg Loss: 10.8813 | LR: 2.92e-04
2025-11-18 00:38:42 | INFO | Epoch 2 | Batch 1610/2500 | Loss: 10.8765 | Avg Loss: 10.8813 | LR: 2.92e-04
2025-11-18 00:38:42 | INFO | Epoch 2 | Batch 1620/2500 | Loss: 10.8821 | Avg Loss: 10.8813 | LR: 2.92e-04
2025-11-18 00:38:43 | INFO | Epoch 2 | Batch 1630/2500 | Loss: 10.8693 | Avg Loss: 10.8813 | LR: 2.92e-04
2025-11-18 00:38:43 | INFO | Epoch 2 | Batch 1640/2500 | Loss: 10.8766 | Avg Loss: 10.8813 | LR: 2.92e-04
2025-11-18 00:38:44 | INFO | Epoch 2 | Batch 1650/2500 | Loss: 10.8644 | Avg Loss: 10.8813 | LR: 2.92e-04
2025-11-18 00:38:44 | INFO | Epoch 2 | Batch 1660/2500 | Loss: 10.8726 | Avg Loss: 10.8812 | LR: 2.92e-04
2025-11-18 00:38:45 | INFO | Epoch 2 | Batch 1670/2500 | Loss: 10.8776 | Avg Loss: 10.8812 | LR: 2.92e-04
2025-11-18 00:38:45 | INFO | Epoch 2 | Batch 1680/2500 | Loss: 10.8740 | Avg Loss: 10.8812 | LR: 2.94e-04
2025-11-18 00:38:45 | INFO | Epoch 2 | Batch 1690/2500 | Loss: 10.8858 | Avg Loss: 10.8812 | LR: 2.94e-04
2025-11-18 00:38:46 | INFO | Epoch 2 | Batch 1700/2500 | Loss: 10.8777 | Avg Loss: 10.8812 | LR: 2.94e-04
2025-11-18 00:38:46 | INFO | Epoch 2 | Batch 1710/2500 | Loss: 10.8868 | Avg Loss: 10.8812 | LR: 2.94e-04
2025-11-18 00:38:47 | INFO | Epoch 2 | Batch 1720/2500 | Loss: 10.8738 | Avg Loss: 10.8812 | LR: 2.94e-04
2025-11-18 00:38:47 | INFO | Epoch 2 | Batch 1730/2500 | Loss: 10.8952 | Avg Loss: 10.8811 | LR: 2.94e-04
2025-11-18 00:38:47 | INFO | Epoch 2 | Batch 1740/2500 | Loss: 10.8929 | Avg Loss: 10.8811 | LR: 2.94e-04
2025-11-18 00:38:48 | INFO | Epoch 2 | Batch 1750/2500 | Loss: 10.8817 | Avg Loss: 10.8811 | LR: 2.94e-04
2025-11-18 00:38:48 | INFO | Epoch 2 | Batch 1760/2500 | Loss: 10.8773 | Avg Loss: 10.8811 | LR: 2.95e-04
2025-11-18 00:38:49 | INFO | Epoch 2 | Batch 1770/2500 | Loss: 10.8723 | Avg Loss: 10.8811 | LR: 2.95e-04
2025-11-18 00:38:49 | INFO | Epoch 2 | Batch 1780/2500 | Loss: 10.8778 | Avg Loss: 10.8811 | LR: 2.95e-04
2025-11-18 00:38:49 | INFO | Epoch 2 | Batch 1790/2500 | Loss: 10.8678 | Avg Loss: 10.8810 | LR: 2.95e-04
2025-11-18 00:38:50 | INFO | Epoch 2 | Batch 1800/2500 | Loss: 10.8553 | Avg Loss: 10.8810 | LR: 2.95e-04
2025-11-18 00:38:50 | INFO | Epoch 2 | Batch 1810/2500 | Loss: 10.8798 | Avg Loss: 10.8810 | LR: 2.95e-04
2025-11-18 00:38:51 | INFO | Epoch 2 | Batch 1820/2500 | Loss: 10.8701 | Avg Loss: 10.8810 | LR: 2.95e-04
2025-11-18 00:38:51 | INFO | Epoch 2 | Batch 1830/2500 | Loss: 10.8692 | Avg Loss: 10.8810 | LR: 2.95e-04
2025-11-18 00:38:52 | INFO | Epoch 2 | Batch 1840/2500 | Loss: 10.8739 | Avg Loss: 10.8810 | LR: 2.97e-04
2025-11-18 00:38:52 | INFO | Epoch 2 | Batch 1850/2500 | Loss: 10.8580 | Avg Loss: 10.8809 | LR: 2.97e-04
2025-11-18 00:38:52 | INFO | Epoch 2 | Batch 1860/2500 | Loss: 10.8758 | Avg Loss: 10.8809 | LR: 2.97e-04
2025-11-18 00:38:53 | INFO | Epoch 2 | Batch 1870/2500 | Loss: 10.8807 | Avg Loss: 10.8809 | LR: 2.97e-04
2025-11-18 00:38:53 | INFO | Epoch 2 | Batch 1880/2500 | Loss: 10.8718 | Avg Loss: 10.8809 | LR: 2.97e-04
2025-11-18 00:38:54 | INFO | Epoch 2 | Batch 1890/2500 | Loss: 10.8830 | Avg Loss: 10.8809 | LR: 2.97e-04
2025-11-18 00:38:54 | INFO | Epoch 2 | Batch 1900/2500 | Loss: 10.8732 | Avg Loss: 10.8808 | LR: 2.97e-04
2025-11-18 00:38:54 | INFO | Epoch 2 | Batch 1910/2500 | Loss: 10.8706 | Avg Loss: 10.8808 | LR: 2.97e-04
2025-11-18 00:38:55 | INFO | Epoch 2 | Batch 1920/2500 | Loss: 10.8665 | Avg Loss: 10.8808 | LR: 2.99e-04
2025-11-18 00:38:55 | INFO | Epoch 2 | Batch 1930/2500 | Loss: 10.8806 | Avg Loss: 10.8808 | LR: 2.99e-04
2025-11-18 00:38:56 | INFO | Epoch 2 | Batch 1940/2500 | Loss: 10.8718 | Avg Loss: 10.8807 | LR: 2.99e-04
2025-11-18 00:38:56 | INFO | Epoch 2 | Batch 1950/2500 | Loss: 10.8694 | Avg Loss: 10.8807 | LR: 2.99e-04
2025-11-18 00:38:56 | INFO | Epoch 2 | Batch 1960/2500 | Loss: 10.8769 | Avg Loss: 10.8807 | LR: 2.99e-04
2025-11-18 00:38:57 | INFO | Epoch 2 | Batch 1970/2500 | Loss: 10.8630 | Avg Loss: 10.8806 | LR: 2.99e-04
2025-11-18 00:38:57 | INFO | Epoch 2 | Batch 1980/2500 | Loss: 10.8906 | Avg Loss: 10.8806 | LR: 2.99e-04
2025-11-18 00:38:58 | INFO | Epoch 2 | Batch 1990/2500 | Loss: 10.8704 | Avg Loss: 10.8806 | LR: 2.99e-04
2025-11-18 00:38:58 | INFO | Epoch 2 | Batch 2000/2500 | Loss: 10.8716 | Avg Loss: 10.8806 | LR: 3.01e-04
2025-11-18 00:38:59 | INFO | Epoch 2 | Batch 2010/2500 | Loss: 10.8727 | Avg Loss: 10.8806 | LR: 3.01e-04
2025-11-18 00:38:59 | INFO | Epoch 2 | Batch 2020/2500 | Loss: 10.8829 | Avg Loss: 10.8806 | LR: 3.01e-04
2025-11-18 00:38:59 | INFO | Epoch 2 | Batch 2030/2500 | Loss: 10.8878 | Avg Loss: 10.8806 | LR: 3.01e-04
2025-11-18 00:39:00 | INFO | Epoch 2 | Batch 2040/2500 | Loss: 10.8796 | Avg Loss: 10.8805 | LR: 3.01e-04
2025-11-18 00:39:00 | INFO | Epoch 2 | Batch 2050/2500 | Loss: 10.8813 | Avg Loss: 10.8805 | LR: 3.01e-04
2025-11-18 00:39:01 | INFO | Epoch 2 | Batch 2060/2500 | Loss: 10.8925 | Avg Loss: 10.8805 | LR: 3.01e-04
2025-11-18 00:39:01 | INFO | Epoch 2 | Batch 2070/2500 | Loss: 10.8820 | Avg Loss: 10.8805 | LR: 3.01e-04
2025-11-18 00:39:01 | INFO | Epoch 2 | Batch 2080/2500 | Loss: 10.8754 | Avg Loss: 10.8805 | LR: 3.03e-04
2025-11-18 00:39:02 | INFO | Epoch 2 | Batch 2090/2500 | Loss: 10.8802 | Avg Loss: 10.8805 | LR: 3.03e-04
2025-11-18 00:39:02 | INFO | Epoch 2 | Batch 2100/2500 | Loss: 10.8713 | Avg Loss: 10.8804 | LR: 3.03e-04
2025-11-18 00:39:03 | INFO | Epoch 2 | Batch 2110/2500 | Loss: 10.8545 | Avg Loss: 10.8804 | LR: 3.03e-04
2025-11-18 00:39:03 | INFO | Epoch 2 | Batch 2120/2500 | Loss: 10.8671 | Avg Loss: 10.8804 | LR: 3.03e-04
2025-11-18 00:39:03 | INFO | Epoch 2 | Batch 2130/2500 | Loss: 10.8742 | Avg Loss: 10.8803 | LR: 3.03e-04
2025-11-18 00:39:04 | INFO | Epoch 2 | Batch 2140/2500 | Loss: 10.8651 | Avg Loss: 10.8803 | LR: 3.03e-04
2025-11-18 00:39:04 | INFO | Epoch 2 | Batch 2150/2500 | Loss: 10.8838 | Avg Loss: 10.8803 | LR: 3.03e-04
2025-11-18 00:39:05 | INFO | Epoch 2 | Batch 2160/2500 | Loss: 10.8939 | Avg Loss: 10.8803 | LR: 3.04e-04
2025-11-18 00:39:05 | INFO | Epoch 2 | Batch 2170/2500 | Loss: 10.8632 | Avg Loss: 10.8803 | LR: 3.04e-04
2025-11-18 00:39:06 | INFO | Epoch 2 | Batch 2180/2500 | Loss: 10.8738 | Avg Loss: 10.8803 | LR: 3.04e-04
2025-11-18 00:39:06 | INFO | Epoch 2 | Batch 2190/2500 | Loss: 10.8869 | Avg Loss: 10.8803 | LR: 3.04e-04
2025-11-18 00:39:06 | INFO | Epoch 2 | Batch 2200/2500 | Loss: 10.8640 | Avg Loss: 10.8802 | LR: 3.04e-04
2025-11-18 00:39:07 | INFO | Epoch 2 | Batch 2210/2500 | Loss: 10.8583 | Avg Loss: 10.8802 | LR: 3.04e-04
2025-11-18 00:39:07 | INFO | Epoch 2 | Batch 2220/2500 | Loss: 10.8819 | Avg Loss: 10.8802 | LR: 3.04e-04
2025-11-18 00:39:08 | INFO | Epoch 2 | Batch 2230/2500 | Loss: 10.8702 | Avg Loss: 10.8802 | LR: 3.04e-04
2025-11-18 00:39:08 | INFO | Epoch 2 | Batch 2240/2500 | Loss: 10.8744 | Avg Loss: 10.8801 | LR: 3.06e-04
2025-11-18 00:39:08 | INFO | Epoch 2 | Batch 2250/2500 | Loss: 10.8830 | Avg Loss: 10.8801 | LR: 3.06e-04
2025-11-18 00:39:09 | INFO | Epoch 2 | Batch 2260/2500 | Loss: 10.8755 | Avg Loss: 10.8801 | LR: 3.06e-04
2025-11-18 00:39:09 | INFO | Epoch 2 | Batch 2270/2500 | Loss: 10.8734 | Avg Loss: 10.8801 | LR: 3.06e-04
2025-11-18 00:39:10 | INFO | Epoch 2 | Batch 2280/2500 | Loss: 10.8759 | Avg Loss: 10.8801 | LR: 3.06e-04
2025-11-18 00:39:10 | INFO | Epoch 2 | Batch 2290/2500 | Loss: 10.8746 | Avg Loss: 10.8801 | LR: 3.06e-04
2025-11-18 00:39:10 | INFO | Epoch 2 | Batch 2300/2500 | Loss: 10.8682 | Avg Loss: 10.8800 | LR: 3.06e-04
2025-11-18 00:39:11 | INFO | Epoch 2 | Batch 2310/2500 | Loss: 10.8707 | Avg Loss: 10.8800 | LR: 3.06e-04
2025-11-18 00:39:11 | INFO | Epoch 2 | Batch 2320/2500 | Loss: 10.8703 | Avg Loss: 10.8800 | LR: 3.08e-04
2025-11-18 00:39:12 | INFO | Epoch 2 | Batch 2330/2500 | Loss: 10.8669 | Avg Loss: 10.8799 | LR: 3.08e-04
2025-11-18 00:39:12 | INFO | Epoch 2 | Batch 2340/2500 | Loss: 10.8755 | Avg Loss: 10.8799 | LR: 3.08e-04
2025-11-18 00:39:13 | INFO | Epoch 2 | Batch 2350/2500 | Loss: 10.8654 | Avg Loss: 10.8799 | LR: 3.08e-04
2025-11-18 00:39:13 | INFO | Epoch 2 | Batch 2360/2500 | Loss: 10.8768 | Avg Loss: 10.8798 | LR: 3.08e-04
2025-11-18 00:39:13 | INFO | Epoch 2 | Batch 2370/2500 | Loss: 10.8921 | Avg Loss: 10.8798 | LR: 3.08e-04
2025-11-18 00:39:14 | INFO | Epoch 2 | Batch 2380/2500 | Loss: 10.8830 | Avg Loss: 10.8798 | LR: 3.08e-04
2025-11-18 00:39:14 | INFO | Epoch 2 | Batch 2390/2500 | Loss: 10.8809 | Avg Loss: 10.8798 | LR: 3.08e-04
2025-11-18 00:39:15 | INFO | Epoch 2 | Batch 2400/2500 | Loss: 10.8831 | Avg Loss: 10.8798 | LR: 3.10e-04
2025-11-18 00:39:15 | INFO | Epoch 2 | Batch 2410/2500 | Loss: 10.8667 | Avg Loss: 10.8798 | LR: 3.10e-04
2025-11-18 00:39:15 | INFO | Epoch 2 | Batch 2420/2500 | Loss: 10.8697 | Avg Loss: 10.8797 | LR: 3.10e-04
2025-11-18 00:39:16 | INFO | Epoch 2 | Batch 2430/2500 | Loss: 10.8771 | Avg Loss: 10.8797 | LR: 3.10e-04
2025-11-18 00:39:16 | INFO | Epoch 2 | Batch 2440/2500 | Loss: 10.8694 | Avg Loss: 10.8797 | LR: 3.10e-04
2025-11-18 00:39:17 | INFO | Epoch 2 | Batch 2450/2500 | Loss: 10.8706 | Avg Loss: 10.8797 | LR: 3.10e-04
2025-11-18 00:39:17 | INFO | Epoch 2 | Batch 2460/2500 | Loss: 10.8671 | Avg Loss: 10.8797 | LR: 3.10e-04
2025-11-18 00:39:17 | INFO | Epoch 2 | Batch 2470/2500 | Loss: 10.8699 | Avg Loss: 10.8797 | LR: 3.10e-04
2025-11-18 00:39:18 | INFO | Epoch 2 | Batch 2480/2500 | Loss: 10.8662 | Avg Loss: 10.8797 | LR: 3.12e-04
2025-11-18 00:39:18 | INFO | Epoch 2 | Batch 2490/2500 | Loss: 10.8938 | Avg Loss: 10.8796 | LR: 3.12e-04
2025-11-18 00:39:19 | INFO | ✅ Epoch 2 - Train Loss: 10.8796
2025-11-18 00:39:35 | INFO | 📈 Validation Loss: 10.8695
2025-11-18 00:39:39 | INFO | 💾 Saved checkpoint (val_loss: 10.8695)
2025-11-18 00:39:39 | INFO | Epoch 3 | Batch 0/2500 | Loss: 10.8725 | Avg Loss: 10.8725 | LR: 3.12e-04
2025-11-18 00:39:40 | INFO | Epoch 3 | Batch 10/2500 | Loss: 10.8716 | Avg Loss: 10.8739 | LR: 3.12e-04
2025-11-18 00:39:40 | INFO | Epoch 3 | Batch 20/2500 | Loss: 10.8774 | Avg Loss: 10.8773 | LR: 3.12e-04
2025-11-18 00:39:41 | INFO | Epoch 3 | Batch 30/2500 | Loss: 10.8795 | Avg Loss: 10.8764 | LR: 3.12e-04
2025-11-18 00:39:41 | INFO | Epoch 3 | Batch 40/2500 | Loss: 10.8857 | Avg Loss: 10.8762 | LR: 3.12e-04
2025-11-18 00:39:41 | INFO | Epoch 3 | Batch 50/2500 | Loss: 10.8652 | Avg Loss: 10.8765 | LR: 3.12e-04
2025-11-18 00:39:42 | INFO | Epoch 3 | Batch 60/2500 | Loss: 10.8723 | Avg Loss: 10.8765 | LR: 3.12e-04
2025-11-18 00:39:42 | INFO | Epoch 3 | Batch 70/2500 | Loss: 10.8753 | Avg Loss: 10.8769 | LR: 3.12e-04
2025-11-18 00:39:43 | INFO | Epoch 3 | Batch 80/2500 | Loss: 10.8723 | Avg Loss: 10.8763 | LR: 3.13e-04
2025-11-18 00:39:43 | INFO | Epoch 3 | Batch 90/2500 | Loss: 10.8807 | Avg Loss: 10.8759 | LR: 3.13e-04
2025-11-18 00:39:43 | INFO | Epoch 3 | Batch 100/2500 | Loss: 10.8713 | Avg Loss: 10.8754 | LR: 3.13e-04
2025-11-18 00:39:44 | INFO | Epoch 3 | Batch 110/2500 | Loss: 10.8800 | Avg Loss: 10.8754 | LR: 3.13e-04
2025-11-18 00:39:44 | INFO | Epoch 3 | Batch 120/2500 | Loss: 10.8854 | Avg Loss: 10.8752 | LR: 3.13e-04
2025-11-18 00:39:45 | INFO | Epoch 3 | Batch 130/2500 | Loss: 10.8859 | Avg Loss: 10.8753 | LR: 3.13e-04
2025-11-18 00:39:45 | INFO | Epoch 3 | Batch 140/2500 | Loss: 10.8687 | Avg Loss: 10.8749 | LR: 3.13e-04
2025-11-18 00:39:45 | INFO | Epoch 3 | Batch 150/2500 | Loss: 10.8651 | Avg Loss: 10.8747 | LR: 3.13e-04
2025-11-18 00:39:46 | INFO | Epoch 3 | Batch 160/2500 | Loss: 10.8868 | Avg Loss: 10.8748 | LR: 3.15e-04
2025-11-18 00:39:46 | INFO | Epoch 3 | Batch 170/2500 | Loss: 10.8759 | Avg Loss: 10.8748 | LR: 3.15e-04
2025-11-18 00:39:47 | INFO | Epoch 3 | Batch 180/2500 | Loss: 10.8754 | Avg Loss: 10.8747 | LR: 3.15e-04
2025-11-18 00:39:47 | INFO | Epoch 3 | Batch 190/2500 | Loss: 10.8710 | Avg Loss: 10.8746 | LR: 3.15e-04
2025-11-18 00:39:48 | INFO | Epoch 3 | Batch 200/2500 | Loss: 10.8875 | Avg Loss: 10.8745 | LR: 3.15e-04
2025-11-18 00:39:48 | INFO | Epoch 3 | Batch 210/2500 | Loss: 10.8571 | Avg Loss: 10.8746 | LR: 3.15e-04
2025-11-18 00:39:48 | INFO | Epoch 3 | Batch 220/2500 | Loss: 10.8610 | Avg Loss: 10.8743 | LR: 3.15e-04
2025-11-18 00:39:49 | INFO | Epoch 3 | Batch 230/2500 | Loss: 10.8905 | Avg Loss: 10.8742 | LR: 3.15e-04
2025-11-18 00:39:49 | INFO | Epoch 3 | Batch 240/2500 | Loss: 10.8806 | Avg Loss: 10.8745 | LR: 3.17e-04
2025-11-18 00:39:50 | INFO | Epoch 3 | Batch 250/2500 | Loss: 10.8928 | Avg Loss: 10.8745 | LR: 3.17e-04
2025-11-18 00:39:50 | INFO | Epoch 3 | Batch 260/2500 | Loss: 10.8607 | Avg Loss: 10.8744 | LR: 3.17e-04
2025-11-18 00:39:50 | INFO | Epoch 3 | Batch 270/2500 | Loss: 10.8777 | Avg Loss: 10.8743 | LR: 3.17e-04
2025-11-18 00:39:51 | INFO | Epoch 3 | Batch 280/2500 | Loss: 10.8643 | Avg Loss: 10.8743 | LR: 3.17e-04
2025-11-18 00:39:51 | INFO | Epoch 3 | Batch 290/2500 | Loss: 10.8709 | Avg Loss: 10.8742 | LR: 3.17e-04
2025-11-18 00:39:52 | INFO | Epoch 3 | Batch 300/2500 | Loss: 10.8718 | Avg Loss: 10.8742 | LR: 3.17e-04
2025-11-18 00:39:52 | INFO | Epoch 3 | Batch 310/2500 | Loss: 10.8852 | Avg Loss: 10.8743 | LR: 3.17e-04
2025-11-18 00:39:53 | INFO | Epoch 3 | Batch 320/2500 | Loss: 10.8870 | Avg Loss: 10.8743 | LR: 3.19e-04
2025-11-18 00:39:53 | INFO | Epoch 3 | Batch 330/2500 | Loss: 10.8837 | Avg Loss: 10.8742 | LR: 3.19e-04
2025-11-18 00:39:53 | INFO | Epoch 3 | Batch 340/2500 | Loss: 10.8663 | Avg Loss: 10.8741 | LR: 3.19e-04
2025-11-18 00:39:54 | INFO | Epoch 3 | Batch 350/2500 | Loss: 10.8759 | Avg Loss: 10.8740 | LR: 3.19e-04
2025-11-18 00:39:54 | INFO | Epoch 3 | Batch 360/2500 | Loss: 10.8754 | Avg Loss: 10.8740 | LR: 3.19e-04
2025-11-18 00:39:55 | INFO | Epoch 3 | Batch 370/2500 | Loss: 10.8823 | Avg Loss: 10.8739 | LR: 3.19e-04
2025-11-18 00:39:55 | INFO | Epoch 3 | Batch 380/2500 | Loss: 10.8704 | Avg Loss: 10.8739 | LR: 3.19e-04
2025-11-18 00:39:55 | INFO | Epoch 3 | Batch 390/2500 | Loss: 10.8738 | Avg Loss: 10.8739 | LR: 3.19e-04
2025-11-18 00:39:56 | INFO | Epoch 3 | Batch 400/2500 | Loss: 10.8680 | Avg Loss: 10.8737 | LR: 3.21e-04
2025-11-18 00:39:56 | INFO | Epoch 3 | Batch 410/2500 | Loss: 10.8896 | Avg Loss: 10.8738 | LR: 3.21e-04
2025-11-18 00:39:57 | INFO | Epoch 3 | Batch 420/2500 | Loss: 10.8635 | Avg Loss: 10.8738 | LR: 3.21e-04
2025-11-18 00:39:57 | INFO | Epoch 3 | Batch 430/2500 | Loss: 10.8711 | Avg Loss: 10.8738 | LR: 3.21e-04
2025-11-18 00:39:57 | INFO | Epoch 3 | Batch 440/2500 | Loss: 10.8737 | Avg Loss: 10.8739 | LR: 3.21e-04
2025-11-18 00:39:58 | INFO | Epoch 3 | Batch 450/2500 | Loss: 10.8676 | Avg Loss: 10.8739 | LR: 3.21e-04
2025-11-18 00:39:58 | INFO | Epoch 3 | Batch 460/2500 | Loss: 10.8693 | Avg Loss: 10.8739 | LR: 3.21e-04
2025-11-18 00:39:59 | INFO | Epoch 3 | Batch 470/2500 | Loss: 10.8702 | Avg Loss: 10.8739 | LR: 3.21e-04
2025-11-18 00:39:59 | INFO | Epoch 3 | Batch 480/2500 | Loss: 10.8794 | Avg Loss: 10.8739 | LR: 3.22e-04
2025-11-18 00:40:00 | INFO | Epoch 3 | Batch 490/2500 | Loss: 10.8723 | Avg Loss: 10.8739 | LR: 3.22e-04
2025-11-18 00:40:00 | INFO | Epoch 3 | Batch 500/2500 | Loss: 10.8749 | Avg Loss: 10.8738 | LR: 3.22e-04
2025-11-18 00:40:00 | INFO | Epoch 3 | Batch 510/2500 | Loss: 10.8720 | Avg Loss: 10.8737 | LR: 3.22e-04
2025-11-18 00:40:01 | INFO | Epoch 3 | Batch 520/2500 | Loss: 10.8782 | Avg Loss: 10.8737 | LR: 3.22e-04
2025-11-18 00:40:01 | INFO | Epoch 3 | Batch 530/2500 | Loss: 10.8787 | Avg Loss: 10.8737 | LR: 3.22e-04
2025-11-18 00:40:02 | INFO | Epoch 3 | Batch 540/2500 | Loss: 10.8771 | Avg Loss: 10.8737 | LR: 3.22e-04
2025-11-18 00:40:02 | INFO | Epoch 3 | Batch 550/2500 | Loss: 10.8715 | Avg Loss: 10.8737 | LR: 3.22e-04
2025-11-18 00:40:02 | INFO | Epoch 3 | Batch 560/2500 | Loss: 10.8674 | Avg Loss: 10.8737 | LR: 3.24e-04
2025-11-18 00:40:03 | INFO | Epoch 3 | Batch 570/2500 | Loss: 10.8849 | Avg Loss: 10.8737 | LR: 3.24e-04
2025-11-18 00:40:03 | INFO | Epoch 3 | Batch 580/2500 | Loss: 10.8762 | Avg Loss: 10.8736 | LR: 3.24e-04
2025-11-18 00:40:04 | INFO | Epoch 3 | Batch 590/2500 | Loss: 10.8586 | Avg Loss: 10.8737 | LR: 3.24e-04
2025-11-18 00:40:04 | INFO | Epoch 3 | Batch 600/2500 | Loss: 10.8730 | Avg Loss: 10.8737 | LR: 3.24e-04
2025-11-18 00:40:04 | INFO | Epoch 3 | Batch 610/2500 | Loss: 10.8787 | Avg Loss: 10.8737 | LR: 3.24e-04
2025-11-18 00:40:05 | INFO | Epoch 3 | Batch 620/2500 | Loss: 10.8740 | Avg Loss: 10.8737 | LR: 3.24e-04
2025-11-18 00:40:05 | INFO | Epoch 3 | Batch 630/2500 | Loss: 10.8632 | Avg Loss: 10.8736 | LR: 3.24e-04
2025-11-18 00:40:06 | INFO | Epoch 3 | Batch 640/2500 | Loss: 10.8717 | Avg Loss: 10.8737 | LR: 3.26e-04
2025-11-18 00:40:06 | INFO | Epoch 3 | Batch 650/2500 | Loss: 10.8738 | Avg Loss: 10.8737 | LR: 3.26e-04
2025-11-18 00:40:06 | INFO | Epoch 3 | Batch 660/2500 | Loss: 10.8637 | Avg Loss: 10.8737 | LR: 3.26e-04
2025-11-18 00:40:07 | INFO | Epoch 3 | Batch 670/2500 | Loss: 10.8726 | Avg Loss: 10.8737 | LR: 3.26e-04
2025-11-18 00:40:07 | INFO | Epoch 3 | Batch 680/2500 | Loss: 10.8843 | Avg Loss: 10.8736 | LR: 3.26e-04
2025-11-18 00:40:08 | INFO | Epoch 3 | Batch 690/2500 | Loss: 10.8717 | Avg Loss: 10.8737 | LR: 3.26e-04
2025-11-18 00:40:08 | INFO | Epoch 3 | Batch 700/2500 | Loss: 10.8696 | Avg Loss: 10.8737 | LR: 3.26e-04
2025-11-18 00:40:09 | INFO | Epoch 3 | Batch 710/2500 | Loss: 10.8606 | Avg Loss: 10.8736 | LR: 3.26e-04
2025-11-18 00:40:09 | INFO | Epoch 3 | Batch 720/2500 | Loss: 10.8762 | Avg Loss: 10.8736 | LR: 3.28e-04
2025-11-18 00:40:09 | INFO | Epoch 3 | Batch 730/2500 | Loss: 10.8818 | Avg Loss: 10.8736 | LR: 3.28e-04
2025-11-18 00:40:10 | INFO | Epoch 3 | Batch 740/2500 | Loss: 10.8694 | Avg Loss: 10.8736 | LR: 3.28e-04
2025-11-18 00:40:10 | INFO | Epoch 3 | Batch 750/2500 | Loss: 10.8718 | Avg Loss: 10.8735 | LR: 3.28e-04
2025-11-18 00:40:11 | INFO | Epoch 3 | Batch 760/2500 | Loss: 10.8724 | Avg Loss: 10.8735 | LR: 3.28e-04
2025-11-18 00:40:11 | INFO | Epoch 3 | Batch 770/2500 | Loss: 10.8737 | Avg Loss: 10.8735 | LR: 3.28e-04
2025-11-18 00:40:11 | INFO | Epoch 3 | Batch 780/2500 | Loss: 10.8696 | Avg Loss: 10.8735 | LR: 3.28e-04
2025-11-18 00:40:12 | INFO | Epoch 3 | Batch 790/2500 | Loss: 10.8819 | Avg Loss: 10.8735 | LR: 3.28e-04
2025-11-18 00:40:12 | INFO | Epoch 3 | Batch 800/2500 | Loss: 10.8741 | Avg Loss: 10.8735 | LR: 3.30e-04
2025-11-18 00:40:13 | INFO | Epoch 3 | Batch 810/2500 | Loss: 10.8769 | Avg Loss: 10.8735 | LR: 3.30e-04
2025-11-18 00:40:13 | INFO | Epoch 3 | Batch 820/2500 | Loss: 10.8617 | Avg Loss: 10.8735 | LR: 3.30e-04
2025-11-18 00:40:13 | INFO | Epoch 3 | Batch 830/2500 | Loss: 10.8726 | Avg Loss: 10.8735 | LR: 3.30e-04
2025-11-18 00:40:14 | INFO | Epoch 3 | Batch 840/2500 | Loss: 10.8679 | Avg Loss: 10.8735 | LR: 3.30e-04
2025-11-18 00:40:14 | INFO | Epoch 3 | Batch 850/2500 | Loss: 10.8661 | Avg Loss: 10.8735 | LR: 3.30e-04
2025-11-18 00:40:15 | INFO | Epoch 3 | Batch 860/2500 | Loss: 10.8825 | Avg Loss: 10.8735 | LR: 3.30e-04
2025-11-18 00:40:15 | INFO | Epoch 3 | Batch 870/2500 | Loss: 10.8704 | Avg Loss: 10.8735 | LR: 3.30e-04
2025-11-18 00:40:16 | INFO | Epoch 3 | Batch 880/2500 | Loss: 10.8737 | Avg Loss: 10.8735 | LR: 3.31e-04
2025-11-18 00:40:16 | INFO | Epoch 3 | Batch 890/2500 | Loss: 10.8740 | Avg Loss: 10.8735 | LR: 3.31e-04
2025-11-18 00:40:16 | INFO | Epoch 3 | Batch 900/2500 | Loss: 10.8753 | Avg Loss: 10.8736 | LR: 3.31e-04
2025-11-18 00:40:17 | INFO | Epoch 3 | Batch 910/2500 | Loss: 10.8881 | Avg Loss: 10.8736 | LR: 3.31e-04
2025-11-18 00:40:17 | INFO | Epoch 3 | Batch 920/2500 | Loss: 10.8726 | Avg Loss: 10.8736 | LR: 3.31e-04
2025-11-18 00:40:18 | INFO | Epoch 3 | Batch 930/2500 | Loss: 10.8762 | Avg Loss: 10.8736 | LR: 3.31e-04
2025-11-18 00:40:18 | INFO | Epoch 3 | Batch 940/2500 | Loss: 10.8564 | Avg Loss: 10.8735 | LR: 3.31e-04
2025-11-18 00:40:18 | INFO | Epoch 3 | Batch 950/2500 | Loss: 10.8792 | Avg Loss: 10.8735 | LR: 3.31e-04
2025-11-18 00:40:19 | INFO | Epoch 3 | Batch 960/2500 | Loss: 10.8673 | Avg Loss: 10.8735 | LR: 3.33e-04
2025-11-18 00:40:19 | INFO | Epoch 3 | Batch 970/2500 | Loss: 10.8796 | Avg Loss: 10.8735 | LR: 3.33e-04
2025-11-18 00:40:20 | INFO | Epoch 3 | Batch 980/2500 | Loss: 10.8636 | Avg Loss: 10.8735 | LR: 3.33e-04
2025-11-18 00:40:20 | INFO | Epoch 3 | Batch 990/2500 | Loss: 10.8644 | Avg Loss: 10.8735 | LR: 3.33e-04
2025-11-18 00:40:20 | INFO | Epoch 3 | Batch 1000/2500 | Loss: 10.8588 | Avg Loss: 10.8734 | LR: 3.33e-04
2025-11-18 00:40:21 | INFO | Epoch 3 | Batch 1010/2500 | Loss: 10.8703 | Avg Loss: 10.8734 | LR: 3.33e-04
2025-11-18 00:40:21 | INFO | Epoch 3 | Batch 1020/2500 | Loss: 10.8775 | Avg Loss: 10.8733 | LR: 3.33e-04
2025-11-18 00:40:22 | INFO | Epoch 3 | Batch 1030/2500 | Loss: 10.8763 | Avg Loss: 10.8733 | LR: 3.33e-04
2025-11-18 00:40:22 | INFO | Epoch 3 | Batch 1040/2500 | Loss: 10.8731 | Avg Loss: 10.8733 | LR: 3.35e-04
2025-11-18 00:40:23 | INFO | Epoch 3 | Batch 1050/2500 | Loss: 10.8796 | Avg Loss: 10.8733 | LR: 3.35e-04
2025-11-18 00:40:23 | INFO | Epoch 3 | Batch 1060/2500 | Loss: 10.8835 | Avg Loss: 10.8734 | LR: 3.35e-04
2025-11-18 00:40:23 | INFO | Epoch 3 | Batch 1070/2500 | Loss: 10.8720 | Avg Loss: 10.8733 | LR: 3.35e-04
2025-11-18 00:40:24 | INFO | Epoch 3 | Batch 1080/2500 | Loss: 10.8804 | Avg Loss: 10.8733 | LR: 3.35e-04
2025-11-18 00:40:24 | INFO | Epoch 3 | Batch 1090/2500 | Loss: 10.8842 | Avg Loss: 10.8733 | LR: 3.35e-04
2025-11-18 00:40:25 | INFO | Epoch 3 | Batch 1100/2500 | Loss: 10.8752 | Avg Loss: 10.8733 | LR: 3.35e-04
2025-11-18 00:40:25 | INFO | Epoch 3 | Batch 1110/2500 | Loss: 10.8651 | Avg Loss: 10.8733 | LR: 3.35e-04
2025-11-18 00:40:25 | INFO | Epoch 3 | Batch 1120/2500 | Loss: 10.8716 | Avg Loss: 10.8733 | LR: 3.37e-04
2025-11-18 00:40:26 | INFO | Epoch 3 | Batch 1130/2500 | Loss: 10.8712 | Avg Loss: 10.8734 | LR: 3.37e-04
2025-11-18 00:40:26 | INFO | Epoch 3 | Batch 1140/2500 | Loss: 10.8918 | Avg Loss: 10.8734 | LR: 3.37e-04
2025-11-18 00:40:27 | INFO | Epoch 3 | Batch 1150/2500 | Loss: 10.8741 | Avg Loss: 10.8734 | LR: 3.37e-04
2025-11-18 00:40:27 | INFO | Epoch 3 | Batch 1160/2500 | Loss: 10.8796 | Avg Loss: 10.8734 | LR: 3.37e-04
2025-11-18 00:40:27 | INFO | Epoch 3 | Batch 1170/2500 | Loss: 10.8746 | Avg Loss: 10.8734 | LR: 3.37e-04
2025-11-18 00:40:28 | INFO | Epoch 3 | Batch 1180/2500 | Loss: 10.8704 | Avg Loss: 10.8734 | LR: 3.37e-04
2025-11-18 00:40:28 | INFO | Epoch 3 | Batch 1190/2500 | Loss: 10.8619 | Avg Loss: 10.8734 | LR: 3.37e-04
2025-11-18 00:40:29 | INFO | Epoch 3 | Batch 1200/2500 | Loss: 10.8684 | Avg Loss: 10.8733 | LR: 3.39e-04
2025-11-18 00:40:29 | INFO | Epoch 3 | Batch 1210/2500 | Loss: 10.8726 | Avg Loss: 10.8733 | LR: 3.39e-04
2025-11-18 00:40:30 | INFO | Epoch 3 | Batch 1220/2500 | Loss: 10.8602 | Avg Loss: 10.8733 | LR: 3.39e-04
2025-11-18 00:40:30 | INFO | Epoch 3 | Batch 1230/2500 | Loss: 10.8878 | Avg Loss: 10.8733 | LR: 3.39e-04
2025-11-18 00:40:30 | INFO | Epoch 3 | Batch 1240/2500 | Loss: 10.8742 | Avg Loss: 10.8734 | LR: 3.39e-04
2025-11-18 00:40:31 | INFO | Epoch 3 | Batch 1250/2500 | Loss: 10.8655 | Avg Loss: 10.8734 | LR: 3.39e-04
2025-11-18 00:40:31 | INFO | Epoch 3 | Batch 1260/2500 | Loss: 10.8984 | Avg Loss: 10.8734 | LR: 3.39e-04
2025-11-18 00:40:32 | INFO | Epoch 3 | Batch 1270/2500 | Loss: 10.8942 | Avg Loss: 10.8734 | LR: 3.39e-04
2025-11-18 00:40:32 | INFO | Epoch 3 | Batch 1280/2500 | Loss: 10.8834 | Avg Loss: 10.8734 | LR: 3.40e-04
2025-11-18 00:40:32 | INFO | Epoch 3 | Batch 1290/2500 | Loss: 10.8745 | Avg Loss: 10.8734 | LR: 3.40e-04
2025-11-18 00:40:33 | INFO | Epoch 3 | Batch 1300/2500 | Loss: 10.8741 | Avg Loss: 10.8733 | LR: 3.40e-04
2025-11-18 00:40:33 | INFO | Epoch 3 | Batch 1310/2500 | Loss: 10.8704 | Avg Loss: 10.8733 | LR: 3.40e-04
2025-11-18 00:40:34 | INFO | Epoch 3 | Batch 1320/2500 | Loss: 10.8645 | Avg Loss: 10.8733 | LR: 3.40e-04
2025-11-18 00:40:34 | INFO | Epoch 3 | Batch 1330/2500 | Loss: 10.8738 | Avg Loss: 10.8733 | LR: 3.40e-04
2025-11-18 00:40:34 | INFO | Epoch 3 | Batch 1340/2500 | Loss: 10.8694 | Avg Loss: 10.8733 | LR: 3.40e-04
2025-11-18 00:40:35 | INFO | Epoch 3 | Batch 1350/2500 | Loss: 10.8604 | Avg Loss: 10.8732 | LR: 3.40e-04
2025-11-18 00:40:35 | INFO | Epoch 3 | Batch 1360/2500 | Loss: 10.8838 | Avg Loss: 10.8732 | LR: 3.42e-04
2025-11-18 00:40:36 | INFO | Epoch 3 | Batch 1370/2500 | Loss: 10.8834 | Avg Loss: 10.8732 | LR: 3.42e-04
2025-11-18 00:40:36 | INFO | Epoch 3 | Batch 1380/2500 | Loss: 10.8685 | Avg Loss: 10.8732 | LR: 3.42e-04
2025-11-18 00:40:37 | INFO | Epoch 3 | Batch 1390/2500 | Loss: 10.8724 | Avg Loss: 10.8732 | LR: 3.42e-04
2025-11-18 00:40:37 | INFO | Epoch 3 | Batch 1400/2500 | Loss: 10.8681 | Avg Loss: 10.8733 | LR: 3.42e-04
2025-11-18 00:40:37 | INFO | Epoch 3 | Batch 1410/2500 | Loss: 10.8843 | Avg Loss: 10.8733 | LR: 3.42e-04
2025-11-18 00:40:38 | INFO | Epoch 3 | Batch 1420/2500 | Loss: 10.8662 | Avg Loss: 10.8733 | LR: 3.42e-04
2025-11-18 00:40:38 | INFO | Epoch 3 | Batch 1430/2500 | Loss: 10.8773 | Avg Loss: 10.8733 | LR: 3.42e-04
2025-11-18 00:40:39 | INFO | Epoch 3 | Batch 1440/2500 | Loss: 10.8753 | Avg Loss: 10.8733 | LR: 3.44e-04
2025-11-18 00:40:39 | INFO | Epoch 3 | Batch 1450/2500 | Loss: 10.8732 | Avg Loss: 10.8732 | LR: 3.44e-04
2025-11-18 00:40:39 | INFO | Epoch 3 | Batch 1460/2500 | Loss: 10.8541 | Avg Loss: 10.8732 | LR: 3.44e-04
2025-11-18 00:40:40 | INFO | Epoch 3 | Batch 1470/2500 | Loss: 10.8628 | Avg Loss: 10.8732 | LR: 3.44e-04
2025-11-18 00:40:40 | INFO | Epoch 3 | Batch 1480/2500 | Loss: 10.8851 | Avg Loss: 10.8732 | LR: 3.44e-04
2025-11-18 00:40:41 | INFO | Epoch 3 | Batch 1490/2500 | Loss: 10.8491 | Avg Loss: 10.8732 | LR: 3.44e-04
2025-11-18 00:40:41 | INFO | Epoch 3 | Batch 1500/2500 | Loss: 10.8586 | Avg Loss: 10.8731 | LR: 3.44e-04
2025-11-18 00:40:41 | INFO | Epoch 3 | Batch 1510/2500 | Loss: 10.8746 | Avg Loss: 10.8731 | LR: 3.44e-04
2025-11-18 00:40:42 | INFO | Epoch 3 | Batch 1520/2500 | Loss: 10.8832 | Avg Loss: 10.8731 | LR: 3.46e-04
2025-11-18 00:40:42 | INFO | Epoch 3 | Batch 1530/2500 | Loss: 10.8777 | Avg Loss: 10.8731 | LR: 3.46e-04
2025-11-18 00:40:43 | INFO | Epoch 3 | Batch 1540/2500 | Loss: 10.8855 | Avg Loss: 10.8731 | LR: 3.46e-04
2025-11-18 00:40:43 | INFO | Epoch 3 | Batch 1550/2500 | Loss: 10.8792 | Avg Loss: 10.8731 | LR: 3.46e-04
2025-11-18 00:40:44 | INFO | Epoch 3 | Batch 1560/2500 | Loss: 10.8787 | Avg Loss: 10.8731 | LR: 3.46e-04
2025-11-18 00:40:44 | INFO | Epoch 3 | Batch 1570/2500 | Loss: 10.8735 | Avg Loss: 10.8731 | LR: 3.46e-04
2025-11-18 00:40:44 | INFO | Epoch 3 | Batch 1580/2500 | Loss: 10.8675 | Avg Loss: 10.8731 | LR: 3.46e-04
2025-11-18 00:40:45 | INFO | Epoch 3 | Batch 1590/2500 | Loss: 10.8899 | Avg Loss: 10.8731 | LR: 3.46e-04
2025-11-18 00:40:45 | INFO | Epoch 3 | Batch 1600/2500 | Loss: 10.8678 | Avg Loss: 10.8731 | LR: 3.48e-04
2025-11-18 00:40:46 | INFO | Epoch 3 | Batch 1610/2500 | Loss: 10.8590 | Avg Loss: 10.8731 | LR: 3.48e-04
2025-11-18 00:40:46 | INFO | Epoch 3 | Batch 1620/2500 | Loss: 10.8898 | Avg Loss: 10.8731 | LR: 3.48e-04
2025-11-18 00:40:46 | INFO | Epoch 3 | Batch 1630/2500 | Loss: 10.8740 | Avg Loss: 10.8730 | LR: 3.48e-04
2025-11-18 00:40:47 | INFO | Epoch 3 | Batch 1640/2500 | Loss: 10.8712 | Avg Loss: 10.8730 | LR: 3.48e-04
2025-11-18 00:40:47 | INFO | Epoch 3 | Batch 1650/2500 | Loss: 10.8921 | Avg Loss: 10.8730 | LR: 3.48e-04
2025-11-18 00:40:48 | INFO | Epoch 3 | Batch 1660/2500 | Loss: 10.8673 | Avg Loss: 10.8730 | LR: 3.48e-04
2025-11-18 00:40:48 | INFO | Epoch 3 | Batch 1670/2500 | Loss: 10.8703 | Avg Loss: 10.8730 | LR: 3.48e-04
2025-11-18 00:40:48 | INFO | Epoch 3 | Batch 1680/2500 | Loss: 10.8689 | Avg Loss: 10.8730 | LR: 3.49e-04
2025-11-18 00:40:49 | INFO | Epoch 3 | Batch 1690/2500 | Loss: 10.8674 | Avg Loss: 10.8730 | LR: 3.49e-04
2025-11-18 00:40:49 | INFO | Epoch 3 | Batch 1700/2500 | Loss: 10.8608 | Avg Loss: 10.8730 | LR: 3.49e-04
2025-11-18 00:40:50 | INFO | Epoch 3 | Batch 1710/2500 | Loss: 10.8661 | Avg Loss: 10.8730 | LR: 3.49e-04
2025-11-18 00:40:50 | INFO | Epoch 3 | Batch 1720/2500 | Loss: 10.8667 | Avg Loss: 10.8730 | LR: 3.49e-04
2025-11-18 00:40:51 | INFO | Epoch 3 | Batch 1730/2500 | Loss: 10.8657 | Avg Loss: 10.8730 | LR: 3.49e-04
2025-11-18 00:40:51 | INFO | Epoch 3 | Batch 1740/2500 | Loss: 10.8812 | Avg Loss: 10.8730 | LR: 3.49e-04
2025-11-18 00:40:51 | INFO | Epoch 3 | Batch 1750/2500 | Loss: 10.8699 | Avg Loss: 10.8730 | LR: 3.49e-04
2025-11-18 00:40:52 | INFO | Epoch 3 | Batch 1760/2500 | Loss: 10.8734 | Avg Loss: 10.8729 | LR: 3.51e-04
2025-11-18 00:40:52 | INFO | Epoch 3 | Batch 1770/2500 | Loss: 10.8703 | Avg Loss: 10.8729 | LR: 3.51e-04
2025-11-18 00:40:53 | INFO | Epoch 3 | Batch 1780/2500 | Loss: 10.8763 | Avg Loss: 10.8729 | LR: 3.51e-04
2025-11-18 00:40:53 | INFO | Epoch 3 | Batch 1790/2500 | Loss: 10.8698 | Avg Loss: 10.8729 | LR: 3.51e-04
2025-11-18 00:40:53 | INFO | Epoch 3 | Batch 1800/2500 | Loss: 10.8777 | Avg Loss: 10.8729 | LR: 3.51e-04
2025-11-18 00:40:54 | INFO | Epoch 3 | Batch 1810/2500 | Loss: 10.8792 | Avg Loss: 10.8729 | LR: 3.51e-04
2025-11-18 00:40:54 | INFO | Epoch 3 | Batch 1820/2500 | Loss: 10.8749 | Avg Loss: 10.8729 | LR: 3.51e-04
2025-11-18 00:40:55 | INFO | Epoch 3 | Batch 1830/2500 | Loss: 10.8704 | Avg Loss: 10.8729 | LR: 3.51e-04
2025-11-18 00:40:55 | INFO | Epoch 3 | Batch 1840/2500 | Loss: 10.8548 | Avg Loss: 10.8729 | LR: 3.53e-04
2025-11-18 00:40:55 | INFO | Epoch 3 | Batch 1850/2500 | Loss: 10.8631 | Avg Loss: 10.8728 | LR: 3.53e-04
2025-11-18 00:40:56 | INFO | Epoch 3 | Batch 1860/2500 | Loss: 10.8734 | Avg Loss: 10.8728 | LR: 3.53e-04
2025-11-18 00:40:56 | INFO | Epoch 3 | Batch 1870/2500 | Loss: 10.8793 | Avg Loss: 10.8728 | LR: 3.53e-04
2025-11-18 00:40:57 | INFO | Epoch 3 | Batch 1880/2500 | Loss: 10.8704 | Avg Loss: 10.8728 | LR: 3.53e-04
2025-11-18 00:40:57 | INFO | Epoch 3 | Batch 1890/2500 | Loss: 10.8663 | Avg Loss: 10.8728 | LR: 3.53e-04
2025-11-18 00:40:58 | INFO | Epoch 3 | Batch 1900/2500 | Loss: 10.8714 | Avg Loss: 10.8728 | LR: 3.53e-04
2025-11-18 00:40:58 | INFO | Epoch 3 | Batch 1910/2500 | Loss: 10.8547 | Avg Loss: 10.8728 | LR: 3.53e-04
2025-11-18 00:40:58 | INFO | Epoch 3 | Batch 1920/2500 | Loss: 10.8737 | Avg Loss: 10.8728 | LR: 3.55e-04
2025-11-18 00:40:59 | INFO | Epoch 3 | Batch 1930/2500 | Loss: 10.8688 | Avg Loss: 10.8728 | LR: 3.55e-04
2025-11-18 00:40:59 | INFO | Epoch 3 | Batch 1940/2500 | Loss: 10.8528 | Avg Loss: 10.8728 | LR: 3.55e-04
2025-11-18 00:41:00 | INFO | Epoch 3 | Batch 1950/2500 | Loss: 10.8868 | Avg Loss: 10.8728 | LR: 3.55e-04
2025-11-18 00:41:00 | INFO | Epoch 3 | Batch 1960/2500 | Loss: 10.8774 | Avg Loss: 10.8728 | LR: 3.55e-04
2025-11-18 00:41:00 | INFO | Epoch 3 | Batch 1970/2500 | Loss: 10.8556 | Avg Loss: 10.8728 | LR: 3.55e-04
2025-11-18 00:41:01 | INFO | Epoch 3 | Batch 1980/2500 | Loss: 10.8759 | Avg Loss: 10.8728 | LR: 3.55e-04
2025-11-18 00:41:01 | INFO | Epoch 3 | Batch 1990/2500 | Loss: 10.8856 | Avg Loss: 10.8728 | LR: 3.55e-04
2025-11-18 00:41:02 | INFO | Epoch 3 | Batch 2000/2500 | Loss: 10.8745 | Avg Loss: 10.8728 | LR: 3.57e-04
2025-11-18 00:41:02 | INFO | Epoch 3 | Batch 2010/2500 | Loss: 10.8779 | Avg Loss: 10.8728 | LR: 3.57e-04
2025-11-18 00:41:02 | INFO | Epoch 3 | Batch 2020/2500 | Loss: 10.8729 | Avg Loss: 10.8728 | LR: 3.57e-04
2025-11-18 00:41:03 | INFO | Epoch 3 | Batch 2030/2500 | Loss: 10.8536 | Avg Loss: 10.8728 | LR: 3.57e-04
2025-11-18 00:41:03 | INFO | Epoch 3 | Batch 2040/2500 | Loss: 10.8658 | Avg Loss: 10.8728 | LR: 3.57e-04
2025-11-18 00:41:04 | INFO | Epoch 3 | Batch 2050/2500 | Loss: 10.8796 | Avg Loss: 10.8728 | LR: 3.57e-04
2025-11-18 00:41:04 | INFO | Epoch 3 | Batch 2060/2500 | Loss: 10.8659 | Avg Loss: 10.8728 | LR: 3.57e-04
2025-11-18 00:41:05 | INFO | Epoch 3 | Batch 2070/2500 | Loss: 10.8759 | Avg Loss: 10.8727 | LR: 3.57e-04
2025-11-18 00:41:05 | INFO | Epoch 3 | Batch 2080/2500 | Loss: 10.8749 | Avg Loss: 10.8727 | LR: 3.58e-04
2025-11-18 00:41:05 | INFO | Epoch 3 | Batch 2090/2500 | Loss: 10.8723 | Avg Loss: 10.8727 | LR: 3.58e-04
2025-11-18 00:41:06 | INFO | Epoch 3 | Batch 2100/2500 | Loss: 10.8696 | Avg Loss: 10.8727 | LR: 3.58e-04
2025-11-18 00:41:06 | INFO | Epoch 3 | Batch 2110/2500 | Loss: 10.8699 | Avg Loss: 10.8727 | LR: 3.58e-04
2025-11-18 00:41:07 | INFO | Epoch 3 | Batch 2120/2500 | Loss: 10.8756 | Avg Loss: 10.8727 | LR: 3.58e-04
2025-11-18 00:41:07 | INFO | Epoch 3 | Batch 2130/2500 | Loss: 10.8633 | Avg Loss: 10.8727 | LR: 3.58e-04
2025-11-18 00:41:07 | INFO | Epoch 3 | Batch 2140/2500 | Loss: 10.8745 | Avg Loss: 10.8726 | LR: 3.58e-04
2025-11-18 00:41:08 | INFO | Epoch 3 | Batch 2150/2500 | Loss: 10.8593 | Avg Loss: 10.8726 | LR: 3.58e-04
2025-11-18 00:41:08 | INFO | Epoch 3 | Batch 2160/2500 | Loss: 10.8849 | Avg Loss: 10.8726 | LR: 3.60e-04
2025-11-18 00:41:09 | INFO | Epoch 3 | Batch 2170/2500 | Loss: 10.8683 | Avg Loss: 10.8726 | LR: 3.60e-04
2025-11-18 00:41:09 | INFO | Epoch 3 | Batch 2180/2500 | Loss: 10.8709 | Avg Loss: 10.8726 | LR: 3.60e-04
2025-11-18 00:41:09 | INFO | Epoch 3 | Batch 2190/2500 | Loss: 10.8691 | Avg Loss: 10.8726 | LR: 3.60e-04
2025-11-18 00:41:10 | INFO | Epoch 3 | Batch 2200/2500 | Loss: 10.8654 | Avg Loss: 10.8726 | LR: 3.60e-04
2025-11-18 00:41:10 | INFO | Epoch 3 | Batch 2210/2500 | Loss: 10.8743 | Avg Loss: 10.8726 | LR: 3.60e-04
2025-11-18 00:41:11 | INFO | Epoch 3 | Batch 2220/2500 | Loss: 10.8527 | Avg Loss: 10.8726 | LR: 3.60e-04
2025-11-18 00:41:11 | INFO | Epoch 3 | Batch 2230/2500 | Loss: 10.8616 | Avg Loss: 10.8726 | LR: 3.60e-04
2025-11-18 00:41:12 | INFO | Epoch 3 | Batch 2240/2500 | Loss: 10.8524 | Avg Loss: 10.8726 | LR: 3.62e-04
2025-11-18 00:41:12 | INFO | Epoch 3 | Batch 2250/2500 | Loss: 10.8753 | Avg Loss: 10.8726 | LR: 3.62e-04
2025-11-18 00:41:12 | INFO | Epoch 3 | Batch 2260/2500 | Loss: 10.8737 | Avg Loss: 10.8726 | LR: 3.62e-04
2025-11-18 00:41:13 | INFO | Epoch 3 | Batch 2270/2500 | Loss: 10.8756 | Avg Loss: 10.8726 | LR: 3.62e-04
2025-11-18 00:41:13 | INFO | Epoch 3 | Batch 2280/2500 | Loss: 10.8837 | Avg Loss: 10.8726 | LR: 3.62e-04
2025-11-18 00:41:14 | INFO | Epoch 3 | Batch 2290/2500 | Loss: 10.8685 | Avg Loss: 10.8726 | LR: 3.62e-04
2025-11-18 00:41:14 | INFO | Epoch 3 | Batch 2300/2500 | Loss: 10.8547 | Avg Loss: 10.8726 | LR: 3.62e-04
2025-11-18 00:41:14 | INFO | Epoch 3 | Batch 2310/2500 | Loss: 10.8744 | Avg Loss: 10.8726 | LR: 3.62e-04
2025-11-18 00:41:15 | INFO | Epoch 3 | Batch 2320/2500 | Loss: 10.8688 | Avg Loss: 10.8726 | LR: 3.64e-04
2025-11-18 00:41:15 | INFO | Epoch 3 | Batch 2330/2500 | Loss: 10.8657 | Avg Loss: 10.8726 | LR: 3.64e-04
2025-11-18 00:41:16 | INFO | Epoch 3 | Batch 2340/2500 | Loss: 10.8734 | Avg Loss: 10.8725 | LR: 3.64e-04
2025-11-18 00:41:16 | INFO | Epoch 3 | Batch 2350/2500 | Loss: 10.8727 | Avg Loss: 10.8725 | LR: 3.64e-04
2025-11-18 00:41:16 | INFO | Epoch 3 | Batch 2360/2500 | Loss: 10.8661 | Avg Loss: 10.8725 | LR: 3.64e-04
2025-11-18 00:41:17 | INFO | Epoch 3 | Batch 2370/2500 | Loss: 10.8734 | Avg Loss: 10.8725 | LR: 3.64e-04
2025-11-18 00:41:17 | INFO | Epoch 3 | Batch 2380/2500 | Loss: 10.8841 | Avg Loss: 10.8725 | LR: 3.64e-04
2025-11-18 00:41:18 | INFO | Epoch 3 | Batch 2390/2500 | Loss: 10.8693 | Avg Loss: 10.8725 | LR: 3.64e-04
2025-11-18 00:41:18 | INFO | Epoch 3 | Batch 2400/2500 | Loss: 10.8763 | Avg Loss: 10.8725 | LR: 3.66e-04
2025-11-18 00:41:19 | INFO | Epoch 3 | Batch 2410/2500 | Loss: 10.8762 | Avg Loss: 10.8725 | LR: 3.66e-04
2025-11-18 00:41:19 | INFO | Epoch 3 | Batch 2420/2500 | Loss: 10.8747 | Avg Loss: 10.8725 | LR: 3.66e-04
2025-11-18 00:41:19 | INFO | Epoch 3 | Batch 2430/2500 | Loss: 10.8618 | Avg Loss: 10.8724 | LR: 3.66e-04
2025-11-18 00:41:20 | INFO | Epoch 3 | Batch 2440/2500 | Loss: 10.8702 | Avg Loss: 10.8724 | LR: 3.66e-04
2025-11-18 00:41:20 | INFO | Epoch 3 | Batch 2450/2500 | Loss: 10.8830 | Avg Loss: 10.8725 | LR: 3.66e-04
2025-11-18 00:41:21 | INFO | Epoch 3 | Batch 2460/2500 | Loss: 10.8701 | Avg Loss: 10.8724 | LR: 3.66e-04
2025-11-18 00:41:21 | INFO | Epoch 3 | Batch 2470/2500 | Loss: 10.8680 | Avg Loss: 10.8724 | LR: 3.66e-04
2025-11-18 00:41:21 | INFO | Epoch 3 | Batch 2480/2500 | Loss: 10.8581 | Avg Loss: 10.8724 | LR: 3.67e-04
2025-11-18 00:41:22 | INFO | Epoch 3 | Batch 2490/2500 | Loss: 10.8645 | Avg Loss: 10.8724 | LR: 3.67e-04
2025-11-18 00:41:22 | INFO | ✅ Epoch 3 - Train Loss: 10.8724
2025-11-18 00:41:38 | INFO | 📈 Validation Loss: 10.8654
2025-11-18 00:41:43 | INFO | 💾 Saved checkpoint (val_loss: 10.8654)
2025-11-18 00:41:43 | INFO | 
================================================================================
2025-11-18 00:41:43 | INFO | ✅ TRAINING COMPLETE
2025-11-18 00:41:43 | INFO | ================================================================================
2025-11-18 00:41:43 | INFO | 📊 Summary:
2025-11-18 00:41:43 | INFO |    Total epochs: 3
2025-11-18 00:41:43 | INFO |    Best validation loss: 10.8654
2025-11-18 00:41:43 | INFO |    Model parameters: 325,731,832
2025-11-18 00:41:43 | INFO |    Save directory: ./checkpoints
