2025-11-17 23:52:44 | INFO | ================================================================================
2025-11-17 23:52:44 | INFO | 🚀 STARTING 100M PARAMETER TRAINING
2025-11-17 23:52:44 | INFO | ================================================================================
2025-11-17 23:52:44 | INFO | Device: cuda:0
2025-11-17 23:52:44 | INFO | Distributed: Rank 0/1
2025-11-17 23:52:44 | INFO | Loaded config from code/configs/moe/tiny_moe.yaml
2025-11-17 23:52:44 | INFO | 
📊 Training Config:
2025-11-17 23:52:44 | INFO |    Epochs: 3
2025-11-17 23:52:44 | INFO |    Batch size: 16
2025-11-17 23:52:44 | INFO |    Learning rate: 2.00e-03
2025-11-17 23:52:44 | INFO |    Gradient accumulation: 1
2025-11-17 23:52:44 | INFO | 
🤖 Creating model...
2025-11-17 23:52:44 | INFO |    Parameters: 179,422,712 (179.4M)
2025-11-17 23:52:44 | INFO | 
⚡ Setting up optimizer and scheduler...
2025-11-17 23:52:45 | INFO | 
📊 Creating dataloaders...
2025-11-17 23:52:45 | INFO | 
================================================================================
2025-11-17 23:52:45 | INFO | 🏋️  STARTING TRAINING
2025-11-17 23:52:45 | INFO | ================================================================================
2025-11-17 23:52:45 | INFO | Epoch 1 | Batch 0/625 | Loss: 10.9974 | Avg Loss: 10.9974 | LR: 2.02e-04
