2025-11-17 23:52:24 | INFO | ================================================================================
2025-11-17 23:52:24 | INFO | 🚀 STARTING 100M PARAMETER TRAINING
2025-11-17 23:52:24 | INFO | ================================================================================
2025-11-17 23:52:24 | INFO | Device: cuda:0
2025-11-17 23:52:24 | INFO | Distributed: Rank 0/1
2025-11-17 23:52:24 | INFO | 
📊 Training Config:
2025-11-17 23:52:24 | INFO |    Epochs: 1
2025-11-17 23:52:24 | INFO |    Batch size: 2
2025-11-17 23:52:24 | INFO |    Learning rate: 5.00e-05
2025-11-17 23:52:24 | INFO |    Gradient accumulation: 1
2025-11-17 23:52:24 | INFO | 
🤖 Creating model...
2025-11-17 23:52:24 | INFO |    Parameters: 162,951,160 (163.0M)
2025-11-17 23:52:24 | INFO | 
⚡ Setting up optimizer and scheduler...
2025-11-17 23:52:25 | INFO | 
📊 Creating dataloaders...
2025-11-17 23:52:25 | INFO | 
================================================================================
2025-11-17 23:52:25 | INFO | 🏋️  STARTING TRAINING
2025-11-17 23:52:25 | INFO | ================================================================================
2025-11-17 23:52:25 | INFO | Epoch 1 | Batch 0/5000 | Loss: 10.9847 | Avg Loss: 10.9847 | LR: 5.04e-06
2025-11-17 23:52:29 | INFO | Epoch 1 | Batch 50/5000 | Loss: 11.0194 | Avg Loss: 11.0042 | LR: 7.29e-06
